============================================================
  Generated by:           Genus(TM) Synthesis Solution 17.22-s017_1
  Generated on:           Mar 01 2023  09:25:47 pm
  Module:                 pinaka
  Operating conditions:   WCCOM (balanced_tree)
  Wireload mode:          segmented
  Area mode:              timing library
============================================================

                                      Leakage    Dynamic      Total    
           Instance           Cells  Power(nW)  Power(nW)   Power(nW)  
-----------------------------------------------------------------------
pinaka                        72026 119437.299 9777634.521 9897071.820 
  mmu_instance_u_tlb_u_ltlb   10466  17009.117   89309.361  106318.478 
    RC_CG_HIER_INST546            1      1.839    2626.746    2628.585 
    RC_CG_HIER_INST547            1      1.839    2626.746    2628.585 
    RC_CG_HIER_INST548            1      1.839    2626.746    2628.585 
    RC_CG_HIER_INST549            1      1.839    2626.746    2628.585 
    RC_CG_HIER_INST550            1      1.839    2626.746    2628.585 
    RC_CG_HIER_INST551            1      1.839    2626.746    2628.585 
    RC_CG_HIER_INST552            1      1.839    2626.746    2628.585 
    RC_CG_HIER_INST553            1      1.839    2626.746    2628.585 
    RC_CG_HIER_INST554            1      1.839    2626.746    2628.585 
    RC_CG_HIER_INST555            1      1.839    2626.746    2628.585 
    RC_CG_HIER_INST556            1      1.839    2626.746    2628.585 
    RC_CG_HIER_INST557            1      1.839    2626.746    2628.585 
    RC_CG_HIER_INST558            1      1.839    2626.746    2628.585 
    RC_CG_HIER_INST559            1      1.839    2626.746    2628.585 
    RC_CG_HIER_INST560            1      1.839    2626.746    2628.585 
    RC_CG_HIER_INST561            1      1.839    2626.746    2628.585 
    RC_CG_HIER_INST562            1      1.839    2626.746    2628.585 
    RC_CG_HIER_INST563            1      1.839    2626.746    2628.585 
    RC_CG_HIER_INST564            1      1.839    2626.746    2628.585 
    RC_CG_HIER_INST565            1      1.839    2626.746    2628.585 
    RC_CG_HIER_INST566            1      1.839    2626.746    2628.585 
    RC_CG_HIER_INST567            1      1.839    2626.746    2628.585 
    RC_CG_HIER_INST568            1      1.839    2626.746    2628.585 
    RC_CG_HIER_INST569            1      1.839    2626.746    2628.585 
    RC_CG_HIER_INST570            1      1.839    2626.746    2628.585 
    RC_CG_HIER_INST571            1      1.839    2626.746    2628.585 
    RC_CG_HIER_INST572            1      1.839    2626.746    2628.585 
    RC_CG_HIER_INST573            1      1.839    2626.746    2628.585 
    RC_CG_HIER_INST574            1      1.839    2626.746    2628.585 
    RC_CG_HIER_INST575            1      1.839    2626.746    2628.585 
    RC_CG_HIER_INST576            1      1.839    2626.746    2628.585 
    RC_CG_HIER_INST577            1      1.839    2626.746    2628.585 
    RC_CG_HIER_INST578            1      1.839    2626.746    2628.585 
    u_l2_repla.._HIER_INST579     1      1.839    2626.746    2628.585 
  basic_isa_instance           9559  15191.482  527513.157  542704.639 
    u_if_u_pc_.._HIER_INST135     1      2.809    2687.181    2689.990 
    RC_CG_HIER_INST80             1      2.809    2677.363    2680.171 
    RC_CG_HIER_INST81             1      2.809    2677.363    2680.171 
    u_ex_mem_R.._HIER_INST114     1      2.809    2677.363    2680.171 
    u_id_ex_RC.._HIER_INST115     1      2.809    2677.363    2680.171 
    u_if_id_RC.._HIER_INST116     1      2.809    2677.363    2680.171 
    u_if_u_btb.._HIER_INST118     1      2.809    2677.363    2680.171 
    u_if_u_btb.._HIER_INST119     1      2.809    2677.363    2680.171 
    u_if_u_btb.._HIER_INST120     1      2.809    2677.363    2680.171 
    u_if_u_btb.._HIER_INST121     1      2.809    2677.363    2680.171 
    u_if_u_btb.._HIER_INST122     1      2.809    2677.363    2680.171 
    u_if_u_btb.._HIER_INST123     1      2.809    2677.363    2680.171 
    u_if_u_btb.._HIER_INST124     1      2.809    2677.363    2680.171 
    u_if_u_btb.._HIER_INST125     1      2.809    2677.363    2680.171 
    u_if_u_btb.._HIER_INST126     1      2.809    2677.363    2680.171 
    u_if_u_btb.._HIER_INST127     1      2.809    2677.363    2680.171 
    u_if_u_btb.._HIER_INST128     1      2.809    2677.363    2680.171 
    u_if_u_btb.._HIER_INST129     1      2.809    2677.363    2680.171 
    u_if_u_btb.._HIER_INST130     1      2.809    2677.363    2680.171 
    u_if_u_btb.._HIER_INST131     1      2.809    2677.363    2680.171 
    u_if_u_btb.._HIER_INST132     1      2.809    2677.363    2680.171 
    u_if_u_btb.._HIER_INST133     1      2.809    2677.363    2680.171 
    u_if_u_btb.._HIER_INST134     1      2.809    2677.363    2680.171 
    u_mem_wb_R.._HIER_INST136     1      2.809    2677.363    2680.171 
    u_trace_co.._HIER_INST138     1      2.809    2677.363    2680.171 
    u_if_id_RC.._HIER_INST117     1      2.574   17040.438   17043.012 
    RC_CG_HIER_INST82             1      2.571    7781.083    7783.654 
    u_trace_co.._HIER_INST137     1      1.839    2626.746    2628.585 
    u_decode_u..G_HIER_INST83     1      1.839    2626.746    2628.585 
    u_decode_u..G_HIER_INST84     1      1.839    2626.746    2628.585 
    u_decode_u..G_HIER_INST85     1      1.839    2626.746    2628.585 
    u_decode_u..G_HIER_INST86     1      1.839    2626.746    2628.585 
    u_decode_u..G_HIER_INST87     1      1.839    2626.746    2628.585 
    u_decode_u..G_HIER_INST88     1      1.839    2626.746    2628.585 
    u_decode_u..G_HIER_INST89     1      1.839    2626.746    2628.585 
    u_decode_u..G_HIER_INST90     1      1.839    2626.746    2628.585 
    u_decode_u..G_HIER_INST91     1      1.839    2626.746    2628.585 
    u_decode_u..G_HIER_INST92     1      1.839    2626.746    2628.585 
    u_decode_u..G_HIER_INST93     1      1.839    2626.746    2628.585 
    u_decode_u..G_HIER_INST94     1      1.839    2626.746    2628.585 
    u_decode_u..G_HIER_INST95     1      1.839    2626.746    2628.585 
    u_decode_u..G_HIER_INST96     1      1.839    2626.746    2628.585 
    u_decode_u..G_HIER_INST97     1      1.839    2626.746    2628.585 
    u_decode_u..G_HIER_INST98     1      1.839    2626.746    2628.585 
    u_decode_u..G_HIER_INST99     1      1.839    2626.746    2628.585 
    u_decode_u.._HIER_INST100     1      1.839    2626.746    2628.585 
    u_decode_u.._HIER_INST101     1      1.839    2626.746    2628.585 
    u_decode_u.._HIER_INST102     1      1.839    2626.746    2628.585 
    u_decode_u.._HIER_INST103     1      1.839    2626.746    2628.585 
    u_decode_u.._HIER_INST104     1      1.839    2626.746    2628.585 
    u_decode_u.._HIER_INST105     1      1.839    2626.746    2628.585 
    u_decode_u.._HIER_INST106     1      1.839    2626.746    2628.585 
    u_decode_u.._HIER_INST107     1      1.839    2626.746    2628.585 
    u_decode_u.._HIER_INST108     1      1.839    2626.746    2628.585 
    u_decode_u.._HIER_INST109     1      1.839    2626.746    2628.585 
    u_decode_u.._HIER_INST110     1      1.839    2626.746    2628.585 
    u_decode_u.._HIER_INST111     1      1.839    2626.746    2628.585 
    u_decode_u.._HIER_INST112     1      1.839    2626.746    2628.585 
    u_decode_u.._HIER_INST113     1      1.839    2626.746    2628.585 
  pte_wrappe.._u_pte_memory    3688   7944.983  277850.482  285795.465 
    RC_CG_HIER_INST599            1      1.839    2626.746    2628.585 
    RC_CG_HIER_INST600            1      1.839    2626.746    2628.585 
    RC_CG_HIER_INST601            1      1.839    2626.746    2628.585 
    RC_CG_HIER_INST602            1      1.839    2626.746    2628.585 
    RC_CG_HIER_INST603            1      1.839    2626.746    2628.585 
    RC_CG_HIER_INST604            1      1.839    2626.746    2628.585 
    RC_CG_HIER_INST605            1      1.839    2626.746    2628.585 
    RC_CG_HIER_INST606            1      1.839    2626.746    2628.585 
    RC_CG_HIER_INST607            1      1.839    2626.746    2628.585 
    RC_CG_HIER_INST608            1      1.839    2626.746    2628.585 
    RC_CG_HIER_INST609            1      1.839    2626.746    2628.585 
    RC_CG_HIER_INST610            1      1.839    2626.746    2628.585 
    RC_CG_HIER_INST611            1      1.839    2626.746    2628.585 
    RC_CG_HIER_INST612            1      1.839    2626.746    2628.585 
    RC_CG_HIER_INST613            1      1.839    2626.746    2628.585 
    RC_CG_HIER_INST614            1      1.839    2626.746    2628.585 
    RC_CG_HIER_INST615            1      1.839    2626.746    2628.585 
    RC_CG_HIER_INST616            1      1.839    2626.746    2628.585 
    RC_CG_HIER_INST617            1      1.839    2626.746    2628.585 
    RC_CG_HIER_INST618            1      1.839    2626.746    2628.585 
    RC_CG_HIER_INST619            1      1.839    2626.746    2628.585 
    RC_CG_HIER_INST620            1      1.839    2626.746    2628.585 
    RC_CG_HIER_INST621            1      1.839    2626.746    2628.585 
    RC_CG_HIER_INST622            1      1.839    2626.746    2628.585 
    RC_CG_HIER_INST623            1      1.839    2626.746    2628.585 
    RC_CG_HIER_INST624            1      1.839    2626.746    2628.585 
    RC_CG_HIER_INST625            1      1.839    2626.746    2628.585 
    RC_CG_HIER_INST626            1      1.839    2626.746    2628.585 
    RC_CG_HIER_INST627            1      1.839    2626.746    2628.585 
    RC_CG_HIER_INST628            1      1.839    2626.746    2628.585 
    RC_CG_HIER_INST629            1      1.839    2626.746    2628.585 
    RC_CG_HIER_INST630            1      1.839    2626.746    2628.585 
    RC_CG_HIER_INST631            1      1.839    2626.746    2628.585 
    RC_CG_HIER_INST632            1      1.839    2626.746    2628.585 
    RC_CG_HIER_INST633            1      1.839    2626.746    2628.585 
    RC_CG_HIER_INST634            1      1.839    2626.746    2628.585 
    RC_CG_HIER_INST635            1      1.839    2626.746    2628.585 
    RC_CG_HIER_INST636            1      1.839    2626.746    2628.585 
    RC_CG_HIER_INST637            1      1.839    2626.746    2628.585 
    RC_CG_HIER_INST638            1      1.839    2626.746    2628.585 
    RC_CG_HIER_INST639            1      1.839    2626.746    2628.585 
    RC_CG_HIER_INST640            1      1.839    2626.746    2628.585 
    RC_CG_HIER_INST641            1      1.839    2626.746    2628.585 
    RC_CG_HIER_INST642            1      1.839    2626.746    2628.585 
    RC_CG_HIER_INST643            1      1.839    2626.746    2628.585 
    RC_CG_HIER_INST644            1      1.839    2626.746    2628.585 
    RC_CG_HIER_INST645            1      1.839    2626.746    2628.585 
    RC_CG_HIER_INST646            1      1.839    2626.746    2628.585 
    RC_CG_HIER_INST647            1      1.839    2626.746    2628.585 
    RC_CG_HIER_INST648            1      1.839    2626.746    2628.585 
    RC_CG_HIER_INST649            1      1.839    2626.746    2628.585 
    RC_CG_HIER_INST650            1      1.839    2626.746    2628.585 
    RC_CG_HIER_INST651            1      1.839    2626.746    2628.585 
    RC_CG_HIER_INST652            1      1.839    2626.746    2628.585 
    RC_CG_HIER_INST653            1      1.839    2626.746    2628.585 
    RC_CG_HIER_INST654            1      1.839    2626.746    2628.585 
    RC_CG_HIER_INST655            1      1.839    2626.746    2628.585 
    RC_CG_HIER_INST656            1      1.839    2626.746    2628.585 
    RC_CG_HIER_INST657            1      1.839    2626.746    2628.585 
    RC_CG_HIER_INST658            1      1.839    2626.746    2628.585 
    RC_CG_HIER_INST659            1      1.839    2626.746    2628.585 
    RC_CG_HIER_INST660            1      1.839    2626.746    2628.585 
    RC_CG_HIER_INST661            1      1.839    2626.746    2628.585 
    RC_CG_HIER_INST662            1      1.839    2626.746    2628.585 
    RC_CG_HIER_INST598            1      1.797   15447.355   15449.152 
  debug_module_instance        4500   7480.062 1208956.416 1216436.479 
    u_sba_fsm_.._HIER_INST323     1      2.568    4093.451    4096.020 
    u_dtm_cdc_.._HIER_INST314     1      1.855     115.639     117.495 
    u_sba_fsm_.._HIER_INST320     1      1.839    1333.147    1334.985 
    RC_CG_HIER_INST265            1      1.839      13.134      14.972 
    RC_CG_HIER_INST266            1      1.839      13.134      14.972 
    u_ace_RC_CG_HIER_INST267      1      1.839    1313.373    1315.212 
    u_ace_RC_CG_HIER_INST268      1      1.839    1313.373    1315.212 
    u_ace_RC_CG_HIER_INST269      1      1.839    1313.373    1315.212 
    u_ace_RC_CG_HIER_INST270      1      1.839    1313.373    1315.212 
    u_ace_RC_CG_HIER_INST271      1      1.839    1313.373    1315.212 
    u_dm_regfi.._HIER_INST272     1      1.839    1313.373    1315.212 
    u_dm_regfi.._HIER_INST273     1      1.839    1313.373    1315.212 
    u_dm_regfi.._HIER_INST274     1      1.839    1313.373    1315.212 
    u_dm_regfi.._HIER_INST275     1      1.839    1313.373    1315.212 
    u_dm_regfi.._HIER_INST276     1      1.839    1313.373    1315.212 
    u_dm_regfi.._HIER_INST277     1      1.839    1313.373    1315.212 
    u_dm_regfi.._HIER_INST278     1      1.839    1313.373    1315.212 
    u_dm_regfi.._HIER_INST279     1      1.839    1313.373    1315.212 
    u_dm_regfi.._HIER_INST280     1      1.839    1313.373    1315.212 
    u_dm_regfi.._HIER_INST281     1      1.839    1313.373    1315.212 
    u_dm_regfi.._HIER_INST282     1      1.839    1313.373    1315.212 
    u_dm_regfi.._HIER_INST283     1      1.839    1313.373    1315.212 
    u_dm_regfi.._HIER_INST284     1      1.839    1313.373    1315.212 
    u_dm_regfi.._HIER_INST285     1      1.839    1313.373    1315.212 
    u_dm_regfi.._HIER_INST286     1      1.839    1313.373    1315.212 
    u_dm_regfi.._HIER_INST287     1      1.839    1313.373    1315.212 
    u_dm_regfi.._HIER_INST288     1      1.839    1313.373    1315.212 
    u_dm_regfi.._HIER_INST289     1      1.839    1313.373    1315.212 
    u_dm_regfi.._HIER_INST290     1      1.839    1313.373    1315.212 
    u_dm_regfi.._HIER_INST291     1      1.839    1313.373    1315.212 
    u_dm_regfi.._HIER_INST292     1      1.839    1313.373    1315.212 
    u_dm_regfi.._HIER_INST293     1      1.839    1313.373    1315.212 
    u_dm_regfi.._HIER_INST294     1      1.839    1313.373    1315.212 
    u_dm_regfi.._HIER_INST295     1      1.839    1313.373    1315.212 
    u_dm_regfi.._HIER_INST296     1      1.839    1313.373    1315.212 
    u_dm_regfi.._HIER_INST297     1      1.839    1313.373    1315.212 
    u_dm_regfi.._HIER_INST298     1      1.839    1313.373    1315.212 
    u_dm_regfi.._HIER_INST299     1      1.839    1313.373    1315.212 
    u_dm_regfi.._HIER_INST300     1      1.839    1313.373    1315.212 
    u_dm_regfi.._HIER_INST301     1      1.839    1313.373    1315.212 
    u_dm_regfi.._HIER_INST302     1      1.839    1313.373    1315.212 
    u_dm_regfi.._HIER_INST303     1      1.839    1313.373    1315.212 
    u_dm_regfi.._HIER_INST304     1      1.839    1313.373    1315.212 
    u_dm_regfi.._HIER_INST305     1      1.839    1313.373    1315.212 
    u_dm_regfi.._HIER_INST306     1      1.839    1313.373    1315.212 
    u_dm_regfi.._HIER_INST307     1      1.839    1313.373    1315.212 
    u_dmi_dr_R.._HIER_INST308     1      1.839      13.134      14.972 
    u_dmi_dr_R.._HIER_INST309     1      1.839      13.134      14.972 
    u_dmi_requ.._HIER_INST311     1      1.839    1313.373    1315.212 
    u_dmi_requ.._HIER_INST312     1      1.839    1313.373    1315.212 
    u_dtm_cdc_.._HIER_INST313     1      1.839    1313.373    1315.212 
    u_dtmcs_re.._HIER_INST315     1      1.839      13.134      14.972 
    u_idcode_R.._HIER_INST316     1      1.839      13.134      14.972 
    u_program_.._HIER_INST317     1      1.839    1313.373    1315.212 
    u_program_.._HIER_INST318     1      1.839    1313.373    1315.212 
    u_sba_fsm_.._HIER_INST321     1      1.839    1313.373    1315.212 
    u_sba_fsm_.._HIER_INST322     1      1.839    1313.373    1315.212 
    u_dmi_dr_R.._HIER_INST310     1      1.813     105.096     106.909 
    u_resp_buf.._HIER_INST319     1      1.797     101.089     102.886 
    u_tap_RC_CG_HIER_INST324      1      1.797      35.175      36.972 
  axi2apb_instance             4576   7104.208  870812.630  877916.839 
    RC_CG_HIER_INST1              1      2.809    2687.405    2690.214 
    write_fifo..G_HIER_INST65     1      2.809    2677.363    2680.171 
    write_fifo..G_HIER_INST66     1      2.809    2677.363    2680.171 
    write_fifo..G_HIER_INST67     1      2.809    2677.363    2680.171 
    write_fifo..G_HIER_INST68     1      2.809    2677.363    2680.171 
    apb_m_RC_CG_HIER_INST5        1      1.839    1343.247    1345.086 
    apb_m_RC_CG_HIER_INST7        1      1.839    1343.136    1344.975 
    RC_CG_HIER_INST2              1      1.839    1333.176    1335.015 
    RC_CG_HIER_INST3              1      1.839    1323.352    1325.191 
    rdata_fifo..G_HIER_INST18     1      1.839    2636.974    2638.813 
    trace_fifo..G_HIER_INST61     1      1.839    2636.910    2638.749 
    trace_fifo..G_HIER_INST63     1      1.839    2636.893    2638.732 
    rdata_fifo..G_HIER_INST15     1      1.839    1323.210    1325.048 
    slave_RC_CG_HIER_INST24       1      1.839    2636.716    2638.555 
    RC_CG_HIER_INST4              1      1.839    1313.373    1315.212 
    apb_m_RC_CG_HIER_INST6        1      1.839    1313.373    1315.212 
    raddr_fifo..CG_HIER_INST9     1      1.839    2626.746    2628.585 
    raddr_fifo..G_HIER_INST10     1      1.839    2626.746    2628.585 
    raddr_fifo..G_HIER_INST11     1      1.839    2626.746    2628.585 
    raddr_fifo..G_HIER_INST12     1      1.839    2626.746    2628.585 
    raddr_fifo..G_HIER_INST13     1      1.839    1313.373    1315.212 
    rdata_fifo..G_HIER_INST14     1      1.839    1313.373    1315.212 
    rdata_fifo..G_HIER_INST16     1      1.839    1313.373    1315.212 
    rdata_fifo..G_HIER_INST17     1      1.839    1313.373    1315.212 
    slave_RC_CG_HIER_INST20       1      1.839    2626.746    2628.585 
    slave_RC_CG_HIER_INST21       1      1.839    2626.746    2628.585 
    slave_RC_CG_HIER_INST22       1      1.839    2626.746    2628.585 
    slave_RC_CG_HIER_INST23       1      1.839    2626.746    2628.585 
    slave_RC_CG_HIER_INST25       1      1.839    2626.746    2628.585 
    trace_fifo..G_HIER_INST31     1      1.839    2626.746    2628.585 
    trace_fifo..G_HIER_INST32     1      1.839    2626.746    2628.585 
    trace_fifo..G_HIER_INST33     1      1.839    2626.746    2628.585 
    trace_fifo..G_HIER_INST34     1      1.839    2626.746    2628.585 
    trace_fifo..G_HIER_INST35     1      1.839    2626.746    2628.585 
    trace_fifo..G_HIER_INST36     1      1.839    2626.746    2628.585 
    trace_fifo..G_HIER_INST37     1      1.839    2626.746    2628.585 
    trace_fifo..G_HIER_INST38     1      1.839    2626.746    2628.585 
    trace_fifo..G_HIER_INST39     1      1.839    2626.746    2628.585 
    trace_fifo..G_HIER_INST40     1      1.839    2626.746    2628.585 
    trace_fifo..G_HIER_INST41     1      1.839    2626.746    2628.585 
    trace_fifo..G_HIER_INST42     1      1.839    2626.746    2628.585 
    trace_fifo..G_HIER_INST43     1      1.839    2626.746    2628.585 
    trace_fifo..G_HIER_INST44     1      1.839    2626.746    2628.585 
    trace_fifo..G_HIER_INST45     1      1.839    2626.746    2628.585 
    trace_fifo..G_HIER_INST46     1      1.839    2626.746    2628.585 
    trace_fifo..G_HIER_INST47     1      1.839    2626.746    2628.585 
    trace_fifo..G_HIER_INST48     1      1.839    2626.746    2628.585 
    trace_fifo..G_HIER_INST49     1      1.839    2626.746    2628.585 
    trace_fifo..G_HIER_INST50     1      1.839    2626.746    2628.585 
    trace_fifo..G_HIER_INST51     1      1.839    2626.746    2628.585 
    trace_fifo..G_HIER_INST52     1      1.839    2626.746    2628.585 
    trace_fifo..G_HIER_INST53     1      1.839    2626.746    2628.585 
    trace_fifo..G_HIER_INST54     1      1.839    2626.746    2628.585 
    trace_fifo..G_HIER_INST55     1      1.839    2626.746    2628.585 
    trace_fifo..G_HIER_INST56     1      1.839    2626.746    2628.585 
    trace_fifo..G_HIER_INST57     1      1.839    2626.746    2628.585 
    trace_fifo..G_HIER_INST58     1      1.839    2626.746    2628.585 
    trace_fifo..G_HIER_INST59     1      1.839    2626.746    2628.585 
    trace_fifo..G_HIER_INST60     1      1.839    2626.746    2628.585 
    trace_fifo..G_HIER_INST62     1      1.839    2626.746    2628.585 
    trace_fifo..G_HIER_INST64     1      1.839    1313.373    1315.212 
    write_fifo..G_HIER_INST69     1      1.839    1313.373    1315.212 
    slave_RC_CG_HIER_INST26       1      1.797    7722.604    7724.401 
    slave_RC_CG_HIER_INST30       1      1.797    6065.926    6067.723 
    arbtr_RC_CG_HIER_INST8        1      1.797    3058.850    3060.647 
    slave_RC_CG_HIER_INST19       1      1.797   15447.355   15449.152 
    slave_RC_CG_HIER_INST27       1      1.797    7716.309    7718.106 
    slave_RC_CG_HIER_INST28       1      1.797    6335.766    6337.562 
    slave_RC_CG_HIER_INST29       1      1.797    6427.802    6429.599 
  mmu_instance_u_tlb_u_dtlb    3329   5509.166   47281.427   52790.593 
    RC_CG_HIER_INST510            1      1.839    2626.746    2628.585 
    RC_CG_HIER_INST511            1      1.839    2626.746    2628.585 
    RC_CG_HIER_INST512            1      1.839    2626.746    2628.585 
    RC_CG_HIER_INST513            1      1.839    2626.746    2628.585 
    RC_CG_HIER_INST514            1      1.839    2626.746    2628.585 
    RC_CG_HIER_INST515            1      1.839    2626.746    2628.585 
    RC_CG_HIER_INST516            1      1.839    2626.746    2628.585 
    RC_CG_HIER_INST517            1      1.839    2626.746    2628.585 
    RC_CG_HIER_INST518            1      1.839    2626.746    2628.585 
    RC_CG_HIER_INST519            1      1.839    2626.746    2628.585 
    RC_CG_HIER_INST520            1      1.839    2626.746    2628.585 
    RC_CG_HIER_INST521            1      1.839    2626.746    2628.585 
    RC_CG_HIER_INST522            1      1.839    2626.746    2628.585 
    RC_CG_HIER_INST523            1      1.839    2626.746    2628.585 
    RC_CG_HIER_INST524            1      1.839    2626.746    2628.585 
    RC_CG_HIER_INST525            1      1.839    2626.746    2628.585 
    RC_CG_HIER_INST526            1      1.839    2626.746    2628.585 
    RC_CG_HIER_INST527            1      1.839    2626.746    2628.585 
  ip_debug_t..dc_u_spi_fifo    1229   2398.647   70506.812   72905.460 
    RC_CG_HIER_INST442            1      1.839    1313.373    1315.212 
    RC_CG_HIER_INST443            1      1.839    1313.373    1315.212 
    RC_CG_HIER_INST444            1      1.839    1313.373    1315.212 
    RC_CG_HIER_INST445            1      1.839    1313.373    1315.212 
    RC_CG_HIER_INST446            1      1.839    1313.373    1315.212 
    RC_CG_HIER_INST447            1      1.839    1313.373    1315.212 
    RC_CG_HIER_INST448            1      1.839    1313.373    1315.212 
    RC_CG_HIER_INST449            1      1.839    1313.373    1315.212 
    RC_CG_HIER_INST450            1      1.839    1313.373    1315.212 
    RC_CG_HIER_INST451            1      1.839    1313.373    1315.212 
    RC_CG_HIER_INST452            1      1.839    1313.373    1315.212 
    RC_CG_HIER_INST453            1      1.839    1313.373    1315.212 
    RC_CG_HIER_INST454            1      1.839    1313.373    1315.212 
    RC_CG_HIER_INST455            1      1.839    1313.373    1315.212 
    RC_CG_HIER_INST456            1      1.839    1313.373    1315.212 
    RC_CG_HIER_INST457            1      1.839    1313.373    1315.212 
    RC_CG_HIER_INST458            1      1.839    1313.373    1315.212 
    RC_CG_HIER_INST459            1      1.839    1313.373    1315.212 
  ip_debug_t..dc_u_mmu_fifo    1222   2387.034  116894.187  119281.221 
    RC_CG_HIER_INST425            1      2.809    2677.363    2680.171 
    RC_CG_HIER_INST426            1      2.809    2677.363    2680.171 
    RC_CG_HIER_INST427            1      2.809    2677.363    2680.171 
    RC_CG_HIER_INST428            1      2.809    2677.363    2680.171 
    RC_CG_HIER_INST429            1      2.809    2677.363    2680.171 
    RC_CG_HIER_INST430            1      2.809    2677.363    2680.171 
    RC_CG_HIER_INST431            1      2.809    2677.363    2680.171 
    RC_CG_HIER_INST432            1      2.809    2677.363    2680.171 
    RC_CG_HIER_INST433            1      2.809    2677.363    2680.171 
    RC_CG_HIER_INST434            1      2.809    2677.363    2680.171 
    RC_CG_HIER_INST435            1      2.809    2677.363    2680.171 
    RC_CG_HIER_INST436            1      2.809    2677.363    2680.171 
    RC_CG_HIER_INST437            1      2.809    2677.363    2680.171 
    RC_CG_HIER_INST438            1      2.809    2677.363    2680.171 
    RC_CG_HIER_INST439            1      2.809    2677.363    2680.171 
    RC_CG_HIER_INST440            1      2.809    2677.363    2680.171 
    RC_CG_HIER_INST441            1      2.809    2677.363    2680.171 
    RC_CG_HIER_INST424            1      1.839    1313.373    1315.212 
  ip_debug_t..u_bridge_fifo    1178   2299.735  275361.377  277661.112 
    RC_CG_HIER_INST371            1      1.852    2102.386    2104.238 
    RC_CG_HIER_INST387            1      1.852    1680.628    1682.480 
    RC_CG_HIER_INST370            1      1.839    1313.373    1315.212 
    RC_CG_HIER_INST372            1      1.839    1313.373    1315.212 
    RC_CG_HIER_INST373            1      1.839    1313.373    1315.212 
    RC_CG_HIER_INST374            1      1.839    1313.373    1315.212 
    RC_CG_HIER_INST375            1      1.839    1313.373    1315.212 
    RC_CG_HIER_INST376            1      1.839    1313.373    1315.212 
    RC_CG_HIER_INST377            1      1.839    1313.373    1315.212 
    RC_CG_HIER_INST378            1      1.839    1313.373    1315.212 
    RC_CG_HIER_INST379            1      1.839    1313.373    1315.212 
    RC_CG_HIER_INST380            1      1.839    1313.373    1315.212 
    RC_CG_HIER_INST381            1      1.839    1313.373    1315.212 
    RC_CG_HIER_INST382            1      1.839    1313.373    1315.212 
    RC_CG_HIER_INST383            1      1.839    1313.373    1315.212 
    RC_CG_HIER_INST384            1      1.839    1313.373    1315.212 
    RC_CG_HIER_INST385            1      1.839    1313.373    1315.212 
    RC_CG_HIER_INST386            1      1.839    1313.373    1315.212 
  ip_debug_t..watchdog_fifo    1178   2282.984   70506.812   72789.796 
    RC_CG_HIER_INST478            1      1.839    1313.373    1315.212 
    RC_CG_HIER_INST479            1      1.839    1313.373    1315.212 
    RC_CG_HIER_INST480            1      1.839    1313.373    1315.212 
    RC_CG_HIER_INST481            1      1.839    1313.373    1315.212 
    RC_CG_HIER_INST482            1      1.839    1313.373    1315.212 
    RC_CG_HIER_INST483            1      1.839    1313.373    1315.212 
    RC_CG_HIER_INST484            1      1.839    1313.373    1315.212 
    RC_CG_HIER_INST485            1      1.839    1313.373    1315.212 
    RC_CG_HIER_INST486            1      1.839    1313.373    1315.212 
    RC_CG_HIER_INST487            1      1.839    1313.373    1315.212 
    RC_CG_HIER_INST488            1      1.839    1313.373    1315.212 
    RC_CG_HIER_INST489            1      1.839    1313.373    1315.212 
    RC_CG_HIER_INST490            1      1.839    1313.373    1315.212 
    RC_CG_HIER_INST491            1      1.839    1313.373    1315.212 
    RC_CG_HIER_INST492            1      1.839    1313.373    1315.212 
    RC_CG_HIER_INST493            1      1.839    1313.373    1315.212 
    RC_CG_HIER_INST494            1      1.839    1313.373    1315.212 
    RC_CG_HIER_INST495            1      1.839    1313.373    1315.212 
  interrupt_..ller_instance    1345   2246.855  387690.133  389936.987 
    RC_CG_HIER_INST347            1      1.839    2687.472    2689.311 
    RC_CG_HIER_INST343            1      1.839    2636.853    2638.692 
    RC_CG_HIER_INST344            1      1.839    2626.746    2628.585 
    RC_CG_HIER_INST345            1      1.839    2626.746    2628.585 
    RC_CG_HIER_INST346            1      1.839    2626.746    2628.585 
    soc_mmr_to.._HIER_INST348     1      1.839    2626.746    2628.585 
    soc_mmr_to.._HIER_INST349     1      1.839    2626.746    2628.585 
    soc_mmr_to.._HIER_INST350     1      1.839    2626.746    2628.585 
    soc_mmr_to.._HIER_INST351     1      1.839    2626.746    2628.585 
    soc_mmr_to.._HIER_INST352     1      1.839    2626.746    2628.585 
    soc_mmr_to.._HIER_INST353     1      1.839    2626.746    2628.585 
    soc_mmr_to.._HIER_INST354     1      1.839    2626.746    2628.585 
    soc_mmr_to.._HIER_INST355     1      1.839    2626.746    2628.585 
    soc_mmr_to.._HIER_INST356     1      1.839    2626.746    2628.585 
    soc_mmr_to.._HIER_INST357     1      1.839    2626.746    2628.585 
    soc_mmr_to.._HIER_INST358     1      1.839    2626.746    2628.585 
    soc_mmr_to.._HIER_INST359     1      1.839    2626.746    2628.585 
    soc_mmr_to.._HIER_INST360     1      1.839    2626.746    2628.585 
    soc_mmr_to.._HIER_INST361     1      1.839    2626.746    2628.585 
    soc_mmr_to.._HIER_INST362     1      1.839    2626.746    2628.585 
  ip_debug_t..dc_u_i2c_fifo    1099   2132.525   71604.052   73736.577 
    RC_CG_HIER_INST388            1      1.839    1313.373    1315.212 
    RC_CG_HIER_INST389            1      1.839    1313.373    1315.212 
    RC_CG_HIER_INST390            1      1.839    1313.373    1315.212 
    RC_CG_HIER_INST391            1      1.839    1313.373    1315.212 
    RC_CG_HIER_INST392            1      1.839    1313.373    1315.212 
    RC_CG_HIER_INST393            1      1.839    1313.373    1315.212 
    RC_CG_HIER_INST394            1      1.839    1313.373    1315.212 
    RC_CG_HIER_INST395            1      1.839    1313.373    1315.212 
    RC_CG_HIER_INST396            1      1.839    1313.373    1315.212 
    RC_CG_HIER_INST397            1      1.839    1313.373    1315.212 
    RC_CG_HIER_INST398            1      1.839    1313.373    1315.212 
    RC_CG_HIER_INST399            1      1.839    1313.373    1315.212 
    RC_CG_HIER_INST400            1      1.839    1313.373    1315.212 
    RC_CG_HIER_INST401            1      1.839    1313.373    1315.212 
    RC_CG_HIER_INST402            1      1.839    1313.373    1315.212 
    RC_CG_HIER_INST403            1      1.839    1313.373    1315.212 
    RC_CG_HIER_INST404            1      1.839    1313.373    1315.212 
    RC_CG_HIER_INST405            1      1.839    1313.373    1315.212 
  gpio_top_r..file_instance    1026   1946.053  925778.855  927724.907 
    RC_CG_HIER_INST325            1      1.797   83323.571   83325.367 
  watchdog_timer_instance      1107   1772.871  152211.566  153984.436 
    RC_CG_HIER_INST757            1      1.839    1323.285    1325.124 
    RC_CG_HIER_INST752            1      1.839    1313.373    1315.212 
    RC_CG_HIER_INST753            1      1.839    1313.373    1315.212 
    RC_CG_HIER_INST754            1      1.839    1313.373    1315.212 
    RC_CG_HIER_INST755            1      1.839    1313.373    1315.212 
    RC_CG_HIER_INST756            1      1.839    1313.373    1315.212 
    RC_CG_HIER_INST758            1      1.839       0.328       2.167 
    RC_CG_HIER_INST759            1      1.839       0.328       2.167 
    RC_CG_HIER_INST760            1      1.839       0.328       2.167 
    watchdog_s.._HIER_INST761     1      1.839       0.328       2.167 
    watchdog_s.._HIER_INST762     1      1.839    1313.373    1315.212 
    watchdog_s.._HIER_INST763     1      1.839    1313.373    1315.212 
  ip_debug_t..c_u_intr_fifo     853   1642.539  136322.996  137965.535 
    RC_CG_HIER_INST413            1      1.839    2636.930    2638.769 
    RC_CG_HIER_INST423            1      1.839    2636.862    2638.701 
    RC_CG_HIER_INST406            1      1.839    1313.373    1315.212 
    RC_CG_HIER_INST407            1      1.839    2626.746    2628.585 
    RC_CG_HIER_INST408            1      1.839    2626.746    2628.585 
    RC_CG_HIER_INST409            1      1.839    2626.746    2628.585 
    RC_CG_HIER_INST410            1      1.839    2626.746    2628.585 
    RC_CG_HIER_INST411            1      1.839    2626.746    2628.585 
    RC_CG_HIER_INST412            1      1.839    2626.746    2628.585 
    RC_CG_HIER_INST414            1      1.839    2626.746    2628.585 
    RC_CG_HIER_INST415            1      1.839    2626.746    2628.585 
    RC_CG_HIER_INST416            1      1.839    2626.746    2628.585 
    RC_CG_HIER_INST417            1      1.839    2626.746    2628.585 
    RC_CG_HIER_INST418            1      1.839    2626.746    2628.585 
    RC_CG_HIER_INST419            1      1.839    2626.746    2628.585 
    RC_CG_HIER_INST420            1      1.839    2626.746    2628.585 
    RC_CG_HIER_INST421            1      1.839    2626.746    2628.585 
    RC_CG_HIER_INST422            1      1.839    2626.746    2628.585 
  ip_debug_t..c_u_uart_fifo     689   1309.717  118516.751  119826.469 
    RC_CG_HIER_INST460            1      1.839    1313.373    1315.212 
    RC_CG_HIER_INST462            1      1.839    1313.373    1315.212 
    RC_CG_HIER_INST463            1      1.839    1313.373    1315.212 
    RC_CG_HIER_INST464            1      1.839    1313.373    1315.212 
    RC_CG_HIER_INST465            1      1.839    1313.373    1315.212 
    RC_CG_HIER_INST466            1      1.839    1313.373    1315.212 
    RC_CG_HIER_INST467            1      1.839    1313.373    1315.212 
    RC_CG_HIER_INST468            1      1.839    1313.373    1315.212 
    RC_CG_HIER_INST469            1      1.839    1313.373    1315.212 
    RC_CG_HIER_INST470            1      1.839    1313.373    1315.212 
    RC_CG_HIER_INST471            1      1.839    1313.373    1315.212 
    RC_CG_HIER_INST472            1      1.839    1313.373    1315.212 
    RC_CG_HIER_INST473            1      1.839    1313.373    1315.212 
    RC_CG_HIER_INST474            1      1.839    1313.373    1315.212 
    RC_CG_HIER_INST475            1      1.839    1313.373    1315.212 
    RC_CG_HIER_INST476            1      1.839    1313.373    1315.212 
    RC_CG_HIER_INST461            1      1.797    5860.024    5861.821 
    RC_CG_HIER_INST477            1      1.797    3404.205    3406.002 
  i2c_wrapper_instance_i2c      735   1090.297   66219.112   67309.409 
    RC_CG_HIER_INST326            1      1.839    1313.373    1315.212 
    RC_CG_HIER_INST327            1      1.839    1313.373    1315.212 
    RC_CG_HIER_INST328            1      1.839    1313.373    1315.212 
    RC_CG_HIER_INST329            1      1.839    1313.373    1315.212 
    RC_CG_HIER_INST330            1      1.839    1313.373    1315.212 
    RC_CG_HIER_INST331            1      1.839    1313.373    1315.212 
    RC_CG_HIER_INST332            1      1.839    1313.373    1315.212 
    RC_CG_HIER_INST333            1      1.839    1313.373    1315.212 
    RC_CG_HIER_INST334            1      1.839    1313.373    1315.212 
    RC_CG_HIER_INST335            1      1.797    5041.418    5043.215 
    RC_CG_HIER_INST336            1      1.797    3497.760    3499.557 
  clk_rst_ctrl_top_instance     604    954.885  946210.025  947164.909 
    i_sys_clk_.._HIER_INST153     1      1.925       0.000       1.925 
    i_sys_clk_.._HIER_INST154     1      1.925       0.000       1.925 
    i_sys_clk_.._HIER_INST156     1      1.925       0.000       1.925 
    i_sys_clk_.._HIER_INST157     1      1.925       0.000       1.925 
    RC_CG_HIER_INST146            1      1.899       0.000       1.899 
    i_sys_clk_.._HIER_INST152     1      1.899       0.000       1.899 
    i_sys_clk_.._HIER_INST155     1      1.899       0.000       1.899 
    RC_CG_HIER_INST147            1      1.839    1313.373    1315.212 
    i_sys_clk_.._HIER_INST158     1      1.839    2626.746    2628.585 
    i_sys_clk_.._HIER_INST159     1      1.839    2626.746    2628.585 
    i_apb_clk_.._HIER_INST148     1      1.797    4105.868    4107.665 
    i_apb_clk_.._HIER_INST149     1      1.797    4222.812    4224.609 
    i_apb_clk_.._HIER_INST150     1      1.797    3193.707    3195.503 
    i_apb_clk_.._HIER_INST151     1      1.797    3053.374    3055.171 
  top_regist..dr_error_fifo     306    591.653   69629.558   70221.211 
    RC_CG_HIER_INST670            1      1.839    1313.373    1315.212 
    RC_CG_HIER_INST671            1      1.839    2626.746    2628.585 
    RC_CG_HIER_INST672            1      1.839    2626.746    2628.585 
    RC_CG_HIER_INST673            1      1.839    2626.746    2628.585 
    RC_CG_HIER_INST674            1      1.839    2626.746    2628.585 
    RC_CG_HIER_INST675            1      1.797    6427.802    6429.599 
  uart_wrapp..u_rx_top_fifo     382    585.163   37204.255   37789.418 
    RC_CG_HIER_INST707            1      1.839    1313.373    1315.212 
    RC_CG_HIER_INST708            1      1.839      48.643      50.482 
    RC_CG_HIER_INST709            1      1.839      48.643      50.482 
    RC_CG_HIER_INST710            1      1.839      48.643      50.482 
    RC_CG_HIER_INST711            1      1.839      48.643      50.482 
    RC_CG_HIER_INST712            1      1.839      48.643      50.482 
    RC_CG_HIER_INST713            1      1.839      48.643      50.482 
    RC_CG_HIER_INST714            1      1.839      48.643      50.482 
    RC_CG_HIER_INST715            1      1.839      48.643      50.482 
    RC_CG_HIER_INST716            1      1.839      48.643      50.482 
    RC_CG_HIER_INST717            1      1.839      48.643      50.482 
    RC_CG_HIER_INST718            1      1.839      48.643      50.482 
    RC_CG_HIER_INST719            1      1.839      48.643      50.482 
    RC_CG_HIER_INST720            1      1.839      48.643      50.482 
    RC_CG_HIER_INST721            1      1.839      48.643      50.482 
    RC_CG_HIER_INST722            1      1.839      48.643      50.482 
    RC_CG_HIER_INST723            1      1.839      48.643      50.482 
    RC_CG_HIER_INST724            1      1.839      48.643      50.482 
  postboot_a..ster_instance     349    516.735   22764.138   23280.872 
    RC_CG_HIER_INST580            1      1.839    1313.373    1315.212 
    RC_CG_HIER_INST581            1      1.839    1313.373    1315.212 
    RC_CG_HIER_INST582            1      1.839    1313.373    1315.212 
    RC_CG_HIER_INST583            1      1.839    1313.373    1315.212 
    RC_CG_HIER_INST584            1      1.839    1313.373    1315.212 
    RC_CG_HIER_INST585            1      1.839    1313.373    1315.212 
    RC_CG_HIER_INST586            1      1.839    1313.373    1315.212 
    RC_CG_HIER_INST587            1      1.839    1313.373    1315.212 
    RC_CG_HIER_INST588            1      1.839    1313.373    1315.212 
    RC_CG_HIER_INST589            1      1.839    1313.373    1315.212 
    RC_CG_HIER_INST590            1      1.839    1313.373    1315.212 
    RC_CG_HIER_INST591            1      1.839    1313.373    1315.212 
    RC_CG_HIER_INST592            1      1.839    1313.373    1315.212 
    RC_CG_HIER_INST593            1      1.839    1313.373    1315.212 
    RC_CG_HIER_INST594            1      1.839    1313.373    1315.212 
    RC_CG_HIER_INST595            1      1.839    1313.373    1315.212 
  spi_wrappe..ce_u_spi_core     299    432.027   38896.117   39328.145 
    RC_CG_HIER_INST663            1      1.839    1313.373    1315.212 
    RC_CG_HIER_INST664            1      1.839    1313.373    1315.212 
    RC_CG_HIER_INST665            1      1.839    1313.373    1315.212 
    RC_CG_HIER_INST667            1      1.839    1313.373    1315.212 
    RC_CG_HIER_INST666            1      1.797    3567.927    3569.724 
    RC_CG_HIER_INST668            1      1.797    3567.927    3569.724 
  clk_rst_by.._top_instance     286    416.083  210286.251  210702.335 
    boot_contr.._HIER_INST142     1      1.925       0.000       1.925 
    boot_contr.._HIER_INST145     1      1.925       0.000       1.925 
    boot_contr.._HIER_INST139     1      1.839       0.328       2.167 
    boot_contr.._HIER_INST143     1      1.813      17.639      19.451 
    boot_contr.._HIER_INST140     1      1.797      11.034      12.831 
    boot_contr.._HIER_INST141     1      1.797       9.971      11.768 
  uart_wrapp..stance_u_regs     246    368.243   66299.754   66667.997 
    RC_CG_HIER_INST692            1      1.839    1313.373    1315.212 
    RC_CG_HIER_INST693            1      1.839    1313.373    1315.212 
    RC_CG_HIER_INST694            1      1.839    1313.373    1315.212 
    RC_CG_HIER_INST695            1      1.839    1313.373    1315.212 
    RC_CG_HIER_INST696            1      1.839    1313.373    1315.212 
    RC_CG_HIER_INST697            1      1.839    1313.373    1315.212 
    RC_CG_HIER_INST698            1      1.797    3895.369    3897.166 
  csr_top_in..tval_csr_inst     158    259.563  106586.970  106846.533 
    RC_CG_HIER_INST262            1      1.797   14711.065   14712.862 
  uart_wrapper_instance_dut     170    239.191   33984.980   34224.171 
    RC_CG_HIER_INST690            1      1.797    5041.418    5043.215 
    RC_CG_HIER_INST691            1      1.797     123.189     124.985 
  csr_top_in.._HIER_INST254       1      2.809    2677.363    2680.171 
  axi_master..G_HIER_INST71       1      2.571    7781.083    7783.654 
  axi_slave_..G_HIER_INST72       1      1.839    2626.746    2628.585 
  axi_slave_..G_HIER_INST73       1      1.839    2626.746    2628.585 
  axi_slave_..G_HIER_INST74       1      1.839    2626.746    2628.585 
  axi_slave_..G_HIER_INST76       1      1.839    2626.746    2628.585 
  axi_slave_..G_HIER_INST77       1      1.839    2626.746    2628.585 
  axi_slave_..G_HIER_INST78       1      1.839    2626.746    2628.585 
  core_debug.._HIER_INST160       1      1.839    1313.373    1315.212 
  core_debug.._HIER_INST161       1      1.839    2626.746    2628.585 
  core_debug.._HIER_INST162       1      1.839    2626.746    2628.585 
  core_debug.._HIER_INST163       1      1.839    2626.746    2628.585 
  core_debug.._HIER_INST164       1      1.839    2626.746    2628.585 
  core_debug.._HIER_INST165       1      1.839    2626.746    2628.585 
  core_debug.._HIER_INST166       1      1.839    2626.746    2628.585 
  core_debug.._HIER_INST167       1      1.839    2626.746    2628.585 
  core_debug.._HIER_INST168       1      1.839    2626.746    2628.585 
  core_debug.._HIER_INST169       1      1.839    2626.746    2628.585 
  core_debug.._HIER_INST170       1      1.839    2626.746    2628.585 
  core_debug.._HIER_INST171       1      1.839    2626.746    2628.585 
  core_debug.._HIER_INST172       1      1.839    2626.746    2628.585 
  core_debug.._HIER_INST173       1      1.839    2626.746    2628.585 
  core_debug.._HIER_INST174       1      1.839    2626.746    2628.585 
  core_debug.._HIER_INST175       1      1.839    2626.746    2628.585 
  core_debug.._HIER_INST176       1      1.839    2626.746    2628.585 
  core_debug.._HIER_INST177       1      1.839    2626.746    2628.585 
  core_debug.._HIER_INST178       1      1.839    1313.373    1315.212 
  core_debug.._HIER_INST245       1      1.839    1313.373    1315.212 
  core_debug.._HIER_INST246       1      1.839    1313.373    1315.212 
  core_debug.._HIER_INST247       1      1.839    1313.373    1315.212 
  core_debug.._HIER_INST248       1      1.839    1313.373    1315.212 
  core_debug.._HIER_INST249       1      1.839    1313.373    1315.212 
  core_debug.._HIER_INST250       1      1.839    1313.373    1315.212 
  core_debug.._HIER_INST251       1      1.839    1313.373    1315.212 
  csr_top_in.._HIER_INST255       1      1.839    2626.746    2628.585 
  csr_top_in.._HIER_INST257       1      1.839    2626.746    2628.585 
  csr_top_in.._HIER_INST258       1      1.839    2626.746    2628.585 
  i2c_wrappe.._HIER_INST337       1      1.839    1313.373    1315.212 
  i2c_wrappe.._HIER_INST338       1      1.839    1313.373    1315.212 
  i2c_wrappe.._HIER_INST339       1      1.839    1313.373    1315.212 
  i2c_wrappe.._HIER_INST340       1      1.839    1313.373    1315.212 
  i2c_wrappe.._HIER_INST342       1      1.839    1313.373    1315.212 
  ip_debug_t.._HIER_INST363       1      1.839    1313.373    1315.212 
  ip_debug_t.._HIER_INST364       1      1.839    1313.373    1315.212 
  ip_debug_t.._HIER_INST365       1      1.839    1313.373    1315.212 
  ip_debug_t.._HIER_INST366       1      1.839    1313.373    1315.212 
  ip_debug_t.._HIER_INST367       1      1.839    1313.373    1315.212 
  ip_debug_t.._HIER_INST368       1      1.839    1313.373    1315.212 
  ip_debug_t.._HIER_INST369       1      1.839    1313.373    1315.212 
  ip_debug_t.._HIER_INST496       1      1.839    1313.373    1315.212 
  ip_debug_t.._HIER_INST497       1      1.839    1313.373    1315.212 
  ip_debug_t.._HIER_INST498       1      1.839    1313.373    1315.212 
  ip_debug_t.._HIER_INST499       1      1.839    1313.373    1315.212 
  ip_debug_t.._HIER_INST502       1      1.839    1313.373    1315.212 
  ip_debug_t.._HIER_INST503       1      1.839    1313.373    1315.212 
  ip_debug_t.._HIER_INST504       1      1.839    1313.373    1315.212 
  ip_debug_t.._HIER_INST505       1      1.839    1313.373    1315.212 
  ip_debug_t.._HIER_INST506       1      1.839    1313.373    1315.212 
  mmu_instan.._HIER_INST508       1      1.839    2626.746    2628.585 
  mmu_instan.._HIER_INST509       1      1.839    2626.746    2628.585 
  preboot_an.._HIER_INST596       1      1.839    1313.373    1315.212 
  preboot_an.._HIER_INST597       1      1.839    1313.373    1315.212 
  top_regist.._HIER_INST676       1      1.839    1313.373    1315.212 
  top_regist.._HIER_INST677       1      1.839    2626.746    2628.585 
  top_regist.._HIER_INST678       1      1.839    2626.746    2628.585 
  top_regist.._HIER_INST679       1      1.839    2626.746    2628.585 
  top_regist.._HIER_INST680       1      1.839    2626.746    2628.585 
  top_regist.._HIER_INST682       1      1.839    1313.373    1315.212 
  top_regist.._HIER_INST683       1      1.839    1313.373    1315.212 
  uart_wrapp.._HIER_INST685       1      1.839      48.643      50.482 
  uart_wrapp.._HIER_INST686       1      1.839      48.643      50.482 
  uart_wrapp.._HIER_INST688       1      1.839    1313.373    1315.212 
  uart_wrapp.._HIER_INST689       1      1.839      48.643      50.482 
  uart_wrapp.._HIER_INST701       1      1.839      48.643      50.482 
  uart_wrapp.._HIER_INST702       1      1.839      48.643      50.482 
  uart_wrapp.._HIER_INST703       1      1.839      48.643      50.482 
  uart_wrapp.._HIER_INST725       1      1.839    1313.373    1315.212 
  uart_wrapp.._HIER_INST726       1      1.839      48.643      50.482 
  uart_wrapp.._HIER_INST727       1      1.839      48.643      50.482 
  uart_wrapp.._HIER_INST728       1      1.839      48.643      50.482 
  uart_wrapp.._HIER_INST732       1      1.839      48.643      50.482 
  uart_wrapp.._HIER_INST734       1      1.839    1313.373    1315.212 
  uart_wrapp.._HIER_INST735       1      1.839    1313.373    1315.212 
  uart_wrapp.._HIER_INST736       1      1.839    1313.373    1315.212 
  uart_wrapp.._HIER_INST737       1      1.839    1313.373    1315.212 
  uart_wrapp.._HIER_INST738       1      1.839    1313.373    1315.212 
  uart_wrapp.._HIER_INST739       1      1.839    1313.373    1315.212 
  uart_wrapp.._HIER_INST740       1      1.839    1313.373    1315.212 
  uart_wrapp.._HIER_INST741       1      1.839    1313.373    1315.212 
  uart_wrapp.._HIER_INST742       1      1.839    1313.373    1315.212 
  uart_wrapp.._HIER_INST743       1      1.839    1313.373    1315.212 
  uart_wrapp.._HIER_INST744       1      1.839    1313.373    1315.212 
  uart_wrapp.._HIER_INST745       1      1.839    1313.373    1315.212 
  uart_wrapp.._HIER_INST746       1      1.839    1313.373    1315.212 
  uart_wrapp.._HIER_INST747       1      1.839    1313.373    1315.212 
  uart_wrapp.._HIER_INST748       1      1.839    1313.373    1315.212 
  uart_wrapp.._HIER_INST749       1      1.839    1313.373    1315.212 
  uart_wrapp.._HIER_INST750       1      1.839    1313.373    1315.212 
  uart_wrapp.._HIER_INST751       1      1.839    1313.373    1315.212 
  core_debug.._HIER_INST179       1      1.839    1313.373    1315.212 
  core_debug.._HIER_INST180       1      1.839    1313.373    1315.212 
  core_debug.._HIER_INST181       1      1.839    1313.373    1315.212 
  core_debug.._HIER_INST182       1      1.839    1313.373    1315.212 
  core_debug.._HIER_INST183       1      1.839    1313.373    1315.212 
  core_debug.._HIER_INST184       1      1.839    1313.373    1315.212 
  core_debug.._HIER_INST185       1      1.839    1313.373    1315.212 
  core_debug.._HIER_INST186       1      1.839    1313.373    1315.212 
  core_debug.._HIER_INST187       1      1.839    1313.373    1315.212 
  core_debug.._HIER_INST188       1      1.839    1313.373    1315.212 
  core_debug.._HIER_INST189       1      1.839    1313.373    1315.212 
  core_debug.._HIER_INST190       1      1.839    1313.373    1315.212 
  core_debug.._HIER_INST191       1      1.839    1313.373    1315.212 
  core_debug.._HIER_INST192       1      1.839    1313.373    1315.212 
  core_debug.._HIER_INST193       1      1.839    1313.373    1315.212 
  core_debug.._HIER_INST194       1      1.839    1313.373    1315.212 
  core_debug.._HIER_INST195       1      1.839    1313.373    1315.212 
  core_debug.._HIER_INST196       1      1.839    1313.373    1315.212 
  core_debug.._HIER_INST197       1      1.839    1313.373    1315.212 
  core_debug.._HIER_INST198       1      1.839    1313.373    1315.212 
  core_debug.._HIER_INST199       1      1.839    1313.373    1315.212 
  core_debug.._HIER_INST200       1      1.839    1313.373    1315.212 
  core_debug.._HIER_INST201       1      1.839    1313.373    1315.212 
  core_debug.._HIER_INST202       1      1.839    1313.373    1315.212 
  core_debug.._HIER_INST203       1      1.839    1313.373    1315.212 
  core_debug.._HIER_INST204       1      1.839    1313.373    1315.212 
  core_debug.._HIER_INST205       1      1.839    1313.373    1315.212 
  core_debug.._HIER_INST206       1      1.839    1313.373    1315.212 
  core_debug.._HIER_INST207       1      1.839    1313.373    1315.212 
  core_debug.._HIER_INST208       1      1.839    1313.373    1315.212 
  core_debug.._HIER_INST209       1      1.839    1313.373    1315.212 
  core_debug.._HIER_INST210       1      1.839    1313.373    1315.212 
  core_debug.._HIER_INST211       1      1.839    1313.373    1315.212 
  core_debug.._HIER_INST212       1      1.839    1313.373    1315.212 
  core_debug.._HIER_INST213       1      1.839    1313.373    1315.212 
  core_debug.._HIER_INST214       1      1.839    1313.373    1315.212 
  core_debug.._HIER_INST215       1      1.839    1313.373    1315.212 
  core_debug.._HIER_INST216       1      1.839    1313.373    1315.212 
  core_debug.._HIER_INST217       1      1.839    1313.373    1315.212 
  core_debug.._HIER_INST218       1      1.839    1313.373    1315.212 
  core_debug.._HIER_INST219       1      1.839    1313.373    1315.212 
  core_debug.._HIER_INST220       1      1.839    1313.373    1315.212 
  core_debug.._HIER_INST221       1      1.839    1313.373    1315.212 
  core_debug.._HIER_INST222       1      1.839    1313.373    1315.212 
  core_debug.._HIER_INST223       1      1.839    1313.373    1315.212 
  core_debug.._HIER_INST224       1      1.839    1313.373    1315.212 
  core_debug.._HIER_INST225       1      1.839    1313.373    1315.212 
  core_debug.._HIER_INST226       1      1.839    1313.373    1315.212 
  core_debug.._HIER_INST227       1      1.839    1313.373    1315.212 
  core_debug.._HIER_INST228       1      1.839    1313.373    1315.212 
  core_debug.._HIER_INST229       1      1.839    1313.373    1315.212 
  core_debug.._HIER_INST230       1      1.839    1313.373    1315.212 
  core_debug.._HIER_INST231       1      1.839    1313.373    1315.212 
  core_debug.._HIER_INST232       1      1.839    1313.373    1315.212 
  core_debug.._HIER_INST233       1      1.839    1313.373    1315.212 
  core_debug.._HIER_INST234       1      1.839    1313.373    1315.212 
  core_debug.._HIER_INST235       1      1.839    1313.373    1315.212 
  core_debug.._HIER_INST236       1      1.839    1313.373    1315.212 
  core_debug.._HIER_INST237       1      1.839    1313.373    1315.212 
  core_debug.._HIER_INST238       1      1.839    1313.373    1315.212 
  core_debug.._HIER_INST239       1      1.839    1313.373    1315.212 
  core_debug.._HIER_INST240       1      1.839    1313.373    1315.212 
  core_debug.._HIER_INST241       1      1.839    1313.373    1315.212 
  core_debug.._HIER_INST242       1      1.839    1313.373    1315.212 
  core_debug.._HIER_INST243       1      1.839    1313.373    1315.212 
  core_debug.._HIER_INST244       1      1.839    1313.373    1315.212 
  mmu_instan.._HIER_INST528       1      1.839    2626.746    2628.585 
  mmu_instan.._HIER_INST529       1      1.839    2626.746    2628.585 
  mmu_instan.._HIER_INST530       1      1.839    2626.746    2628.585 
  mmu_instan.._HIER_INST531       1      1.839    2626.746    2628.585 
  mmu_instan.._HIER_INST532       1      1.839    2626.746    2628.585 
  mmu_instan.._HIER_INST533       1      1.839    2626.746    2628.585 
  mmu_instan.._HIER_INST534       1      1.839    2626.746    2628.585 
  mmu_instan.._HIER_INST535       1      1.839    2626.746    2628.585 
  mmu_instan.._HIER_INST536       1      1.839    2626.746    2628.585 
  mmu_instan.._HIER_INST537       1      1.839    2626.746    2628.585 
  mmu_instan.._HIER_INST538       1      1.839    2626.746    2628.585 
  mmu_instan.._HIER_INST539       1      1.839    2626.746    2628.585 
  mmu_instan.._HIER_INST540       1      1.839    2626.746    2628.585 
  mmu_instan.._HIER_INST541       1      1.839    2626.746    2628.585 
  mmu_instan.._HIER_INST542       1      1.839    2626.746    2628.585 
  mmu_instan.._HIER_INST543       1      1.839    2626.746    2628.585 
  mmu_instan.._HIER_INST544       1      1.839    2626.746    2628.585 
  mmu_instan.._HIER_INST545       1      1.839    2626.746    2628.585 
  axi_master..G_HIER_INST70       1      1.839    2626.746    2628.585 
  axi_slave_..G_HIER_INST75       1      1.797    6066.307    6068.104 
  axi_slave_..G_HIER_INST79       1      1.797    6066.307    6068.104 
  RC_CG_HIER_INST0                1      1.797    7703.477    7705.274 
  core_debug.._HIER_INST252       1      1.797    3346.183    3347.980 
  csr_top_in.._HIER_INST259       1      1.797   11719.887   11721.683 
  csr_top_in.._HIER_INST260       1      1.797    6934.001    6935.798 
  csr_top_in.._HIER_INST261       1      1.797   14711.065   14712.862 
  csr_top_in.._HIER_INST263       1      1.797   14112.829   14114.626 
  csr_top_in.._HIER_INST264       1      1.797   16551.790   16553.587 
  i2c_wrappe.._HIER_INST341       1      1.797    3076.763    3078.560 
  ip_debug_t.._HIER_INST500       1      1.797    7703.477    7705.274 
  ip_debug_t.._HIER_INST501       1      1.797    7703.477    7705.274 
  mmu_instan.._HIER_INST507       1      1.797   15447.355   15449.152 
  spi_wrappe.._HIER_INST669       1      1.797    8970.728    8972.525 
  top_regist.._HIER_INST681       1      1.797    6427.802    6429.599 
  top_regist.._HIER_INST684       1      1.797    3053.374    3055.171 
  RC_CG_DECLONE_HIER_INST         1      1.797   14112.829   14114.626 
  uart_wrapp.._HIER_INST687       1      1.797     128.656     130.453 
  uart_wrapp.._HIER_INST699       1      1.797     146.881     148.678 
  uart_wrapp.._HIER_INST700       1      1.797     129.567     131.364 
  uart_wrapp.._HIER_INST704       1      1.797     116.810     118.606 
  uart_wrapp.._HIER_INST705       1      1.797     153.260     155.056 
  uart_wrapp.._HIER_INST706       1      1.797     115.899     117.695 
  uart_wrapp.._HIER_INST729       1      1.797     116.810     118.606 
  uart_wrapp.._HIER_INST730       1      1.797     129.567     131.364 
  uart_wrapp.._HIER_INST731       1      1.797     116.810     118.606 
  uart_wrapp.._HIER_INST733       1      1.797     142.325     144.121 
  axi_slave_..u_data_memory       0      0.000    2952.450    2952.450 
  axi_slave_..u_inst_memory       0      0.000   11501.647   11501.647 
  ip_debug_t..rcular_buffer       0      0.000    1350.473    1350.473 

