============================================================
  Generated by:           Genus(TM) Synthesis Solution 17.22-s017_1
  Generated on:           Mar 01 2023  09:25:43 pm
  Module:                 pinaka
  Operating conditions:   WCCOM (balanced_tree)
  Wireload mode:          segmented
  Area mode:              timing library
============================================================

Timing
--------

        Clock           Period   
---------------------------------
bclk                    135000.0 
core_clk                  2500.0 
ctrl_bypass_debug_clk     5000.0 
debug_clk                 5000.0 
memory_clk                2500.0 
pclk                      5000.0 
pll_clk                   2500.0 
rc_clk                20000000.0 
rx_baud_clk             135000.0 
TCK                     500000.0 
xtal_clk                 40000.0 


                 Cost                   Critical                 Violating 
                Group                  Path Slack      TNS         Paths   
---------------------------------------------------------------------------
bclk                                       3693.4           0.0          0 
cg_enable_group_bclk                       4297.6           0.0          0 
cg_enable_group_core_clk                   -215.2       -6802.2         51 
cg_enable_group_ctrl_bypass_debug_clk      2392.9           0.0          0 
cg_enable_group_debug_clk                  -127.6        -246.5          2 
cg_enable_group_memory_clk                    6.5           0.0          0 
cg_enable_group_pclk                       1059.9           0.0          0 
cg_enable_group_pll_clk                      59.6           0.0          0 
cg_enable_group_rc_clk                 19992528.5           0.0          0 
cg_enable_group_rx_baud_clk              134157.6           0.0          0 
cg_enable_group_TCK                      498084.0           0.0          0 
core_clk                               -9995545.6   -11146717.7       1974 
ctrl_bypass_debug_clk                  -9990555.7    -9990555.7          1 
debug_clk                                   -79.5       -2689.9         35 
default                                  No paths           0.0            
I2O                                          77.6           0.0          0 
I2R                                          47.3           0.0          0 
memory_clk                                    0.0           0.0          0 
pclk                                       1048.5           0.0          0 
pll_clk                                    -113.4        -529.0         10 
R2O                                         145.2           0.0          0 
rc_clk                                        0.0           0.0          0 
rx_baud_clk                                4403.7           0.0          0 
TCK                                        4144.5           0.0          0 
xtal_clk                                   1246.6           0.0          0 
---------------------------------------------------------------------------
Total                                               -21147541.0       2073 

Instance Count
--------------
Leaf Instance Count             72026 
Physical Instance count             0 
Sequential Instance Count       29244 
Combinational Instance Count    42782 
Hierarchical Instance Count       791 

Area
----
Cell Area                          398370.240
Physical Cell Area                 0.000
Total Cell Area (Cell+Physical)    398370.240
Net Area                           0.000
Total Area (Cell+Physical+Net)     398370.240

Max Fanout                         876 (core_clk)
Min Fanout                         0 (debug_rstn)
Average Fanout                     2.6
Terms to net ratio                 3.8889
Terms to instance ratio            3.9629
Runtime                            1083.918625 seconds
Elapsed Runtime                    1169 seconds
Genus peak memory usage            1548.25 
Innovus peak memory usage          no_value 
Hostname                           compute1-srv.nis.vivartan.com
