============================================================
  Generated by:           Genus(TM) Synthesis Solution 17.22-s017_1
  Generated on:           Mar 01 2023  09:17:16 pm
  Module:                 pinaka
  Operating conditions:   WCCOM (balanced_tree)
  Wireload mode:          segmented
  Area mode:              timing library
============================================================

Timing
--------

        Clock           Period   
---------------------------------
bclk                    135000.0 
core_clk                  2500.0 
ctrl_bypass_debug_clk     5000.0 
debug_clk                 5000.0 
memory_clk                2500.0 
pclk                      5000.0 
pll_clk                   2500.0 
rc_clk                20000000.0 
rx_baud_clk             135000.0 
TCK                     500000.0 
xtal_clk                 40000.0 


                 Cost                   Critical                 Violating 
                Group                  Path Slack      TNS         Paths   
---------------------------------------------------------------------------
bclk                                       4282.8           0.0          0 
cg_enable_group_bclk                       4350.1           0.0          0 
cg_enable_group_core_clk                     31.5           0.0          0 
cg_enable_group_ctrl_bypass_debug_clk      3785.5           0.0          0 
cg_enable_group_debug_clk                   145.0           0.0          0 
cg_enable_group_memory_clk                  231.0           0.0          0 
cg_enable_group_pclk                       1632.9           0.0          0 
cg_enable_group_pll_clk                      13.9           0.0          0 
cg_enable_group_rc_clk                 19997806.3           0.0          0 
cg_enable_group_rx_baud_clk              134318.2           0.0          0 
cg_enable_group_TCK                      498736.2           0.0          0 
core_clk                               -9995740.4   -10007311.8        286 
ctrl_bypass_debug_clk                  -9990740.4    -9990740.4          1 
debug_clk                                   165.9           0.0          0 
default                                  No paths           0.0            
I2O                                          64.0           0.0          0 
I2R                                          34.5           0.0          0 
memory_clk                                  329.6           0.0          0 
pclk                                       1674.6           0.0          0 
pll_clk                                    -151.8        -818.6          8 
R2O                                         802.5           0.0          0 
rc_clk                                        0.0           0.0          0 
rx_baud_clk                                4524.8           0.0          0 
TCK                                        4146.1           0.0          0 
xtal_clk                                   1432.5           0.0          0 
---------------------------------------------------------------------------
Total                                               -19998870.8        295 

Instance Count
--------------
Leaf Instance Count             120533 
Physical Instance count              0 
Sequential Instance Count        29246 
Combinational Instance Count     91287 
Hierarchical Instance Count        816 

Area
----
Cell Area                          768092.331
Physical Cell Area                 0.000
Total Cell Area (Cell+Physical)    768092.331
Net Area                           0.000
Total Area (Cell+Physical+Net)     768092.331

Max Fanout                         1798 (pte_wrapper_instance_pte_index[1])
Min Fanout                         0 (axi_data_mem_araddr[0])
Average Fanout                     2.0
Terms to net ratio                 4.1345
Terms to instance ratio            4.1884
Runtime                            593.749683 seconds
Elapsed Runtime                    663 seconds
Genus peak memory usage            1489.30 
Innovus peak memory usage          no_value 
Hostname                           compute1-srv.nis.vivartan.com
