============================================================
  Generated by:           Genus(TM) Synthesis Solution 17.22-s017_1
  Generated on:           Mar 01 2023  09:17:13 pm
  Module:                 pinaka
  Technology library:     tcbn65lpwc 200
  Operating conditions:   WCCOM (balanced_tree)
  Wireload mode:          segmented
  Area mode:              timing library
============================================================

                                        Instance                                                               Module                        Cell Count  Cell Area  Net Area   Total Area    Wireload      
-----------------------------------------------------------------------------------------------------------------------------------------------------------------------------------------------------------
pinaka                                                                                                                                           120533 768092.331     0.000   768092.331 ZeroWireload (S) 
  basic_isa_instance                                                                     rv32i_core                                               18153 100473.120     0.000   100473.120 ZeroWireload (S) 
    u_decode_u_regfile                                                                   register_file                                             7360  39404.667     0.000    39404.667 ZeroWireload (S) 
    u_exe_u_alu_top_u_arith_sub_88_27_Y_u_alu_top_u_arith_add_87_27                      addsub_unsigned_6055                                       508   2032.966     0.000     2032.966 ZeroWireload (S) 
    u_branch_add_95_52_Y_u_branch_add_94_43                                              add_unsigned_14841_17816                                   384   1536.730     0.000     1536.730 ZeroWireload (S) 
    u_if_u_pc_reg_csa_tree_add_36_42_groupi                                              csa_tree_add_36_42_group_8                                 214    854.406     0.000      854.406 ZeroWireload (S) 
    u_if_u_btb_add_68_33_Y_u_if_add_162_34                                               add_unsigned_14835_17797                                   156    624.297     0.000      624.297 ZeroWireload (S) 
    u_branch_lt_53_69_Y_u_branch_gte_54_68                                               gt_leq_unsigned_2973                                       151    604.287     0.000      604.287 ZeroWireload (S) 
    u_exe_add_103_65                                                                     add_unsigned_15551                                         137    548.261     0.000      548.261 ZeroWireload (S) 
    u_branch_add_104_35                                                                  add_unsigned_15551_17919                                   137    548.261     0.000      548.261 ZeroWireload (S) 
  core_debug_trace_instance_i_itrace_top_i_asyncfifo_trace                               async_fifo_trace_WRITE_WIDTH64_READ_WIDTH64_FIFO_D       12698  93027.439     0.000    93027.439 ZeroWireload (S) 
  mmu_instance_u_tlb_u_ltlb                                                              l2tlb_TLB_ENTRIES32_VPN_WIDTH20_PPN_WIDTH20_ASID_W       14032  73753.503     0.000    73753.503 ZeroWireload (S) 
    u_l2_replace                                                                         replace_2_port_TLB_ENTRIES32                               157    911.270     0.000      911.270 ZeroWireload (S) 
  debug_module_instance                                                                  debug_module_PTE_START_ADDR32h00024000_PTE_END_ADD        8657  59832.642     0.000    59832.642 ZeroWireload (S) 
    u_dm_regfile_add_373_30                                                              add_unsigned_14328                                         140    560.266     0.000      560.266 ZeroWireload (S) 
  axi2apb_instance                                                                       top_bridge_FIFO_DEPTH4_ADDR_WIDTH32_DATA_WIDTH32_S        7528  54635.703     0.000    54635.703 ZeroWireload (S) 
  pte_wrapper_instance_u_pte_memory                                                      pte_memory_PTE_INDEX_WIDTH6                               8026  53111.631     0.000    53111.631 ZeroWireload (S) 
  mmu_instance_u_tlb_u_itlb                                                              itlb_TLB_ENTRIES16_VPN_WIDTH20_PPN_WIDTH20_ASID_WI        5084  28692.698     0.000    28692.698 ZeroWireload (S) 
  mmu_instance_u_tlb_u_dtlb                                                              dtlb_TLB_ENTRIES16_VPN_WIDTH20_PPN_WIDTH20_ASID_WI        3876  24018.477     0.000    24018.477 ZeroWireload (S) 
  ip_debug_trace_instance_u_trace_cdc_u_mmu_fifo                                         async_fifo_DATA_WIDTH40_ADDR_WIDTH4_4281                  2159  15882.610     0.000    15882.610 ZeroWireload (S) 
  ip_debug_trace_instance_u_trace_cdc_u_spi_fifo                                         async_fifo_DATA_WIDTH40_ADDR_WIDTH4_4283                  2138  15796.569     0.000    15796.569 ZeroWireload (S) 
  ip_debug_trace_instance_u_trace_cdc_u_watchdog_fifo                                    async_fifo_DATA_WIDTH40_ADDR_WIDTH4                       2041  15068.223     0.000    15068.223 ZeroWireload (S) 
  ip_debug_trace_instance_u_trace_cdc_u_bridge_fifo                                      async_fifo_DATA_WIDTH40_ADDR_WIDTH4_4282                  2041  15068.223     0.000    15068.223 ZeroWireload (S) 
  ip_debug_trace_instance_u_trace_cdc_u_i2c_fifo                                         async_fifo_DATA_WIDTH40_ADDR_WIDTH4_1                     1907  14021.726     0.000    14021.726 ZeroWireload (S) 
  gpio_top_reg_instance_gpio_regfile_instance                                            gpio_regfile                                              1890  12884.961     0.000    12884.961 ZeroWireload (S) 
  watchdog_timer_instance                                                                watchdog_timer                                            1874  12734.093     0.000    12734.093 ZeroWireload (S) 
    gt_656_56                                                                            gt_unsigned_14423                                          151    604.287     0.000      604.287 ZeroWireload (S) 
    dec_sub_691_54                                                                       decrement_unsigned_950_17801                                93    372.177     0.000      372.177 ZeroWireload (S) 
  interrupt_controller_instance                                                          soc_interrupt_control                                     2171  11224.069     0.000    11224.069 ZeroWireload (S) 
  ip_debug_trace_instance_u_trace_cdc_u_intr_fifo                                        async_fifo_DATA_WIDTH40_ADDR_WIDTH4_6                     1526  11136.354     0.000    11136.354 ZeroWireload (S) 
  ip_debug_trace_instance_u_trace_cdc_u_uart_fifo                                        async_fifo_DATA_WIDTH40_ADDR_WIDTH4_3                     1178   8553.127     0.000     8553.127 ZeroWireload (S) 
  i2c_wrapper_instance_i2c                                                               i2c_master                                                1302   7044.552     0.000     7044.552 ZeroWireload (S) 
    csa_tree_eq_70_25_groupi                                                             csa_tree_eq_70_25_group_100                                196    784.373     0.000      784.373 ZeroWireload (S) 
  axi_master_wrapper_data_mem_instance                                                   axi_wrapper_top_I2C_START_ADDR32h00084000_I2C_END_        1013   5486.281     0.000     5486.281 ZeroWireload (S) 
  clk_rst_ctrl_top_instance                                                              top_clk_rst_ctrl_HARD_RST_COUNTER5_RATIO4                  718   5340.253     0.000     5340.253 ZeroWireload (S) 
  uart_wrapper_instance_u_rx_top_fifo                                                    rx_async_fifo_REG_WIDTH8_DEPTH16                           612   4215.065     0.000     4215.065 ZeroWireload (S) 
  postboot_analog_register_instance                                                      analog_register                                            647   4121.347     0.000     4121.347 ZeroWireload (S) 
  top_register_instance_u_addr_error_fifo                                                top_async_fifo_DATA_WIDTH34_ADDR_WIDTH2                    509   3980.913     0.000     3980.913 ZeroWireload (S) 
  spi_wrapper_instance_u_spi_core                                                        spi_master_DATA_WIDTH32                                    512   3226.554     0.000     3226.554 ZeroWireload (S) 
  uart_wrapper_instance_u_regs                                                           regs_DATA_WIDTH8_REG_WIDTH8_OUT_WIDTH32_ADDR_WIDTH         405   2547.068     0.000     2547.068 ZeroWireload (S) 
  clk_rst_bypass_top_instance                                                            PINAKA_CLK_RST_BYPASS_TOP                                  374   2423.009     0.000     2423.009 ZeroWireload (S) 
  csr_top_instance_csr_register_file_inst_mtval_csr_inst                                 mtval_csr_CSR_ADDR_WIDTH12_DATA_WIDTH32_INSTRUCTIO         356   1745.666     0.000     1745.666 ZeroWireload (S) 
  uart_wrapper_instance_dut                                                              baud_gen_CLK_FREQ50000000_BAUD_RATE115200_REG_WIDT         305   1452.364     0.000     1452.364 ZeroWireload (S) 
  mmu_instance_u_ptw_mk_pte_addr_220_32:add_110_37                                       add_unsigned_14951                                         205    820.390     0.000      820.390 ZeroWireload (S) 
  ip_debug_trace_instance_u_trace_wrapper_u_trace_top_u_capture_controller_lt_69_29      lt_unsigned_15548_17843                                    151    604.287     0.000      604.287 ZeroWireload (S) 
  ip_debug_trace_instance_u_trace_wrapper_u_trace_top_u_capture_controller_lt_56_35      lt_unsigned_15548                                          151    604.287     0.000      604.287 ZeroWireload (S) 
  ip_debug_trace_instance_u_trace_wrapper_u_trace_top_u_capture_controller_inc_add_71_46 increment_unsigned_4751_4752_17841                         146    584.278     0.000      584.278 ZeroWireload (S) 
  ip_debug_trace_instance_u_trace_wrapper_u_trace_top_u_capture_controller_inc_add_58_55 increment_unsigned_4751_4752                               146    584.278     0.000      584.278 ZeroWireload (S) 
  mmu_instance_u_ptw_inc_add_326_42                                                      increment_unsigned_4751_4752_17840                         145    580.276     0.000      580.276 ZeroWireload (S) 
  mmu_instance_inc_u_prefetcher_add_11_39                                                increment_unsigned_4823_4824                                94    376.179     0.000      376.179 ZeroWireload (S) 

 (S) = wireload was automatically selected
