============================================================
  Generated by:           Genus(TM) Synthesis Solution 17.22-s017_1
  Generated on:           Mar 01 2023  09:38:01 pm
  Module:                 pinaka
  Operating conditions:   WCCOM (balanced_tree)
  Wireload mode:          segmented
  Area mode:              timing library
============================================================

                        Instance                                               Module                        Cell Count  Cell Area  Net Area   Total Area    Wireload      
---------------------------------------------------------------------------------------------------------------------------------------------------------------------------
pinaka                                                                                                            69889 395600.400     0.000   395600.400 ZeroWireload (S) 
  basic_isa_instance                                     rv32i_core                                                9983  48418.920     0.000    48418.920 ZeroWireload (S) 
  mmu_instance_u_tlb_u_ltlb                              l2tlb_TLB_ENTRIES32_VPN_WIDTH20_PPN_WIDTH20_ASID_W        9101  41414.040     0.000    41414.040 ZeroWireload (S) 
  debug_module_instance                                  debug_module_PTE_START_ADDR32h00024000_PTE_END_ADD        4461  30748.320     0.000    30748.320 ZeroWireload (S) 
  axi2apb_instance                                       top_bridge_FIFO_DEPTH4_ADDR_WIDTH32_DATA_WIDTH32_S        4608  30034.440     0.000    30034.440 ZeroWireload (S) 
  pte_wrapper_instance_u_pte_memory                      pte_memory_PTE_INDEX_WIDTH6                               3594  22726.080     0.000    22726.080 ZeroWireload (S) 
  mmu_instance_u_tlb_u_dtlb                              dtlb_TLB_ENTRIES16_VPN_WIDTH20_PPN_WIDTH20_ASID_WI        3207  15665.400     0.000    15665.400 ZeroWireload (S) 
  gpio_top_reg_instance_gpio_regfile_instance            gpio_regfile                                              1025   7842.240     0.000     7842.240 ZeroWireload (S) 
  ip_debug_trace_instance_u_trace_cdc_u_mmu_fifo         async_fifo_DATA_WIDTH40_ADDR_WIDTH4_4281                  1228   7299.000     0.000     7299.000 ZeroWireload (S) 
  ip_debug_trace_instance_u_trace_cdc_u_spi_fifo         async_fifo_DATA_WIDTH40_ADDR_WIDTH4_4283                  1223   7221.600     0.000     7221.600 ZeroWireload (S) 
  ip_debug_trace_instance_u_trace_cdc_u_watchdog_fifo    async_fifo_DATA_WIDTH40_ADDR_WIDTH4                       1174   6903.720     0.000     6903.720 ZeroWireload (S) 
  ip_debug_trace_instance_u_trace_cdc_u_bridge_fifo      async_fifo_DATA_WIDTH40_ADDR_WIDTH4_4282                  1174   6903.720     0.000     6903.720 ZeroWireload (S) 
  watchdog_timer_instance                                watchdog_timer                                            1078   6750.360     0.000     6750.360 ZeroWireload (S) 
  ip_debug_trace_instance_u_trace_cdc_u_i2c_fifo         async_fifo_DATA_WIDTH40_ADDR_WIDTH4_1                     1092   6423.480     0.000     6423.480 ZeroWireload (S) 
  interrupt_controller_instance                          soc_interrupt_control                                     1323   5717.160     0.000     5717.160 ZeroWireload (S) 
  ip_debug_trace_instance_u_trace_cdc_u_intr_fifo        async_fifo_DATA_WIDTH40_ADDR_WIDTH4_6                      848   5084.640     0.000     5084.640 ZeroWireload (S) 
  ip_debug_trace_instance_u_trace_cdc_u_uart_fifo        async_fifo_DATA_WIDTH40_ADDR_WIDTH4_3                      683   3981.600     0.000     3981.600 ZeroWireload (S) 
  clk_rst_ctrl_top_instance                              top_clk_rst_ctrl_HARD_RST_COUNTER5_RATIO4                  598   3416.040     0.000     3416.040 ZeroWireload (S) 
  i2c_wrapper_instance_i2c                               i2c_master                                                 707   3399.120     0.000     3399.120 ZeroWireload (S) 
  uart_wrapper_instance_u_rx_top_fifo                    rx_async_fifo_REG_WIDTH8_DEPTH16                           377   2299.320     0.000     2299.320 ZeroWireload (S) 
  postboot_analog_register_instance                      analog_register                                            349   2082.960     0.000     2082.960 ZeroWireload (S) 
  top_register_instance_u_addr_error_fifo                top_async_fifo_DATA_WIDTH34_ADDR_WIDTH2                    304   1936.080     0.000     1936.080 ZeroWireload (S) 
  spi_wrapper_instance_u_spi_core                        spi_master_DATA_WIDTH32                                    294   1662.120     0.000     1662.120 ZeroWireload (S) 
  clk_rst_bypass_top_instance                            PINAKA_CLK_RST_BYPASS_TOP                                  260   1332.360     0.000     1332.360 ZeroWireload (S) 
  uart_wrapper_instance_u_regs                           regs_DATA_WIDTH8_REG_WIDTH8_OUT_WIDTH32_ADDR_WIDTH         242   1285.560     0.000     1285.560 ZeroWireload (S) 
  csr_top_instance_csr_register_file_inst_mtval_csr_inst mtval_csr_CSR_ADDR_WIDTH12_DATA_WIDTH32_INSTRUCTIO         153    800.280     0.000      800.280 ZeroWireload (S) 
  uart_wrapper_instance_dut                              baud_gen_CLK_FREQ50000000_BAUD_RATE115200_REG_WIDT         156    667.440     0.000      667.440 ZeroWireload (S) 

 (S) = wireload was automatically selected
