============================================================
  Generated by:           Genus(TM) Synthesis Solution 17.22-s017_1
  Generated on:           Mar 01 2023  09:25:41 pm
  Module:                 pinaka
  Operating conditions:   WCCOM (balanced_tree)
  Wireload mode:          segmented
  Area mode:              timing library
============================================================

                        Instance                                               Module                        Cell Count  Cell Area  Net Area   Total Area    Wireload      
---------------------------------------------------------------------------------------------------------------------------------------------------------------------------
pinaka                                                                                                            72026 398370.240     0.000   398370.240 ZeroWireload (S) 
  basic_isa_instance                                     rv32i_core                                                9559  47197.080     0.000    47197.080 ZeroWireload (S) 
  mmu_instance_u_tlb_u_ltlb                              l2tlb_TLB_ENTRIES32_VPN_WIDTH20_PPN_WIDTH20_ASID_W       10466  43927.560     0.000    43927.560 ZeroWireload (S) 
  debug_module_instance                                  debug_module_PTE_START_ADDR32h00024000_PTE_END_ADD        4500  30828.960     0.000    30828.960 ZeroWireload (S) 
  axi2apb_instance                                       top_bridge_FIFO_DEPTH4_ADDR_WIDTH32_DATA_WIDTH32_S        4576  29710.800     0.000    29710.800 ZeroWireload (S) 
  pte_wrapper_instance_u_pte_memory                      pte_memory_PTE_INDEX_WIDTH6                               3688  23009.040     0.000    23009.040 ZeroWireload (S) 
  mmu_instance_u_tlb_u_dtlb                              dtlb_TLB_ENTRIES16_VPN_WIDTH20_PPN_WIDTH20_ASID_WI        3329  15762.600     0.000    15762.600 ZeroWireload (S) 
  gpio_top_reg_instance_gpio_regfile_instance            gpio_regfile                                              1026   7843.680     0.000     7843.680 ZeroWireload (S) 
  ip_debug_trace_instance_u_trace_cdc_u_mmu_fifo         async_fifo_DATA_WIDTH40_ADDR_WIDTH4_4281                  1222   7281.720     0.000     7281.720 ZeroWireload (S) 
  ip_debug_trace_instance_u_trace_cdc_u_spi_fifo         async_fifo_DATA_WIDTH40_ADDR_WIDTH4_4283                  1229   7232.760     0.000     7232.760 ZeroWireload (S) 
  ip_debug_trace_instance_u_trace_cdc_u_watchdog_fifo    async_fifo_DATA_WIDTH40_ADDR_WIDTH4                       1178   6912.000     0.000     6912.000 ZeroWireload (S) 
  ip_debug_trace_instance_u_trace_cdc_u_bridge_fifo      async_fifo_DATA_WIDTH40_ADDR_WIDTH4_4282                  1178   6912.000     0.000     6912.000 ZeroWireload (S) 
  watchdog_timer_instance                                watchdog_timer                                            1107   6768.360     0.000     6768.360 ZeroWireload (S) 
  ip_debug_trace_instance_u_trace_cdc_u_i2c_fifo         async_fifo_DATA_WIDTH40_ADDR_WIDTH4_1                     1099   6436.080     0.000     6436.080 ZeroWireload (S) 
  interrupt_controller_instance                          soc_interrupt_control                                     1345   5910.120     0.000     5910.120 ZeroWireload (S) 
  ip_debug_trace_instance_u_trace_cdc_u_intr_fifo        async_fifo_DATA_WIDTH40_ADDR_WIDTH4_6                      853   5094.360     0.000     5094.360 ZeroWireload (S) 
  ip_debug_trace_instance_u_trace_cdc_u_uart_fifo        async_fifo_DATA_WIDTH40_ADDR_WIDTH4_3                      689   3992.760     0.000     3992.760 ZeroWireload (S) 
  i2c_wrapper_instance_i2c                               i2c_master                                                 735   3438.360     0.000     3438.360 ZeroWireload (S) 
  clk_rst_ctrl_top_instance                              top_clk_rst_ctrl_HARD_RST_COUNTER5_RATIO4                  604   3386.160     0.000     3386.160 ZeroWireload (S) 
  uart_wrapper_instance_u_rx_top_fifo                    rx_async_fifo_REG_WIDTH8_DEPTH16                           382   2304.360     0.000     2304.360 ZeroWireload (S) 
  postboot_analog_register_instance                      analog_register                                            349   2082.960     0.000     2082.960 ZeroWireload (S) 
  top_register_instance_u_addr_error_fifo                top_async_fifo_DATA_WIDTH34_ADDR_WIDTH2                    306   1937.160     0.000     1937.160 ZeroWireload (S) 
  spi_wrapper_instance_u_spi_core                        spi_master_DATA_WIDTH32                                    299   1665.000     0.000     1665.000 ZeroWireload (S) 
  clk_rst_bypass_top_instance                            PINAKA_CLK_RST_BYPASS_TOP                                  286   1369.800     0.000     1369.800 ZeroWireload (S) 
  uart_wrapper_instance_u_regs                           regs_DATA_WIDTH8_REG_WIDTH8_OUT_WIDTH32_ADDR_WIDTH         246   1289.160     0.000     1289.160 ZeroWireload (S) 
  csr_top_instance_csr_register_file_inst_mtval_csr_inst mtval_csr_CSR_ADDR_WIDTH12_DATA_WIDTH32_INSTRUCTIO         158    806.760     0.000      806.760 ZeroWireload (S) 
  uart_wrapper_instance_dut                              baud_gen_CLK_FREQ50000000_BAUD_RATE115200_REG_WIDT         170    672.480     0.000      672.480 ZeroWireload (S) 

 (S) = wireload was automatically selected
