============================================================
  Generated by:           Genus(TM) Synthesis Solution 17.22-s017_1
  Generated on:           Mar 01 2023  09:17:20 pm
  Module:                 pinaka
  Operating conditions:   WCCOM (balanced_tree)
  Wireload mode:          segmented
  Area mode:              timing library
============================================================

                                       Leakage     Dynamic       Total    
           Instance            Cells  Power(nW)   Power(nW)    Power(nW)  
--------------------------------------------------------------------------
pinaka                        120533 152980.064 16564394.853 16717374.917 
  core_debug..yncfifo_trace    12698  20236.026   962658.642   982894.668 
    RC_CG_HIER_INST181             1      1.839     1333.476     1335.315 
    RC_CG_HIER_INST244             1      1.839     1333.476     1335.315 
    RC_CG_HIER_INST179             1      1.839     1313.373     1315.212 
    RC_CG_HIER_INST180             1      1.839     1313.373     1315.212 
    RC_CG_HIER_INST182             1      1.839     1313.373     1315.212 
    RC_CG_HIER_INST183             1      1.839     1313.373     1315.212 
    RC_CG_HIER_INST184             1      1.839     1313.373     1315.212 
    RC_CG_HIER_INST185             1      1.839     1313.373     1315.212 
    RC_CG_HIER_INST186             1      1.839     1313.373     1315.212 
    RC_CG_HIER_INST187             1      1.839     1313.373     1315.212 
    RC_CG_HIER_INST188             1      1.839     1313.373     1315.212 
    RC_CG_HIER_INST189             1      1.839     1313.373     1315.212 
    RC_CG_HIER_INST190             1      1.839     1313.373     1315.212 
    RC_CG_HIER_INST191             1      1.839     1313.373     1315.212 
    RC_CG_HIER_INST192             1      1.839     1313.373     1315.212 
    RC_CG_HIER_INST193             1      1.839     1313.373     1315.212 
    RC_CG_HIER_INST194             1      1.839     1313.373     1315.212 
    RC_CG_HIER_INST195             1      1.839     1313.373     1315.212 
    RC_CG_HIER_INST196             1      1.839     1313.373     1315.212 
    RC_CG_HIER_INST197             1      1.839     1313.373     1315.212 
    RC_CG_HIER_INST198             1      1.839     1313.373     1315.212 
    RC_CG_HIER_INST199             1      1.839     1313.373     1315.212 
    RC_CG_HIER_INST200             1      1.839     1313.373     1315.212 
    RC_CG_HIER_INST201             1      1.839     1313.373     1315.212 
    RC_CG_HIER_INST202             1      1.839     1313.373     1315.212 
    RC_CG_HIER_INST203             1      1.839     1313.373     1315.212 
    RC_CG_HIER_INST204             1      1.839     1313.373     1315.212 
    RC_CG_HIER_INST205             1      1.839     1313.373     1315.212 
    RC_CG_HIER_INST206             1      1.839     1313.373     1315.212 
    RC_CG_HIER_INST207             1      1.839     1313.373     1315.212 
    RC_CG_HIER_INST208             1      1.839     1313.373     1315.212 
    RC_CG_HIER_INST209             1      1.839     1313.373     1315.212 
    RC_CG_HIER_INST210             1      1.839     1313.373     1315.212 
    RC_CG_HIER_INST211             1      1.839     1313.373     1315.212 
    RC_CG_HIER_INST212             1      1.839     1313.373     1315.212 
    RC_CG_HIER_INST213             1      1.839     1313.373     1315.212 
    RC_CG_HIER_INST214             1      1.839     1313.373     1315.212 
    RC_CG_HIER_INST215             1      1.839     1313.373     1315.212 
    RC_CG_HIER_INST216             1      1.839     1313.373     1315.212 
    RC_CG_HIER_INST217             1      1.839     1313.373     1315.212 
    RC_CG_HIER_INST218             1      1.839     1313.373     1315.212 
    RC_CG_HIER_INST219             1      1.839     1313.373     1315.212 
    RC_CG_HIER_INST220             1      1.839     1313.373     1315.212 
    RC_CG_HIER_INST221             1      1.839     1313.373     1315.212 
    RC_CG_HIER_INST222             1      1.839     1313.373     1315.212 
    RC_CG_HIER_INST223             1      1.839     1313.373     1315.212 
    RC_CG_HIER_INST224             1      1.839     1313.373     1315.212 
    RC_CG_HIER_INST225             1      1.839     1313.373     1315.212 
    RC_CG_HIER_INST226             1      1.839     1313.373     1315.212 
    RC_CG_HIER_INST227             1      1.839     1313.373     1315.212 
    RC_CG_HIER_INST228             1      1.839     1313.373     1315.212 
    RC_CG_HIER_INST229             1      1.839     1313.373     1315.212 
    RC_CG_HIER_INST230             1      1.839     1313.373     1315.212 
    RC_CG_HIER_INST231             1      1.839     1313.373     1315.212 
    RC_CG_HIER_INST232             1      1.839     1313.373     1315.212 
    RC_CG_HIER_INST233             1      1.839     1313.373     1315.212 
    RC_CG_HIER_INST234             1      1.839     1313.373     1315.212 
    RC_CG_HIER_INST235             1      1.839     1313.373     1315.212 
    RC_CG_HIER_INST236             1      1.839     1313.373     1315.212 
    RC_CG_HIER_INST237             1      1.839     1313.373     1315.212 
    RC_CG_HIER_INST238             1      1.839     1313.373     1315.212 
    RC_CG_HIER_INST239             1      1.839     1313.373     1315.212 
    RC_CG_HIER_INST240             1      1.839     1313.373     1315.212 
    RC_CG_HIER_INST241             1      1.839     1313.373     1315.212 
    RC_CG_HIER_INST242             1      1.839     1313.373     1315.212 
    RC_CG_HIER_INST243             1      1.839     1313.373     1315.212 
  basic_isa_instance           18153  17669.580  1039555.104  1057224.684 
    u_decode_u_regfile          7360   6678.939   150352.578   157031.517 
      RC_CG_HIER_INST83            1      1.839     2626.746     2628.585 
      RC_CG_HIER_INST84            1      1.839     2626.746     2628.585 
      RC_CG_HIER_INST85            1      1.839     2626.746     2628.585 
      RC_CG_HIER_INST86            1      1.839     2626.746     2628.585 
      RC_CG_HIER_INST87            1      1.839     2626.746     2628.585 
      RC_CG_HIER_INST88            1      1.839     2626.746     2628.585 
      RC_CG_HIER_INST89            1      1.839     2626.746     2628.585 
      RC_CG_HIER_INST90            1      1.839     2626.746     2628.585 
      RC_CG_HIER_INST91            1      1.839     2626.746     2628.585 
      RC_CG_HIER_INST92            1      1.839     2626.746     2628.585 
      RC_CG_HIER_INST93            1      1.839     2626.746     2628.585 
      RC_CG_HIER_INST94            1      1.839     2626.746     2628.585 
      RC_CG_HIER_INST95            1      1.839     2626.746     2628.585 
      RC_CG_HIER_INST96            1      1.839     2626.746     2628.585 
      RC_CG_HIER_INST97            1      1.839     2626.746     2628.585 
      RC_CG_HIER_INST98            1      1.839     2626.746     2628.585 
      RC_CG_HIER_INST99            1      1.839     2626.746     2628.585 
      RC_CG_HIER_INST100           1      1.839     2626.746     2628.585 
      RC_CG_HIER_INST101           1      1.839     2626.746     2628.585 
      RC_CG_HIER_INST102           1      1.839     2626.746     2628.585 
      RC_CG_HIER_INST103           1      1.839     2626.746     2628.585 
      RC_CG_HIER_INST104           1      1.839     2626.746     2628.585 
      RC_CG_HIER_INST105           1      1.839     2626.746     2628.585 
      RC_CG_HIER_INST106           1      1.839     2626.746     2628.585 
      RC_CG_HIER_INST107           1      1.839     2626.746     2628.585 
      RC_CG_HIER_INST108           1      1.839     2626.746     2628.585 
      RC_CG_HIER_INST109           1      1.839     2626.746     2628.585 
      RC_CG_HIER_INST110           1      1.839     2626.746     2628.585 
      RC_CG_HIER_INST111           1      1.839     2626.746     2628.585 
      RC_CG_HIER_INST112           1      1.839     2626.746     2628.585 
      RC_CG_HIER_INST113           1      1.839     2626.746     2628.585 
    u_exe_u_al..ith_add_87_27    508    264.918     3949.154     4214.072 
    u_branch_a..nch_add_94_43    384    226.749    13683.578    13910.327 
    u_if_u_btb..if_add_162_34    156    128.312        0.000      128.312 
    u_if_u_pc_.._36_42_groupi    214    120.821     2952.953     3073.774 
    u_branch_add_104_35          137    101.777     5126.601     5228.378 
    u_exe_add_103_65             137    101.777     5126.601     5228.378 
    u_branch_l..nch_gte_54_68    151     35.976      749.790      785.766 
    u_if_u_pc_.._HIER_INST135      1      1.845     8321.002     8322.846 
    u_ex_mem_R.._HIER_INST114      1      1.839     2646.954     2648.793 
    u_id_ex_RC.._HIER_INST115      1      1.839     2646.954     2648.793 
    u_if_id_RC.._HIER_INST116      1      1.839     2646.954     2648.793 
    u_mem_wb_R.._HIER_INST136      1      1.839     2646.954     2648.793 
    RC_CG_HIER_INST80              1      1.839     2626.746     2628.585 
    RC_CG_HIER_INST81              1      1.839     2626.746     2628.585 
    u_if_u_btb.._HIER_INST118      1      1.839     2626.746     2628.585 
    u_if_u_btb.._HIER_INST119      1      1.839     2626.746     2628.585 
    u_if_u_btb.._HIER_INST120      1      1.839     2626.746     2628.585 
    u_if_u_btb.._HIER_INST121      1      1.839     2626.746     2628.585 
    u_if_u_btb.._HIER_INST122      1      1.839     2626.746     2628.585 
    u_if_u_btb.._HIER_INST123      1      1.839     2626.746     2628.585 
    u_if_u_btb.._HIER_INST124      1      1.839     2626.746     2628.585 
    u_if_u_btb.._HIER_INST125      1      1.839     2626.746     2628.585 
    u_if_u_btb.._HIER_INST126      1      1.839     2626.746     2628.585 
    u_if_u_btb.._HIER_INST127      1      1.839     2626.746     2628.585 
    u_if_u_btb.._HIER_INST128      1      1.839     2626.746     2628.585 
    u_if_u_btb.._HIER_INST129      1      1.839     2626.746     2628.585 
    u_if_u_btb.._HIER_INST130      1      1.839     2626.746     2628.585 
    u_if_u_btb.._HIER_INST131      1      1.839     2626.746     2628.585 
    u_if_u_btb.._HIER_INST132      1      1.839     2626.746     2628.585 
    u_if_u_btb.._HIER_INST133      1      1.839     2626.746     2628.585 
    u_if_u_btb.._HIER_INST134      1      1.839     2626.746     2628.585 
    u_trace_co.._HIER_INST137      1      1.839     2626.746     2628.585 
    u_trace_co.._HIER_INST138      1      1.839     2626.746     2628.585 
    u_if_id_RC.._HIER_INST117      1      1.828    22498.315    22500.143 
    RC_CG_HIER_INST82              1      1.803     7090.936     7092.738 
  debug_module_instance         8657  12572.753  1884230.569  1896803.322 
    u_dm_regfile_add_373_30      140    105.858        0.000      105.858 
    u_dmi_dr_R.._HIER_INST310      1      1.890      315.294      317.184 
    u_sba_fsm_.._HIER_INST321      1      1.840     1662.632     1664.472 
    u_program_.._HIER_INST318      1      1.839     1387.313     1389.152 
    u_dmi_requ.._HIER_INST311      1      1.839     1333.792     1335.631 
    u_dtm_cdc_.._HIER_INST313      1      1.839     1343.686     1345.525 
    u_program_.._HIER_INST317      1      1.839     1496.399     1498.239 
    u_dmi_requ.._HIER_INST312      1      1.839     1484.836     1486.675 
    u_dm_regfi.._HIER_INST307      1      1.839     1323.372     1325.211 
    RC_CG_HIER_INST265             1      1.839       13.134       14.972 
    RC_CG_HIER_INST266             1      1.839       13.134       14.972 
    u_ace_RC_CG_HIER_INST267       1      1.839     1313.373     1315.212 
    u_ace_RC_CG_HIER_INST268       1      1.839     1313.373     1315.212 
    u_ace_RC_CG_HIER_INST269       1      1.839     1313.373     1315.212 
    u_ace_RC_CG_HIER_INST270       1      1.839     1313.373     1315.212 
    u_ace_RC_CG_HIER_INST271       1      1.839     1313.373     1315.212 
    u_dm_regfi.._HIER_INST272      1      1.839     1313.373     1315.212 
    u_dm_regfi.._HIER_INST273      1      1.839     1313.373     1315.212 
    u_dm_regfi.._HIER_INST274      1      1.839     1313.373     1315.212 
    u_dm_regfi.._HIER_INST275      1      1.839     1313.373     1315.212 
    u_dm_regfi.._HIER_INST276      1      1.839     1313.373     1315.212 
    u_dm_regfi.._HIER_INST277      1      1.839     1313.373     1315.212 
    u_dm_regfi.._HIER_INST278      1      1.839     1313.373     1315.212 
    u_dm_regfi.._HIER_INST279      1      1.839     1313.373     1315.212 
    u_dm_regfi.._HIER_INST280      1      1.839     1313.373     1315.212 
    u_dm_regfi.._HIER_INST281      1      1.839     1313.373     1315.212 
    u_dm_regfi.._HIER_INST282      1      1.839     1313.373     1315.212 
    u_dm_regfi.._HIER_INST283      1      1.839     1313.373     1315.212 
    u_dm_regfi.._HIER_INST284      1      1.839     1313.373     1315.212 
    u_dm_regfi.._HIER_INST285      1      1.839     1313.373     1315.212 
    u_dm_regfi.._HIER_INST286      1      1.839     1313.373     1315.212 
    u_dm_regfi.._HIER_INST287      1      1.839     1313.373     1315.212 
    u_dm_regfi.._HIER_INST288      1      1.839     1313.373     1315.212 
    u_dm_regfi.._HIER_INST289      1      1.839     1313.373     1315.212 
    u_dm_regfi.._HIER_INST290      1      1.839     1313.373     1315.212 
    u_dm_regfi.._HIER_INST291      1      1.839     1313.373     1315.212 
    u_dm_regfi.._HIER_INST292      1      1.839     1313.373     1315.212 
    u_dm_regfi.._HIER_INST293      1      1.839     1313.373     1315.212 
    u_dm_regfi.._HIER_INST294      1      1.839     1313.373     1315.212 
    u_dm_regfi.._HIER_INST295      1      1.839     1313.373     1315.212 
    u_dm_regfi.._HIER_INST296      1      1.839     1313.373     1315.212 
    u_dm_regfi.._HIER_INST297      1      1.839     1313.373     1315.212 
    u_dm_regfi.._HIER_INST298      1      1.839     1313.373     1315.212 
    u_dm_regfi.._HIER_INST299      1      1.839     1313.373     1315.212 
    u_dm_regfi.._HIER_INST300      1      1.839     1313.373     1315.212 
    u_dm_regfi.._HIER_INST301      1      1.839     1313.373     1315.212 
    u_dm_regfi.._HIER_INST302      1      1.839     1313.373     1315.212 
    u_dm_regfi.._HIER_INST303      1      1.839     1313.373     1315.212 
    u_dm_regfi.._HIER_INST304      1      1.839     1313.373     1315.212 
    u_dm_regfi.._HIER_INST305      1      1.839     1313.373     1315.212 
    u_dm_regfi.._HIER_INST306      1      1.839     1313.373     1315.212 
    u_dmi_dr_R.._HIER_INST308      1      1.839       13.134       14.972 
    u_dmi_dr_R.._HIER_INST309      1      1.839       13.134       14.972 
    u_dtm_cdc_.._HIER_INST314      1      1.839       13.134       14.972 
    u_dtmcs_re.._HIER_INST315      1      1.839       13.134       14.972 
    u_idcode_R.._HIER_INST316      1      1.839       13.134       14.972 
    u_resp_buf.._HIER_INST319      1      1.839       13.134       14.972 
    u_sba_fsm_.._HIER_INST320      1      1.839     1313.373     1315.212 
    u_sba_fsm_.._HIER_INST322      1      1.839     1313.373     1315.212 
    u_tap_RC_CG_HIER_INST324       1      1.797       41.554       43.351 
    u_sba_fsm_.._HIER_INST323      1      1.796     3897.000     3898.796 
  mmu_instance_u_tlb_u_ltlb    14032  12318.047   313812.368   326130.415 
    u_l2_replace                 157    191.618     5082.003     5273.621 
      RC_CG_HIER_INST579           1      1.839     2626.746     2628.585 
    RC_CG_HIER_INST546             1      1.839     2626.746     2628.585 
    RC_CG_HIER_INST547             1      1.839     2626.746     2628.585 
    RC_CG_HIER_INST548             1      1.839     2626.746     2628.585 
    RC_CG_HIER_INST549             1      1.839     2626.746     2628.585 
    RC_CG_HIER_INST550             1      1.839     2626.746     2628.585 
    RC_CG_HIER_INST551             1      1.839     2626.746     2628.585 
    RC_CG_HIER_INST552             1      1.839     2626.746     2628.585 
    RC_CG_HIER_INST553             1      1.839     2626.746     2628.585 
    RC_CG_HIER_INST554             1      1.839     2626.746     2628.585 
    RC_CG_HIER_INST555             1      1.839     2626.746     2628.585 
    RC_CG_HIER_INST556             1      1.839     2626.746     2628.585 
    RC_CG_HIER_INST557             1      1.839     2626.746     2628.585 
    RC_CG_HIER_INST558             1      1.839     2626.746     2628.585 
    RC_CG_HIER_INST559             1      1.839     2626.746     2628.585 
    RC_CG_HIER_INST560             1      1.839     2626.746     2628.585 
    RC_CG_HIER_INST561             1      1.839     2626.746     2628.585 
    RC_CG_HIER_INST562             1      1.839     2626.746     2628.585 
    RC_CG_HIER_INST563             1      1.839     2626.746     2628.585 
    RC_CG_HIER_INST564             1      1.839     2626.746     2628.585 
    RC_CG_HIER_INST565             1      1.839     2626.746     2628.585 
    RC_CG_HIER_INST566             1      1.839     2626.746     2628.585 
    RC_CG_HIER_INST567             1      1.839     2626.746     2628.585 
    RC_CG_HIER_INST568             1      1.839     2626.746     2628.585 
    RC_CG_HIER_INST569             1      1.839     2626.746     2628.585 
    RC_CG_HIER_INST570             1      1.839     2626.746     2628.585 
    RC_CG_HIER_INST571             1      1.839     2626.746     2628.585 
    RC_CG_HIER_INST572             1      1.839     2626.746     2628.585 
    RC_CG_HIER_INST573             1      1.839     2626.746     2628.585 
    RC_CG_HIER_INST574             1      1.839     2626.746     2628.585 
    RC_CG_HIER_INST575             1      1.839     2626.746     2628.585 
    RC_CG_HIER_INST576             1      1.839     2626.746     2628.585 
    RC_CG_HIER_INST577             1      1.839     2626.746     2628.585 
    RC_CG_HIER_INST578             1      1.839     2626.746     2628.585 
  axi2apb_instance              7528  11840.508  1896425.568  1908266.076 
    apb_m_RC_CG_HIER_INST5         1      1.854    10881.800    10883.655 
    RC_CG_HIER_INST3               1      1.852     3857.927     3859.778 
    RC_CG_HIER_INST2               1      1.850     3459.503     3461.353 
    apb_m_RC_CG_HIER_INST7         1      1.849     2871.313     2873.162 
    RC_CG_HIER_INST1               1      1.846     5085.050     5086.896 
    trace_fifo..G_HIER_INST63      1      1.844     3075.765     3077.609 
    slave_RC_CG_HIER_INST20        1      1.843     3945.437     3947.280 
    slave_RC_CG_HIER_INST23        1      1.843     3715.802     3717.645 
    rdata_fifo..G_HIER_INST18      1      1.842     3888.177     3890.018 
    raddr_fifo..G_HIER_INST10      1      1.841     3183.226     3185.067 
    raddr_fifo..G_HIER_INST11      1      1.840     3170.026     3171.866 
    raddr_fifo..G_HIER_INST13      1      1.840     1688.396     1690.236 
    trace_fifo..G_HIER_INST46      1      1.840     3406.748     3408.588 
    slave_RC_CG_HIER_INST24        1      1.840     2733.630     2735.470 
    apb_m_RC_CG_HIER_INST6         1      1.840     1324.004     1325.843 
    raddr_fifo..G_HIER_INST12      1      1.839     2667.584     2669.423 
    trace_fifo..G_HIER_INST32      1      1.839     2667.373     2669.213 
    write_fifo..G_HIER_INST69      1      1.839     1323.793     1325.632 
    trace_fifo..G_HIER_INST34      1      1.839     3017.850     3019.689 
    trace_fifo..G_HIER_INST37      1      1.839     2657.269     2659.108 
    rdata_fifo..G_HIER_INST15      1      1.839     1486.315     1488.154 
    trace_fifo..G_HIER_INST36      1      1.839     2647.165     2649.004 
    trace_fifo..G_HIER_INST38      1      1.839     2637.271     2639.110 
    slave_RC_CG_HIER_INST25        1      1.839     2702.744     2704.583 
    trace_fifo..G_HIER_INST47      1      1.839     2825.635     2827.474 
    trace_fifo..G_HIER_INST44      1      1.839     2637.061     2638.900 
    trace_fifo..G_HIER_INST52      1      1.839     2637.061     2638.900 
    trace_fifo..G_HIER_INST53      1      1.839     2646.954     2648.793 
    trace_fifo..G_HIER_INST40      1      1.839     2636.850     2638.689 
    RC_CG_HIER_INST4               1      1.839     1313.373     1315.212 
    raddr_fifo..CG_HIER_INST9      1      1.839     2626.746     2628.585 
    rdata_fifo..G_HIER_INST14      1      1.839     1313.373     1315.212 
    rdata_fifo..G_HIER_INST16      1      1.839     1313.373     1315.212 
    rdata_fifo..G_HIER_INST17      1      1.839     1313.373     1315.212 
    slave_RC_CG_HIER_INST21        1      1.839     2626.746     2628.585 
    slave_RC_CG_HIER_INST22        1      1.839     2626.746     2628.585 
    trace_fifo..G_HIER_INST31      1      1.839     2626.746     2628.585 
    trace_fifo..G_HIER_INST33      1      1.839     2626.746     2628.585 
    trace_fifo..G_HIER_INST35      1      1.839     2626.746     2628.585 
    trace_fifo..G_HIER_INST39      1      1.839     2626.746     2628.585 
    trace_fifo..G_HIER_INST41      1      1.839     2626.746     2628.585 
    trace_fifo..G_HIER_INST42      1      1.839     2626.746     2628.585 
    trace_fifo..G_HIER_INST43      1      1.839     2626.746     2628.585 
    trace_fifo..G_HIER_INST45      1      1.839     2626.746     2628.585 
    trace_fifo..G_HIER_INST48      1      1.839     2626.746     2628.585 
    trace_fifo..G_HIER_INST49      1      1.839     2626.746     2628.585 
    trace_fifo..G_HIER_INST50      1      1.839     2626.746     2628.585 
    trace_fifo..G_HIER_INST51      1      1.839     2626.746     2628.585 
    trace_fifo..G_HIER_INST54      1      1.839     2626.746     2628.585 
    trace_fifo..G_HIER_INST55      1      1.839     2626.746     2628.585 
    trace_fifo..G_HIER_INST56      1      1.839     2626.746     2628.585 
    trace_fifo..G_HIER_INST57      1      1.839     2626.746     2628.585 
    trace_fifo..G_HIER_INST58      1      1.839     2626.746     2628.585 
    trace_fifo..G_HIER_INST59      1      1.839     2626.746     2628.585 
    trace_fifo..G_HIER_INST60      1      1.839     2626.746     2628.585 
    trace_fifo..G_HIER_INST61      1      1.839     2626.746     2628.585 
    trace_fifo..G_HIER_INST62      1      1.839     2626.746     2628.585 
    trace_fifo..G_HIER_INST64      1      1.839     1313.373     1315.212 
    write_fifo..G_HIER_INST65      1      1.839     2626.746     2628.585 
    write_fifo..G_HIER_INST66      1      1.839     2626.746     2628.585 
    write_fifo..G_HIER_INST67      1      1.839     2626.746     2628.585 
    write_fifo..G_HIER_INST68      1      1.839     2626.746     2628.585 
    arbtr_RC_CG_HIER_INST8         1      1.808     3525.268     3527.076 
    slave_RC_CG_HIER_INST26        1      1.806    10106.160    10107.966 
    slave_RC_CG_HIER_INST30        1      1.799     7077.594     7079.393 
    slave_RC_CG_HIER_INST19        1      1.799    25808.015    25809.814 
    slave_RC_CG_HIER_INST27        1      1.797    10386.888    10388.685 
    slave_RC_CG_HIER_INST28        1      1.797     7775.853     7777.649 
    slave_RC_CG_HIER_INST29        1      1.797     7775.853     7777.649 
  pte_wrappe.._u_pte_memory     8026  10755.723   296498.172   307253.895 
    RC_CG_HIER_INST599             1      1.839     2626.746     2628.585 
    RC_CG_HIER_INST600             1      1.839     2626.746     2628.585 
    RC_CG_HIER_INST601             1      1.839     2626.746     2628.585 
    RC_CG_HIER_INST602             1      1.839     2626.746     2628.585 
    RC_CG_HIER_INST603             1      1.839     2626.746     2628.585 
    RC_CG_HIER_INST604             1      1.839     2626.746     2628.585 
    RC_CG_HIER_INST605             1      1.839     2626.746     2628.585 
    RC_CG_HIER_INST606             1      1.839     2626.746     2628.585 
    RC_CG_HIER_INST607             1      1.839     2626.746     2628.585 
    RC_CG_HIER_INST608             1      1.839     2626.746     2628.585 
    RC_CG_HIER_INST609             1      1.839     2626.746     2628.585 
    RC_CG_HIER_INST610             1      1.839     2626.746     2628.585 
    RC_CG_HIER_INST611             1      1.839     2626.746     2628.585 
    RC_CG_HIER_INST612             1      1.839     2626.746     2628.585 
    RC_CG_HIER_INST613             1      1.839     2626.746     2628.585 
    RC_CG_HIER_INST614             1      1.839     2626.746     2628.585 
    RC_CG_HIER_INST615             1      1.839     2626.746     2628.585 
    RC_CG_HIER_INST616             1      1.839     2626.746     2628.585 
    RC_CG_HIER_INST617             1      1.839     2626.746     2628.585 
    RC_CG_HIER_INST618             1      1.839     2626.746     2628.585 
    RC_CG_HIER_INST619             1      1.839     2626.746     2628.585 
    RC_CG_HIER_INST620             1      1.839     2626.746     2628.585 
    RC_CG_HIER_INST621             1      1.839     2626.746     2628.585 
    RC_CG_HIER_INST622             1      1.839     2626.746     2628.585 
    RC_CG_HIER_INST623             1      1.839     2626.746     2628.585 
    RC_CG_HIER_INST624             1      1.839     2626.746     2628.585 
    RC_CG_HIER_INST625             1      1.839     2626.746     2628.585 
    RC_CG_HIER_INST626             1      1.839     2626.746     2628.585 
    RC_CG_HIER_INST627             1      1.839     2626.746     2628.585 
    RC_CG_HIER_INST628             1      1.839     2626.746     2628.585 
    RC_CG_HIER_INST629             1      1.839     2626.746     2628.585 
    RC_CG_HIER_INST630             1      1.839     2626.746     2628.585 
    RC_CG_HIER_INST631             1      1.839     2626.746     2628.585 
    RC_CG_HIER_INST632             1      1.839     2626.746     2628.585 
    RC_CG_HIER_INST633             1      1.839     2626.746     2628.585 
    RC_CG_HIER_INST634             1      1.839     2626.746     2628.585 
    RC_CG_HIER_INST635             1      1.839     2626.746     2628.585 
    RC_CG_HIER_INST636             1      1.839     2626.746     2628.585 
    RC_CG_HIER_INST637             1      1.839     2626.746     2628.585 
    RC_CG_HIER_INST638             1      1.839     2626.746     2628.585 
    RC_CG_HIER_INST639             1      1.839     2626.746     2628.585 
    RC_CG_HIER_INST640             1      1.839     2626.746     2628.585 
    RC_CG_HIER_INST641             1      1.839     2626.746     2628.585 
    RC_CG_HIER_INST642             1      1.839     2626.746     2628.585 
    RC_CG_HIER_INST643             1      1.839     2626.746     2628.585 
    RC_CG_HIER_INST644             1      1.839     2626.746     2628.585 
    RC_CG_HIER_INST645             1      1.839     2626.746     2628.585 
    RC_CG_HIER_INST646             1      1.839     2626.746     2628.585 
    RC_CG_HIER_INST647             1      1.839     2626.746     2628.585 
    RC_CG_HIER_INST648             1      1.839     2626.746     2628.585 
    RC_CG_HIER_INST649             1      1.839     2626.746     2628.585 
    RC_CG_HIER_INST650             1      1.839     2626.746     2628.585 
    RC_CG_HIER_INST651             1      1.839     2626.746     2628.585 
    RC_CG_HIER_INST652             1      1.839     2626.746     2628.585 
    RC_CG_HIER_INST653             1      1.839     2626.746     2628.585 
    RC_CG_HIER_INST654             1      1.839     2626.746     2628.585 
    RC_CG_HIER_INST655             1      1.839     2626.746     2628.585 
    RC_CG_HIER_INST656             1      1.839     2626.746     2628.585 
    RC_CG_HIER_INST657             1      1.839     2626.746     2628.585 
    RC_CG_HIER_INST658             1      1.839     2626.746     2628.585 
    RC_CG_HIER_INST659             1      1.839     2626.746     2628.585 
    RC_CG_HIER_INST660             1      1.839     2626.746     2628.585 
    RC_CG_HIER_INST661             1      1.839     2626.746     2628.585 
    RC_CG_HIER_INST662             1      1.839     2626.746     2628.585 
    RC_CG_HIER_INST598             1      1.797    26053.099    26054.896 
  mmu_instance_u_tlb_u_itlb     5084   5311.341   131407.851   136719.191 
    RC_CG_HIER_INST528             1      1.839     2626.746     2628.585 
    RC_CG_HIER_INST529             1      1.839     2626.746     2628.585 
    RC_CG_HIER_INST530             1      1.839     2626.746     2628.585 
    RC_CG_HIER_INST531             1      1.839     2626.746     2628.585 
    RC_CG_HIER_INST532             1      1.839     2626.746     2628.585 
    RC_CG_HIER_INST533             1      1.839     2626.746     2628.585 
    RC_CG_HIER_INST534             1      1.839     2626.746     2628.585 
    RC_CG_HIER_INST535             1      1.839     2626.746     2628.585 
    RC_CG_HIER_INST536             1      1.839     2626.746     2628.585 
    RC_CG_HIER_INST537             1      1.839     2626.746     2628.585 
    RC_CG_HIER_INST538             1      1.839     2626.746     2628.585 
    RC_CG_HIER_INST539             1      1.839     2626.746     2628.585 
    RC_CG_HIER_INST540             1      1.839     2626.746     2628.585 
    RC_CG_HIER_INST541             1      1.839     2626.746     2628.585 
    RC_CG_HIER_INST542             1      1.839     2626.746     2628.585 
    RC_CG_HIER_INST543             1      1.839     2626.746     2628.585 
    RC_CG_HIER_INST544             1      1.839     2626.746     2628.585 
    RC_CG_HIER_INST545             1      1.839     2626.746     2628.585 
  mmu_instance_u_tlb_u_dtlb     3876   4908.083   163969.981   168878.065 
    RC_CG_HIER_INST510             1      1.839     2626.746     2628.585 
    RC_CG_HIER_INST511             1      1.839     2626.746     2628.585 
    RC_CG_HIER_INST512             1      1.839     2626.746     2628.585 
    RC_CG_HIER_INST513             1      1.839     2626.746     2628.585 
    RC_CG_HIER_INST514             1      1.839     2626.746     2628.585 
    RC_CG_HIER_INST515             1      1.839     2626.746     2628.585 
    RC_CG_HIER_INST516             1      1.839     2626.746     2628.585 
    RC_CG_HIER_INST517             1      1.839     2626.746     2628.585 
    RC_CG_HIER_INST518             1      1.839     2626.746     2628.585 
    RC_CG_HIER_INST519             1      1.839     2626.746     2628.585 
    RC_CG_HIER_INST520             1      1.839     2626.746     2628.585 
    RC_CG_HIER_INST521             1      1.839     2626.746     2628.585 
    RC_CG_HIER_INST522             1      1.839     2626.746     2628.585 
    RC_CG_HIER_INST523             1      1.839     2626.746     2628.585 
    RC_CG_HIER_INST524             1      1.839     2626.746     2628.585 
    RC_CG_HIER_INST525             1      1.839     2626.746     2628.585 
    RC_CG_HIER_INST526             1      1.839     2626.746     2628.585 
    RC_CG_HIER_INST527             1      1.839     2626.746     2628.585 
  ip_debug_t..dc_u_mmu_fifo     2159   3456.208   200734.035   204190.243 
    RC_CG_HIER_INST424             1      1.846     3397.381     3399.227 
    RC_CG_HIER_INST425             1      1.839     2848.238     2850.077 
    RC_CG_HIER_INST441             1      1.839     2699.401     2701.239 
    RC_CG_HIER_INST426             1      1.839     2626.746     2628.585 
    RC_CG_HIER_INST427             1      1.839     2626.746     2628.585 
    RC_CG_HIER_INST428             1      1.839     2626.746     2628.585 
    RC_CG_HIER_INST429             1      1.839     2626.746     2628.585 
    RC_CG_HIER_INST430             1      1.839     2626.746     2628.585 
    RC_CG_HIER_INST431             1      1.839     2626.746     2628.585 
    RC_CG_HIER_INST432             1      1.839     2626.746     2628.585 
    RC_CG_HIER_INST433             1      1.839     2626.746     2628.585 
    RC_CG_HIER_INST434             1      1.839     2626.746     2628.585 
    RC_CG_HIER_INST435             1      1.839     2626.746     2628.585 
    RC_CG_HIER_INST436             1      1.839     2626.746     2628.585 
    RC_CG_HIER_INST437             1      1.839     2626.746     2628.585 
    RC_CG_HIER_INST438             1      1.839     2626.746     2628.585 
    RC_CG_HIER_INST439             1      1.839     2626.746     2628.585 
    RC_CG_HIER_INST440             1      1.839     2626.746     2628.585 
  ip_debug_t..dc_u_spi_fifo     2138   3445.408   187111.709   190557.117 
    RC_CG_HIER_INST442             1      1.846     3397.381     3399.227 
    RC_CG_HIER_INST459             1      1.841     1593.222     1595.062 
    RC_CG_HIER_INST443             1      1.840     2127.405     2129.245 
    RC_CG_HIER_INST444             1      1.839     1534.600     1536.439 
    RC_CG_HIER_INST445             1      1.839     1313.373     1315.212 
    RC_CG_HIER_INST446             1      1.839     1313.373     1315.212 
    RC_CG_HIER_INST447             1      1.839     1313.373     1315.212 
    RC_CG_HIER_INST448             1      1.839     1313.373     1315.212 
    RC_CG_HIER_INST449             1      1.839     1313.373     1315.212 
    RC_CG_HIER_INST450             1      1.839     1313.373     1315.212 
    RC_CG_HIER_INST451             1      1.839     1313.373     1315.212 
    RC_CG_HIER_INST452             1      1.839     1313.373     1315.212 
    RC_CG_HIER_INST453             1      1.839     1313.373     1315.212 
    RC_CG_HIER_INST454             1      1.839     1313.373     1315.212 
    RC_CG_HIER_INST455             1      1.839     1313.373     1315.212 
    RC_CG_HIER_INST456             1      1.839     1313.373     1315.212 
    RC_CG_HIER_INST457             1      1.839     1313.373     1315.212 
    RC_CG_HIER_INST458             1      1.839     1313.373     1315.212 
  ip_debug_t..u_bridge_fifo     2041   3284.817   322325.271   325610.088 
    RC_CG_HIER_INST387             1      1.848     1991.499     1993.347 
    RC_CG_HIER_INST370             1      1.846     3320.770     3322.615 
    RC_CG_HIER_INST371             1      1.845     3080.384     3082.229 
    RC_CG_HIER_INST372             1      1.841     1745.836     1747.677 
    RC_CG_HIER_INST386             1      1.839     1512.133     1513.972 
    RC_CG_HIER_INST379             1      1.839     1323.582     1325.421 
    RC_CG_HIER_INST376             1      1.839     1323.372     1325.211 
    RC_CG_HIER_INST373             1      1.839     1313.373     1315.212 
    RC_CG_HIER_INST374             1      1.839     1313.373     1315.212 
    RC_CG_HIER_INST375             1      1.839     1313.373     1315.212 
    RC_CG_HIER_INST377             1      1.839     1313.373     1315.212 
    RC_CG_HIER_INST378             1      1.839     1313.373     1315.212 
    RC_CG_HIER_INST380             1      1.839     1313.373     1315.212 
    RC_CG_HIER_INST381             1      1.839     1313.373     1315.212 
    RC_CG_HIER_INST382             1      1.839     1313.373     1315.212 
    RC_CG_HIER_INST383             1      1.839     1313.373     1315.212 
    RC_CG_HIER_INST384             1      1.839     1313.373     1315.212 
    RC_CG_HIER_INST385             1      1.839     1313.373     1315.212 
  ip_debug_t..watchdog_fifo     2041   3284.814   351544.882   354829.696 
    RC_CG_HIER_INST495             1      1.846     1848.488     1850.334 
    RC_CG_HIER_INST478             1      1.846     3320.836     3322.682 
    RC_CG_HIER_INST486             1      1.840     1981.436     1983.277 
    RC_CG_HIER_INST490             1      1.840     1363.999     1365.839 
    RC_CG_HIER_INST479             1      1.840     1690.461     1692.301 
    RC_CG_HIER_INST493             1      1.840     1324.004     1325.843 
    RC_CG_HIER_INST482             1      1.839     1512.032     1513.871 
    RC_CG_HIER_INST483             1      1.839     1343.580     1345.419 
    RC_CG_HIER_INST487             1      1.839     1353.474     1355.313 
    RC_CG_HIER_INST491             1      1.839     1502.684     1504.524 
    RC_CG_HIER_INST485             1      1.839     1323.372     1325.211 
    RC_CG_HIER_INST481             1      1.839     1501.644     1503.483 
    RC_CG_HIER_INST480             1      1.839     1313.373     1315.212 
    RC_CG_HIER_INST484             1      1.839     1313.373     1315.212 
    RC_CG_HIER_INST488             1      1.839     1313.373     1315.212 
    RC_CG_HIER_INST489             1      1.839     1313.373     1315.212 
    RC_CG_HIER_INST492             1      1.839     1313.373     1315.212 
    RC_CG_HIER_INST494             1      1.839     1313.373     1315.212 
  ip_debug_t..dc_u_i2c_fifo     1907   3057.142   190057.447   193114.588 
    RC_CG_HIER_INST389             1      1.855     6798.341     6800.196 
    RC_CG_HIER_INST405             1      1.855     2779.729     2781.584 
    RC_CG_HIER_INST388             1      1.846     3206.019     3207.865 
    RC_CG_HIER_INST390             1      1.839     1313.373     1315.212 
    RC_CG_HIER_INST391             1      1.839     1313.373     1315.212 
    RC_CG_HIER_INST392             1      1.839     1313.373     1315.212 
    RC_CG_HIER_INST393             1      1.839     1313.373     1315.212 
    RC_CG_HIER_INST394             1      1.839     1313.373     1315.212 
    RC_CG_HIER_INST395             1      1.839     1313.373     1315.212 
    RC_CG_HIER_INST396             1      1.839     1313.373     1315.212 
    RC_CG_HIER_INST397             1      1.839     1313.373     1315.212 
    RC_CG_HIER_INST398             1      1.839     1313.373     1315.212 
    RC_CG_HIER_INST399             1      1.839     1313.373     1315.212 
    RC_CG_HIER_INST400             1      1.839     1313.373     1315.212 
    RC_CG_HIER_INST401             1      1.839     1313.373     1315.212 
    RC_CG_HIER_INST402             1      1.839     1313.373     1315.212 
    RC_CG_HIER_INST403             1      1.839     1313.373     1315.212 
    RC_CG_HIER_INST404             1      1.839     1313.373     1315.212 
  watchdog_timer_instance       1874   2676.490   441083.165   443759.654 
    dec_sub_691_54                93     80.558        0.000       80.558 
    gt_656_56                    151     49.097        0.000       49.097 
    RC_CG_HIER_INST757             1      1.845     1913.634     1915.479 
    watchdog_s.._HIER_INST762      1      1.843     1917.845     1919.687 
    watchdog_s.._HIER_INST763      1      1.843     1854.057     1855.900 
    RC_CG_HIER_INST752             1      1.839     1323.372     1325.211 
    RC_CG_HIER_INST753             1      1.839     1313.373     1315.212 
    RC_CG_HIER_INST754             1      1.839     1313.373     1315.212 
    RC_CG_HIER_INST755             1      1.839     1313.373     1315.212 
    RC_CG_HIER_INST756             1      1.839     1313.373     1315.212 
    RC_CG_HIER_INST758             1      1.839        0.328        2.167 
    RC_CG_HIER_INST759             1      1.839        0.328        2.167 
    RC_CG_HIER_INST760             1      1.839        0.328        2.167 
    watchdog_s.._HIER_INST761      1      1.839        0.328        2.167 
  gpio_top_r..file_instance     1890   2667.778  1085678.871  1088346.649 
    RC_CG_HIER_INST325             1      1.797   176508.459   176510.257 
  ip_debug_t..c_u_intr_fifo     1526   2431.082   321555.065   323986.147 
    RC_CG_HIER_INST423             1      1.848     3400.503     3402.350 
    RC_CG_HIER_INST406             1      1.846     2909.223     2911.069 
    RC_CG_HIER_INST415             1      1.840     2851.506     2853.347 
    RC_CG_HIER_INST418             1      1.840     2942.433     2944.273 
    RC_CG_HIER_INST407             1      1.840     2923.751     2925.591 
    RC_CG_HIER_INST410             1      1.840     2813.869     2815.709 
    RC_CG_HIER_INST411             1      1.839     2779.908     2781.747 
    RC_CG_HIER_INST422             1      1.839     2657.480     2659.319 
    RC_CG_HIER_INST413             1      1.839     3063.639     3065.478 
    RC_CG_HIER_INST421             1      1.839     2779.495     2781.334 
    RC_CG_HIER_INST414             1      1.839     2657.059     2658.897 
    RC_CG_HIER_INST416             1      1.839     2647.165     2649.004 
    RC_CG_HIER_INST412             1      1.839     2779.289     2781.128 
    RC_CG_HIER_INST419             1      1.839     2779.289     2781.128 
    RC_CG_HIER_INST420             1      1.839     2769.200     2771.039 
    RC_CG_HIER_INST417             1      1.839     2636.850     2638.689 
    RC_CG_HIER_INST409             1      1.839     2771.564     2773.403 
    RC_CG_HIER_INST408             1      1.839     2626.746     2628.585 
  interrupt_..ller_instance     2171   1921.188   544781.697   546702.885 
    RC_CG_HIER_INST347             1      1.852     4383.993     4385.844 
    RC_CG_HIER_INST343             1      1.845     3258.103     3259.947 
    RC_CG_HIER_INST344             1      1.839     2626.746     2628.585 
    RC_CG_HIER_INST345             1      1.839     2626.746     2628.585 
    RC_CG_HIER_INST346             1      1.839     2626.746     2628.585 
    soc_mmr_to.._HIER_INST348      1      1.839     2626.746     2628.585 
    soc_mmr_to.._HIER_INST349      1      1.839     2626.746     2628.585 
    soc_mmr_to.._HIER_INST350      1      1.839     2626.746     2628.585 
    soc_mmr_to.._HIER_INST351      1      1.839     2626.746     2628.585 
    soc_mmr_to.._HIER_INST352      1      1.839     2626.746     2628.585 
    soc_mmr_to.._HIER_INST353      1      1.839     2626.746     2628.585 
    soc_mmr_to.._HIER_INST354      1      1.839     2626.746     2628.585 
    soc_mmr_to.._HIER_INST355      1      1.839     2626.746     2628.585 
    soc_mmr_to.._HIER_INST356      1      1.839     2626.746     2628.585 
    soc_mmr_to.._HIER_INST357      1      1.839     2626.746     2628.585 
    soc_mmr_to.._HIER_INST358      1      1.839     2626.746     2628.585 
    soc_mmr_to.._HIER_INST359      1      1.839     2626.746     2628.585 
    soc_mmr_to.._HIER_INST360      1      1.839     2626.746     2628.585 
    soc_mmr_to.._HIER_INST361      1      1.839     2626.746     2628.585 
    soc_mmr_to.._HIER_INST362      1      1.839     2626.746     2628.585 
  ip_debug_t..c_u_uart_fifo     1178   1865.299   281764.696   283629.995 
    RC_CG_HIER_INST462             1      1.851     3723.602     3725.453 
    RC_CG_HIER_INST460             1      1.845     2612.845     2614.691 
    RC_CG_HIER_INST465             1      1.840     1436.413     1438.253 
    RC_CG_HIER_INST466             1      1.840     1598.476     1600.316 
    RC_CG_HIER_INST463             1      1.840     1445.571     1447.411 
    RC_CG_HIER_INST474             1      1.839     1448.627     1450.466 
    RC_CG_HIER_INST469             1      1.839     1353.579     1355.418 
    RC_CG_HIER_INST470             1      1.839     1556.820     1558.660 
    RC_CG_HIER_INST475             1      1.839     1323.688     1325.527 
    RC_CG_HIER_INST476             1      1.839     1333.581     1335.420 
    RC_CG_HIER_INST467             1      1.839     1323.477     1325.316 
    RC_CG_HIER_INST468             1      1.839     1323.477     1325.316 
    RC_CG_HIER_INST473             1      1.839     1439.457     1441.295 
    RC_CG_HIER_INST464             1      1.839     1313.373     1315.212 
    RC_CG_HIER_INST471             1      1.839     1313.373     1315.212 
    RC_CG_HIER_INST472             1      1.839     1313.373     1315.212 
    RC_CG_HIER_INST461             1      1.832     7401.320     7403.152 
    RC_CG_HIER_INST477             1      1.796     4229.469     4231.265 
  i2c_wrapper_instance_i2c      1302   1302.986   105225.794   106528.779 
    csa_tree_eq_70_25_groupi     196    101.548     3492.506     3594.054 
    RC_CG_HIER_INST326             1      1.839     1313.373     1315.212 
    RC_CG_HIER_INST327             1      1.839     1313.373     1315.212 
    RC_CG_HIER_INST328             1      1.839     1313.373     1315.212 
    RC_CG_HIER_INST329             1      1.839     1313.373     1315.212 
    RC_CG_HIER_INST330             1      1.839     1313.373     1315.212 
    RC_CG_HIER_INST331             1      1.839     1313.373     1315.212 
    RC_CG_HIER_INST332             1      1.839     1313.373     1315.212 
    RC_CG_HIER_INST333             1      1.839     1313.373     1315.212 
    RC_CG_HIER_INST334             1      1.839     1313.373     1315.212 
    RC_CG_HIER_INST335             1      1.796     7498.324     7500.121 
    RC_CG_HIER_INST336             1      1.796     4551.342     4553.138 
  clk_rst_ctrl_top_instance      718   1241.564   698709.351   699950.915 
    i_sys_clk_.._HIER_INST154      1      1.925        0.000        1.925 
    i_sys_clk_.._HIER_INST153      1      1.923      255.093      257.017 
    i_sys_clk_.._HIER_INST156      1      1.923      255.093      257.017 
    i_sys_clk_.._HIER_INST157      1      1.923      255.093      257.017 
    RC_CG_HIER_INST146             1      1.899        0.000        1.899 
    i_sys_clk_.._HIER_INST152      1      1.899        0.000        1.899 
    i_sys_clk_.._HIER_INST155      1      1.899        0.000        1.899 
    RC_CG_HIER_INST147             1      1.842     1642.544     1644.386 
    i_sys_clk_.._HIER_INST159      1      1.841     2915.852     2917.693 
    i_sys_clk_.._HIER_INST158      1      1.839     2626.746     2628.585 
    i_apb_clk_.._HIER_INST148      1      1.796     5866.682     5868.478 
    i_apb_clk_.._HIER_INST150      1      1.796     3902.027     3903.823 
    i_apb_clk_.._HIER_INST149      1      1.796     5861.112     5862.908 
    i_apb_clk_.._HIER_INST151      1      1.796     3569.014     3570.810 
  axi_master.._mem_instance     1013    897.430   335516.891   336414.321 
    u_axi_rw_e..G_HIER_INST70      1      1.839     2626.746     2628.585 
    u_axi_rw_e..G_HIER_INST71      1      1.801     7107.064     7108.865 
  uart_wrapp..u_rx_top_fifo      612    888.029   169924.693   170812.721 
    RC_CG_HIER_INST707             1      1.839     1313.373     1315.212 
    RC_CG_HIER_INST708             1      1.839       48.643       50.482 
    RC_CG_HIER_INST709             1      1.839       48.643       50.482 
    RC_CG_HIER_INST710             1      1.839       48.643       50.482 
    RC_CG_HIER_INST711             1      1.839       48.643       50.482 
    RC_CG_HIER_INST712             1      1.839       48.643       50.482 
    RC_CG_HIER_INST713             1      1.839       48.643       50.482 
    RC_CG_HIER_INST714             1      1.839       48.643       50.482 
    RC_CG_HIER_INST715             1      1.839       48.643       50.482 
    RC_CG_HIER_INST716             1      1.839       48.643       50.482 
    RC_CG_HIER_INST717             1      1.839       48.643       50.482 
    RC_CG_HIER_INST718             1      1.839       48.643       50.482 
    RC_CG_HIER_INST719             1      1.839       48.643       50.482 
    RC_CG_HIER_INST720             1      1.839       48.643       50.482 
    RC_CG_HIER_INST721             1      1.839       48.643       50.482 
    RC_CG_HIER_INST722             1      1.839       48.643       50.482 
    RC_CG_HIER_INST723             1      1.839       48.643       50.482 
    RC_CG_HIER_INST724             1      1.839       48.643       50.482 
  top_regist..dr_error_fifo      509    884.690   141420.319   142305.010 
    RC_CG_HIER_INST670             1      1.846     2979.087     2980.933 
    RC_CG_HIER_INST671             1      1.839     2626.746     2628.585 
    RC_CG_HIER_INST672             1      1.839     2626.746     2628.585 
    RC_CG_HIER_INST673             1      1.839     2626.746     2628.585 
    RC_CG_HIER_INST674             1      1.839     2626.746     2628.585 
    RC_CG_HIER_INST675             1      1.798     7750.335     7752.132 
  postboot_a..ster_instance      647    776.036    68854.019    69630.055 
    RC_CG_HIER_INST580             1      1.839     1313.373     1315.212 
    RC_CG_HIER_INST581             1      1.839     1313.373     1315.212 
    RC_CG_HIER_INST582             1      1.839     1313.373     1315.212 
    RC_CG_HIER_INST583             1      1.839     1313.373     1315.212 
    RC_CG_HIER_INST584             1      1.839     1313.373     1315.212 
    RC_CG_HIER_INST585             1      1.839     1313.373     1315.212 
    RC_CG_HIER_INST586             1      1.839     1313.373     1315.212 
    RC_CG_HIER_INST587             1      1.839     1313.373     1315.212 
    RC_CG_HIER_INST588             1      1.839     1313.373     1315.212 
    RC_CG_HIER_INST589             1      1.839     1313.373     1315.212 
    RC_CG_HIER_INST590             1      1.839     1313.373     1315.212 
    RC_CG_HIER_INST591             1      1.839     1313.373     1315.212 
    RC_CG_HIER_INST592             1      1.839     1313.373     1315.212 
    RC_CG_HIER_INST593             1      1.839     1313.373     1315.212 
    RC_CG_HIER_INST594             1      1.839     1313.373     1315.212 
    RC_CG_HIER_INST595             1      1.839     1313.373     1315.212 
  spi_wrappe..ce_u_spi_core      512    660.239   123280.504   123940.743 
    RC_CG_HIER_INST667             1      1.849     2179.729     2181.577 
    RC_CG_HIER_INST663             1      1.848     4702.562     4704.410 
    RC_CG_HIER_INST665             1      1.848     4617.512     4619.360 
    RC_CG_HIER_INST664             1      1.839     1313.373     1315.212 
    RC_CG_HIER_INST666             1      1.829     4211.798     4213.627 
    RC_CG_HIER_INST668             1      1.797     4588.329     4590.125 
  clk_rst_by.._top_instance      374    574.905   112448.923   113023.828 
    boot_contr.._HIER_INST145      1      1.925       39.245       41.170 
    boot_contr.._HIER_INST142      1      1.912       68.679       70.591 
    boot_contr.._HIER_INST139      1      1.839        0.328        2.167 
    boot_contr.._HIER_INST143      1      1.804      114.995      116.798 
    boot_contr.._HIER_INST140      1      1.797       15.287       17.083 
    boot_contr.._HIER_INST141      1      1.797       13.160       14.957 
    boot_contr.._HIER_INST144      1      1.797       13.160       14.957 
  uart_wrapp..stance_u_regs      405    497.273   127122.411   127619.684 
    RC_CG_HIER_INST692             1      1.846     3181.304     3183.150 
    RC_CG_HIER_INST693             1      1.839     1313.373     1315.212 
    RC_CG_HIER_INST694             1      1.839     1313.373     1315.212 
    RC_CG_HIER_INST695             1      1.839     1313.373     1315.212 
    RC_CG_HIER_INST696             1      1.839     1313.373     1315.212 
    RC_CG_HIER_INST697             1      1.839     1313.373     1315.212 
    RC_CG_HIER_INST698             1      1.796     5206.227     5208.023 
  uart_wrapper_instance_dut      305    287.481    49177.406    49464.887 
    RC_CG_HIER_INST691             1      1.797      148.704      150.500 
    RC_CG_HIER_INST690             1      1.796     7498.324     7500.121 
  csr_top_in..tval_csr_inst      356    257.854   139937.586   140195.440 
    RC_CG_HIER_INST262             1      1.797    26053.099    26054.896 
  mmu_instan..32:add_110_37      205    109.076     2842.292     2951.367 
  ip_debug_t..inc_add_58_55      146    108.833     2319.835     2428.668 
  ip_debug_t..inc_add_71_46      146    108.833     2902.274     3011.107 
  mmu_instan..nc_add_326_42      145    106.974     1969.947     2076.920 
  mmu_instan..her_add_11_39       94     75.457        0.000       75.457 
  ip_debug_t..ller_lt_56_35      151     46.322     1693.475     1739.797 
  ip_debug_t..ller_lt_69_29      151     46.322     1854.324     1900.646 
  ip_debug_t.._HIER_INST504        1      1.852     2208.939     2210.791 
  uart_wrapp.._HIER_INST701        1      1.851      147.943      149.794 
  uart_wrapp.._HIER_INST728        1      1.851      147.943      149.794 
  uart_wrapp.._HIER_INST685        1      1.848      219.891      221.740 
  uart_wrapp.._HIER_INST732        1      1.848      228.396      230.245 
  top_regist.._HIER_INST676        1      1.847     2923.491     2925.338 
  top_regist.._HIER_INST683        1      1.847     2814.991     2816.838 
  top_regist.._HIER_INST677        1      1.847     6448.867     6450.714 
  top_regist.._HIER_INST682        1      1.846     2817.363     2819.210 
  ip_debug_t.._HIER_INST363        1      1.846     3206.019     3207.865 
  ip_debug_t.._HIER_INST364        1      1.846     3206.019     3207.865 
  ip_debug_t.._HIER_INST366        1      1.846     3129.474     3131.320 
  ip_debug_t.._HIER_INST367        1      1.846     3014.656     3016.502 
  ip_debug_t.._HIER_INST365        1      1.846     3129.407     3131.253 
  ip_debug_t.._HIER_INST368        1      1.846     2717.860     2719.706 
  ip_debug_t.._HIER_INST369        1      1.845     2421.483     2423.328 
  uart_wrapp.._HIER_INST688        1      1.844     1932.190     1934.034 
  uart_wrapp.._HIER_INST734        1      1.844     1759.563     1761.407 
  uart_wrapp.._HIER_INST735        1      1.844     1861.623     1863.467 
  uart_wrapp.._HIER_INST736        1      1.844     1861.623     1863.467 
  uart_wrapp.._HIER_INST737        1      1.844     1861.623     1863.467 
  uart_wrapp.._HIER_INST738        1      1.844     1861.623     1863.467 
  uart_wrapp.._HIER_INST739        1      1.844     1861.623     1863.467 
  uart_wrapp.._HIER_INST740        1      1.844     1861.623     1863.467 
  uart_wrapp.._HIER_INST741        1      1.844     1861.623     1863.467 
  uart_wrapp.._HIER_INST742        1      1.844     1861.623     1863.467 
  uart_wrapp.._HIER_INST743        1      1.844     1861.623     1863.467 
  uart_wrapp.._HIER_INST744        1      1.844     1861.623     1863.467 
  uart_wrapp.._HIER_INST745        1      1.844     1861.623     1863.467 
  uart_wrapp.._HIER_INST746        1      1.844     1861.623     1863.467 
  uart_wrapp.._HIER_INST747        1      1.844     1861.623     1863.467 
  uart_wrapp.._HIER_INST748        1      1.844     1861.623     1863.467 
  uart_wrapp.._HIER_INST749        1      1.844     1861.623     1863.467 
  uart_wrapp.._HIER_INST750        1      1.844     1861.623     1863.467 
  uart_wrapp.._HIER_INST751        1      1.844     1759.563     1761.407 
  core_debug.._HIER_INST251        1      1.843     1784.143     1785.986 
  core_debug.._HIER_INST177        1      1.842     2955.011     2956.853 
  ip_debug_t.._HIER_INST503        1      1.841     1644.789     1646.630 
  mmu_instan.._HIER_INST508        1      1.841     3176.456     3178.297 
  top_regist.._HIER_INST680        1      1.840     3632.393     3634.234 
  core_debug.._HIER_INST163        1      1.839     3726.994     3728.833 
  ip_debug_t.._HIER_INST502        1      1.839     1333.687     1335.526 
  core_debug.._HIER_INST165        1      1.839     3007.721     3009.560 
  core_debug.._HIER_INST170        1      1.839     2637.482     2639.321 
  core_debug.._HIER_INST171        1      1.839     2996.373     2998.212 
  top_regist.._HIER_INST678        1      1.839     2810.640     2812.480 
  core_debug.._HIER_INST161        1      1.839     3363.741     3365.580 
  core_debug.._HIER_INST166        1      1.839     2647.165     2649.004 
  core_debug.._HIER_INST174        1      1.839     2637.271     2639.110 
  top_regist.._HIER_INST679        1      1.839     2804.166     2806.005 
  axi_slave_..G_HIER_INST76        1      1.839     2636.850     2638.689 
  core_debug.._HIER_INST167        1      1.839     2636.850     2638.689 
  core_debug.._HIER_INST169        1      1.839     2636.850     2638.689 
  axi_slave_..G_HIER_INST72        1      1.839     2626.746     2628.585 
  axi_slave_..G_HIER_INST73        1      1.839     2626.746     2628.585 
  axi_slave_..G_HIER_INST74        1      1.839     2626.746     2628.585 
  axi_slave_..G_HIER_INST77        1      1.839     2626.746     2628.585 
  axi_slave_..G_HIER_INST78        1      1.839     2626.746     2628.585 
  core_debug.._HIER_INST160        1      1.839     1313.373     1315.212 
  core_debug.._HIER_INST162        1      1.839     2626.746     2628.585 
  core_debug.._HIER_INST164        1      1.839     2626.746     2628.585 
  core_debug.._HIER_INST168        1      1.839     2626.746     2628.585 
  core_debug.._HIER_INST172        1      1.839     2626.746     2628.585 
  core_debug.._HIER_INST173        1      1.839     2626.746     2628.585 
  core_debug.._HIER_INST175        1      1.839     2626.746     2628.585 
  core_debug.._HIER_INST176        1      1.839     2626.746     2628.585 
  core_debug.._HIER_INST178        1      1.839     1313.373     1315.212 
  core_debug.._HIER_INST245        1      1.839     1313.373     1315.212 
  core_debug.._HIER_INST246        1      1.839     1313.373     1315.212 
  core_debug.._HIER_INST247        1      1.839     1313.373     1315.212 
  core_debug.._HIER_INST248        1      1.839     1313.373     1315.212 
  core_debug.._HIER_INST249        1      1.839     1313.373     1315.212 
  core_debug.._HIER_INST250        1      1.839     1313.373     1315.212 
  csr_top_in.._HIER_INST254        1      1.839     2626.746     2628.585 
  csr_top_in.._HIER_INST255        1      1.839     2626.746     2628.585 
  csr_top_in.._HIER_INST257        1      1.839     2626.746     2628.585 
  csr_top_in.._HIER_INST258        1      1.839     2626.746     2628.585 
  i2c_wrappe.._HIER_INST337        1      1.839     1313.373     1315.212 
  i2c_wrappe.._HIER_INST338        1      1.839     1313.373     1315.212 
  i2c_wrappe.._HIER_INST339        1      1.839     1313.373     1315.212 
  i2c_wrappe.._HIER_INST340        1      1.839     1313.373     1315.212 
  i2c_wrappe.._HIER_INST342        1      1.839     1313.373     1315.212 
  ip_debug_t.._HIER_INST496        1      1.839     1313.373     1315.212 
  ip_debug_t.._HIER_INST497        1      1.839     1313.373     1315.212 
  ip_debug_t.._HIER_INST498        1      1.839     1313.373     1315.212 
  ip_debug_t.._HIER_INST499        1      1.839     1313.373     1315.212 
  ip_debug_t.._HIER_INST505        1      1.839     1313.373     1315.212 
  ip_debug_t.._HIER_INST506        1      1.839     1313.373     1315.212 
  mmu_instan.._HIER_INST509        1      1.839     2626.746     2628.585 
  preboot_an.._HIER_INST596        1      1.839     1313.373     1315.212 
  preboot_an.._HIER_INST597        1      1.839     1313.373     1315.212 
  uart_wrapp.._HIER_INST686        1      1.839       48.643       50.482 
  uart_wrapp.._HIER_INST689        1      1.839       48.643       50.482 
  uart_wrapp.._HIER_INST702        1      1.839       48.643       50.482 
  uart_wrapp.._HIER_INST703        1      1.839       48.643       50.482 
  uart_wrapp.._HIER_INST725        1      1.839     1313.373     1315.212 
  uart_wrapp.._HIER_INST726        1      1.839       48.643       50.482 
  uart_wrapp.._HIER_INST727        1      1.839       48.643       50.482 
  RC_CG_HIER_INST0                 1      1.810    12351.802    12353.612 
  axi_slave_..G_HIER_INST75        1      1.802     6931.126     6932.928 
  axi_slave_..G_HIER_INST79        1      1.800     6979.573     6981.373 
  mmu_instan.._HIER_INST507        1      1.799    26073.471    26075.269 
  spi_wrappe.._HIER_INST669        1      1.797    16389.064    16390.861 
  top_regist.._HIER_INST684        1      1.797     3618.806     3620.603 
  core_debug.._HIER_INST252        1      1.797     4171.776     4173.572 
  csr_top_in.._HIER_INST253        1      1.797    22789.305    22791.102 
  csr_top_in.._HIER_INST256        1      1.797     7123.094     7124.891 
  csr_top_in.._HIER_INST259        1      1.797    19525.511    19527.308 
  csr_top_in.._HIER_INST260        1      1.797     9081.370     9083.167 
  csr_top_in.._HIER_INST261        1      1.797    26053.099    26054.896 
  csr_top_in.._HIER_INST263        1      1.797    24747.581    24749.378 
  csr_top_in.._HIER_INST264        1      1.797    26053.099    26054.896 
  ip_debug_t.._HIER_INST500        1      1.797    12840.498    12842.294 
  ip_debug_t.._HIER_INST501        1      1.797    12840.498    12842.294 
  top_regist.._HIER_INST681        1      1.797     7775.853     7777.649 
  uart_wrapp.._HIER_INST687        1      1.797      161.461      163.258 
  uart_wrapp.._HIER_INST699        1      1.797      199.734      201.530 
  uart_wrapp.._HIER_INST700        1      1.797      161.461      163.258 
  uart_wrapp.._HIER_INST704        1      1.797      135.946      137.743 
  uart_wrapp.._HIER_INST705        1      1.797      212.491      214.288 
  uart_wrapp.._HIER_INST706        1      1.797      135.946      137.743 
  uart_wrapp.._HIER_INST729        1      1.797      135.946      137.743 
  uart_wrapp.._HIER_INST730        1      1.797      161.461      163.258 
  uart_wrapp.._HIER_INST731        1      1.797      135.946      137.743 
  uart_wrapp.._HIER_INST733        1      1.797      186.976      188.773 
  i2c_wrappe.._HIER_INST341        1      1.796     3569.014     3570.810 
  axi_slave_..u_data_memory        0      0.000     4120.673     4120.673 
  axi_slave_..u_inst_memory        0      0.000    12387.534    12387.534 
  ip_debug_t..rcular_buffer        0      0.000     2092.230     2092.230 

