============================================================
  Generated by:           Genus(TM) Synthesis Solution 17.22-s017_1
  Generated on:           Mar 01 2023  09:07:57 pm
  Module:                 pinaka
  Technology library:     tcbn65lpwc 200
  Operating conditions:   WCCOM (balanced_tree)
  Wireload mode:          segmented
  Area mode:              timing library
============================================================

-------------------------------------------------------------------------------
Sequential data pins driven by a clock signal

The following sequential data pins are driven by a clock signal:                

pin:pinaka/clk_rst_ctrl_top_instance/i_sys_clk_rst_gen/i_clk_int_div_debug/clk_div_bypass_en_q_reg/d
pin:pinaka/clk_rst_ctrl_top_instance/i_sys_clk_rst_gen/i_clk_int_div_debug/clk_gate_state_q_reg[0]/d
pin:pinaka/clk_rst_ctrl_top_instance/i_sys_clk_rst_gen/i_clk_int_div_debug/clk_gate_state_q_reg[1]/d
pin:pinaka/clk_rst_ctrl_top_instance/i_sys_clk_rst_gen/i_clk_int_div_debug/cycle_cntr_q_reg[0]/d
pin:pinaka/clk_rst_ctrl_top_instance/i_sys_clk_rst_gen/i_clk_int_div_debug/cycle_cntr_q_reg[0]/srl
pin:pinaka/clk_rst_ctrl_top_instance/i_sys_clk_rst_gen/i_clk_int_div_debug/cycle_cntr_q_reg[1]/d
pin:pinaka/clk_rst_ctrl_top_instance/i_sys_clk_rst_gen/i_clk_int_div_debug/cycle_cntr_q_reg[1]/srl
pin:pinaka/clk_rst_ctrl_top_instance/i_sys_clk_rst_gen/i_clk_int_div_debug/cycle_cntr_q_reg[2]/d
pin:pinaka/clk_rst_ctrl_top_instance/i_sys_clk_rst_gen/i_clk_int_div_debug/cycle_cntr_q_reg[2]/srl
pin:pinaka/clk_rst_ctrl_top_instance/i_sys_clk_rst_gen/i_clk_int_div_debug/div_q_reg[0]/d
pin:pinaka/clk_rst_ctrl_top_instance/i_sys_clk_rst_gen/i_clk_int_div_debug/div_q_reg[1]/d
pin:pinaka/clk_rst_ctrl_top_instance/i_sys_clk_rst_gen/i_clk_int_div_debug/div_q_reg[2]/d
pin:pinaka/clk_rst_ctrl_top_instance/i_sys_clk_rst_gen/i_clk_int_div_debug/t_ff1_q_reg/d
pin:pinaka/clk_rst_ctrl_top_instance/i_sys_clk_rst_gen/i_clk_int_div_debug/t_ff1_q_reg/sena
pin:pinaka/clk_rst_ctrl_top_instance/i_sys_clk_rst_gen/i_clk_int_div_debug/t_ff2_q_reg/d
pin:pinaka/clk_rst_ctrl_top_instance/i_sys_clk_rst_gen/i_clk_int_div_debug/t_ff2_q_reg/sena
pin:pinaka/clk_rst_ctrl_top_instance/i_sys_clk_rst_gen/i_clk_int_div_debug/use_odd_division_q_reg/d
pin:pinaka/clk_rst_ctrl_top_instance/i_sys_clk_rst_gen/i_clk_int_div_peripheral/clk_div_bypass_en_q_reg/d
pin:pinaka/clk_rst_ctrl_top_instance/i_sys_clk_rst_gen/i_clk_int_div_peripheral/clk_gate_state_q_reg[0]/d
pin:pinaka/clk_rst_ctrl_top_instance/i_sys_clk_rst_gen/i_clk_int_div_peripheral/clk_gate_state_q_reg[1]/d
pin:pinaka/clk_rst_ctrl_top_instance/i_sys_clk_rst_gen/i_clk_int_div_peripheral/cycle_cntr_q_reg[0]/d
pin:pinaka/clk_rst_ctrl_top_instance/i_sys_clk_rst_gen/i_clk_int_div_peripheral/cycle_cntr_q_reg[0]/srl
pin:pinaka/clk_rst_ctrl_top_instance/i_sys_clk_rst_gen/i_clk_int_div_peripheral/cycle_cntr_q_reg[1]/d
pin:pinaka/clk_rst_ctrl_top_instance/i_sys_clk_rst_gen/i_clk_int_div_peripheral/cycle_cntr_q_reg[1]/srl
pin:pinaka/clk_rst_ctrl_top_instance/i_sys_clk_rst_gen/i_clk_int_div_peripheral/cycle_cntr_q_reg[2]/d
pin:pinaka/clk_rst_ctrl_top_instance/i_sys_clk_rst_gen/i_clk_int_div_peripheral/cycle_cntr_q_reg[2]/srl
pin:pinaka/clk_rst_ctrl_top_instance/i_sys_clk_rst_gen/i_clk_int_div_peripheral/div_q_reg[0]/d
pin:pinaka/clk_rst_ctrl_top_instance/i_sys_clk_rst_gen/i_clk_int_div_peripheral/div_q_reg[1]/d
pin:pinaka/clk_rst_ctrl_top_instance/i_sys_clk_rst_gen/i_clk_int_div_peripheral/div_q_reg[2]/d
pin:pinaka/clk_rst_ctrl_top_instance/i_sys_clk_rst_gen/i_clk_int_div_peripheral/t_ff1_q_reg/d
pin:pinaka/clk_rst_ctrl_top_instance/i_sys_clk_rst_gen/i_clk_int_div_peripheral/t_ff1_q_reg/sena
pin:pinaka/clk_rst_ctrl_top_instance/i_sys_clk_rst_gen/i_clk_int_div_peripheral/t_ff2_q_reg/d
pin:pinaka/clk_rst_ctrl_top_instance/i_sys_clk_rst_gen/i_clk_int_div_peripheral/t_ff2_q_reg/sena
pin:pinaka/clk_rst_ctrl_top_instance/i_sys_clk_rst_gen/i_clk_int_div_peripheral/use_odd_division_q_reg/d
pin:pinaka/uart_wrapper_instance/dut/rx_baud_clk_reg/d
-------------------------------------------------------------------------------

-------------------------------------------------------------------------------
Sequential clock pins without clock waveform

The following sequential clock pins have no clock waveform driving them.  No    
timing constraints will be derived for paths leading to or from these pins.     

pin:pinaka/clk_rst_bypass_top_instance/debug_rc_clk_mux/i_scan_mode_test/clk_1_clksel_latch_reg/ena
pin:pinaka/clk_rst_bypass_top_instance/debug_rc_clk_mux/i_scan_mode_test/clk_1_sel_q1_reg/clk
pin:pinaka/clk_rst_bypass_top_instance/debug_rc_clk_mux/i_scan_mode_test/clk_1_sel_q2_reg/clk
pin:pinaka/clk_rst_bypass_top_instance/debug_rc_clk_mux/i_scan_mode_test/clk_1_sel_q3_reg/clk
pin:pinaka/clk_rst_bypass_top_instance/debug_rc_clk_mux/i_scan_mode_test/i_sync_clk1_en/reg_q_reg[0]/clk
pin:pinaka/clk_rst_bypass_top_instance/debug_rc_clk_mux/i_scan_mode_test/i_sync_clk1_en/reg_q_reg[1]/clk
pin:pinaka/clk_rst_bypass_top_instance/mem_rc_clk_mux/i_scan_mode_test/clk_1_clksel_latch_reg/ena
pin:pinaka/clk_rst_bypass_top_instance/mem_rc_clk_mux/i_scan_mode_test/clk_1_sel_q1_reg/clk
pin:pinaka/clk_rst_bypass_top_instance/mem_rc_clk_mux/i_scan_mode_test/clk_1_sel_q2_reg/clk
pin:pinaka/clk_rst_bypass_top_instance/mem_rc_clk_mux/i_scan_mode_test/clk_1_sel_q3_reg/clk
pin:pinaka/clk_rst_bypass_top_instance/mem_rc_clk_mux/i_scan_mode_test/i_sync_clk1_en/reg_q_reg[0]/clk
pin:pinaka/clk_rst_bypass_top_instance/mem_rc_clk_mux/i_scan_mode_test/i_sync_clk1_en/reg_q_reg[1]/clk
pin:pinaka/clk_rst_bypass_top_instance/pll_xtal_clk_mux/i_scan_mode_test/clk_1_clksel_latch_reg/ena
pin:pinaka/clk_rst_bypass_top_instance/pll_xtal_clk_mux/i_scan_mode_test/clk_1_sel_q1_reg/clk
pin:pinaka/clk_rst_bypass_top_instance/pll_xtal_clk_mux/i_scan_mode_test/clk_1_sel_q2_reg/clk
pin:pinaka/clk_rst_bypass_top_instance/pll_xtal_clk_mux/i_scan_mode_test/clk_1_sel_q3_reg/clk
pin:pinaka/clk_rst_bypass_top_instance/pll_xtal_clk_mux/i_scan_mode_test/i_sync_clk1_en/reg_q_reg[0]/clk
pin:pinaka/clk_rst_bypass_top_instance/pll_xtal_clk_mux/i_scan_mode_test/i_sync_clk1_en/reg_q_reg[1]/clk
pin:pinaka/clk_rst_ctrl_top_instance/i_sys_clk_rst_gen/i_mux_clk_peripheral/i_scan_mode_test/clk_1_clksel_latch_reg/ena
pin:pinaka/clk_rst_ctrl_top_instance/i_sys_clk_rst_gen/i_mux_clk_peripheral/i_scan_mode_test/clk_1_sel_q1_reg/clk
pin:pinaka/clk_rst_ctrl_top_instance/i_sys_clk_rst_gen/i_mux_clk_peripheral/i_scan_mode_test/clk_1_sel_q2_reg/clk
pin:pinaka/clk_rst_ctrl_top_instance/i_sys_clk_rst_gen/i_mux_clk_peripheral/i_scan_mode_test/clk_1_sel_q3_reg/clk
pin:pinaka/clk_rst_ctrl_top_instance/i_sys_clk_rst_gen/i_mux_clk_peripheral/i_scan_mode_test/i_sync_clk1_en/reg_q_reg[0]/clk
pin:pinaka/clk_rst_ctrl_top_instance/i_sys_clk_rst_gen/i_mux_clk_peripheral/i_scan_mode_test/i_sync_clk1_en/reg_q_reg[1]/clk
pin:pinaka/clk_rst_ctrl_top_instance/i_sys_clk_rst_gen/i_mux_clk_soc/i_scan_mode_test/clk_1_clksel_latch_reg/ena
pin:pinaka/clk_rst_ctrl_top_instance/i_sys_clk_rst_gen/i_mux_clk_soc/i_scan_mode_test/clk_1_sel_q1_reg/clk
pin:pinaka/clk_rst_ctrl_top_instance/i_sys_clk_rst_gen/i_mux_clk_soc/i_scan_mode_test/clk_1_sel_q2_reg/clk
pin:pinaka/clk_rst_ctrl_top_instance/i_sys_clk_rst_gen/i_mux_clk_soc/i_scan_mode_test/clk_1_sel_q3_reg/clk
pin:pinaka/clk_rst_ctrl_top_instance/i_sys_clk_rst_gen/i_mux_clk_soc/i_scan_mode_test/i_sync_clk1_en/reg_q_reg[0]/clk
pin:pinaka/clk_rst_ctrl_top_instance/i_sys_clk_rst_gen/i_mux_clk_soc/i_scan_mode_test/i_sync_clk1_en/reg_q_reg[1]/clk
pin:pinaka/clk_rst_ctrl_top_instance/i_sys_clk_rst_gen/i_test_mode_clk_mux_per_sync/reg_q_reg[0]/clk
pin:pinaka/clk_rst_ctrl_top_instance/i_sys_clk_rst_gen/i_test_mode_clk_mux_per_sync/reg_q_reg[1]/clk
pin:pinaka/clk_rst_ctrl_top_instance/i_sys_clk_rst_gen/i_test_mode_clk_mux_soc_sync/reg_q_reg[0]/clk
pin:pinaka/clk_rst_ctrl_top_instance/i_sys_clk_rst_gen/i_test_mode_clk_mux_soc_sync/reg_q_reg[1]/clk
pin:pinaka/csr_top_instance/csr_register_file_inst/mvendorid_csr_inst/mvendor_id_o_reg[0]/ena
pin:pinaka/csr_top_instance/csr_register_file_inst/mvendorid_csr_inst/mvendor_id_o_reg[10]/ena
pin:pinaka/csr_top_instance/csr_register_file_inst/mvendorid_csr_inst/mvendor_id_o_reg[11]/ena
pin:pinaka/csr_top_instance/csr_register_file_inst/mvendorid_csr_inst/mvendor_id_o_reg[12]/ena
pin:pinaka/csr_top_instance/csr_register_file_inst/mvendorid_csr_inst/mvendor_id_o_reg[13]/ena
pin:pinaka/csr_top_instance/csr_register_file_inst/mvendorid_csr_inst/mvendor_id_o_reg[14]/ena
pin:pinaka/csr_top_instance/csr_register_file_inst/mvendorid_csr_inst/mvendor_id_o_reg[15]/ena
pin:pinaka/csr_top_instance/csr_register_file_inst/mvendorid_csr_inst/mvendor_id_o_reg[16]/ena
pin:pinaka/csr_top_instance/csr_register_file_inst/mvendorid_csr_inst/mvendor_id_o_reg[17]/ena
pin:pinaka/csr_top_instance/csr_register_file_inst/mvendorid_csr_inst/mvendor_id_o_reg[18]/ena
pin:pinaka/csr_top_instance/csr_register_file_inst/mvendorid_csr_inst/mvendor_id_o_reg[19]/ena
pin:pinaka/csr_top_instance/csr_register_file_inst/mvendorid_csr_inst/mvendor_id_o_reg[1]/ena
pin:pinaka/csr_top_instance/csr_register_file_inst/mvendorid_csr_inst/mvendor_id_o_reg[20]/ena
pin:pinaka/csr_top_instance/csr_register_file_inst/mvendorid_csr_inst/mvendor_id_o_reg[21]/ena
pin:pinaka/csr_top_instance/csr_register_file_inst/mvendorid_csr_inst/mvendor_id_o_reg[22]/ena
pin:pinaka/csr_top_instance/csr_register_file_inst/mvendorid_csr_inst/mvendor_id_o_reg[23]/ena
pin:pinaka/csr_top_instance/csr_register_file_inst/mvendorid_csr_inst/mvendor_id_o_reg[24]/ena
pin:pinaka/csr_top_instance/csr_register_file_inst/mvendorid_csr_inst/mvendor_id_o_reg[25]/ena
pin:pinaka/csr_top_instance/csr_register_file_inst/mvendorid_csr_inst/mvendor_id_o_reg[26]/ena
pin:pinaka/csr_top_instance/csr_register_file_inst/mvendorid_csr_inst/mvendor_id_o_reg[27]/ena
pin:pinaka/csr_top_instance/csr_register_file_inst/mvendorid_csr_inst/mvendor_id_o_reg[28]/ena
pin:pinaka/csr_top_instance/csr_register_file_inst/mvendorid_csr_inst/mvendor_id_o_reg[29]/ena
pin:pinaka/csr_top_instance/csr_register_file_inst/mvendorid_csr_inst/mvendor_id_o_reg[2]/ena
pin:pinaka/csr_top_instance/csr_register_file_inst/mvendorid_csr_inst/mvendor_id_o_reg[30]/ena
pin:pinaka/csr_top_instance/csr_register_file_inst/mvendorid_csr_inst/mvendor_id_o_reg[31]/ena
pin:pinaka/csr_top_instance/csr_register_file_inst/mvendorid_csr_inst/mvendor_id_o_reg[3]/ena
pin:pinaka/csr_top_instance/csr_register_file_inst/mvendorid_csr_inst/mvendor_id_o_reg[4]/ena
pin:pinaka/csr_top_instance/csr_register_file_inst/mvendorid_csr_inst/mvendor_id_o_reg[5]/ena
pin:pinaka/csr_top_instance/csr_register_file_inst/mvendorid_csr_inst/mvendor_id_o_reg[6]/ena
pin:pinaka/csr_top_instance/csr_register_file_inst/mvendorid_csr_inst/mvendor_id_o_reg[7]/ena
pin:pinaka/csr_top_instance/csr_register_file_inst/mvendorid_csr_inst/mvendor_id_o_reg[8]/ena
pin:pinaka/csr_top_instance/csr_register_file_inst/mvendorid_csr_inst/mvendor_id_o_reg[9]/ena
pin:pinaka/debug_module_instance/u_sba_address_decoder/addr_core_reg_reg[0]/ena
pin:pinaka/debug_module_instance/u_sba_address_decoder/addr_core_reg_reg[10]/ena
pin:pinaka/debug_module_instance/u_sba_address_decoder/addr_core_reg_reg[11]/ena
pin:pinaka/debug_module_instance/u_sba_address_decoder/addr_core_reg_reg[12]/ena
pin:pinaka/debug_module_instance/u_sba_address_decoder/addr_core_reg_reg[13]/ena
pin:pinaka/debug_module_instance/u_sba_address_decoder/addr_core_reg_reg[14]/ena
pin:pinaka/debug_module_instance/u_sba_address_decoder/addr_core_reg_reg[15]/ena
pin:pinaka/debug_module_instance/u_sba_address_decoder/addr_core_reg_reg[16]/ena
pin:pinaka/debug_module_instance/u_sba_address_decoder/addr_core_reg_reg[17]/ena
pin:pinaka/debug_module_instance/u_sba_address_decoder/addr_core_reg_reg[18]/ena
pin:pinaka/debug_module_instance/u_sba_address_decoder/addr_core_reg_reg[19]/ena
pin:pinaka/debug_module_instance/u_sba_address_decoder/addr_core_reg_reg[1]/ena
pin:pinaka/debug_module_instance/u_sba_address_decoder/addr_core_reg_reg[20]/ena
pin:pinaka/debug_module_instance/u_sba_address_decoder/addr_core_reg_reg[21]/ena
pin:pinaka/debug_module_instance/u_sba_address_decoder/addr_core_reg_reg[22]/ena
pin:pinaka/debug_module_instance/u_sba_address_decoder/addr_core_reg_reg[23]/ena
pin:pinaka/debug_module_instance/u_sba_address_decoder/addr_core_reg_reg[24]/ena
pin:pinaka/debug_module_instance/u_sba_address_decoder/addr_core_reg_reg[25]/ena
pin:pinaka/debug_module_instance/u_sba_address_decoder/addr_core_reg_reg[26]/ena
pin:pinaka/debug_module_instance/u_sba_address_decoder/addr_core_reg_reg[27]/ena
pin:pinaka/debug_module_instance/u_sba_address_decoder/addr_core_reg_reg[28]/ena
pin:pinaka/debug_module_instance/u_sba_address_decoder/addr_core_reg_reg[29]/ena
pin:pinaka/debug_module_instance/u_sba_address_decoder/addr_core_reg_reg[2]/ena
pin:pinaka/debug_module_instance/u_sba_address_decoder/addr_core_reg_reg[30]/ena
pin:pinaka/debug_module_instance/u_sba_address_decoder/addr_core_reg_reg[31]/ena
pin:pinaka/debug_module_instance/u_sba_address_decoder/addr_core_reg_reg[3]/ena
pin:pinaka/debug_module_instance/u_sba_address_decoder/addr_core_reg_reg[4]/ena
pin:pinaka/debug_module_instance/u_sba_address_decoder/addr_core_reg_reg[5]/ena
pin:pinaka/debug_module_instance/u_sba_address_decoder/addr_core_reg_reg[6]/ena
pin:pinaka/debug_module_instance/u_sba_address_decoder/addr_core_reg_reg[7]/ena
pin:pinaka/debug_module_instance/u_sba_address_decoder/addr_core_reg_reg[8]/ena
pin:pinaka/debug_module_instance/u_sba_address_decoder/addr_core_reg_reg[9]/ena
pin:pinaka/debug_module_instance/u_sba_address_decoder/valid_reg/ena
pin:pinaka/mmr_register_instance/prdata_reg[0]/ena
pin:pinaka/mmr_register_instance/prdata_reg[10]/ena
pin:pinaka/mmr_register_instance/prdata_reg[11]/ena
pin:pinaka/mmr_register_instance/prdata_reg[12]/ena
pin:pinaka/mmr_register_instance/prdata_reg[13]/ena
pin:pinaka/mmr_register_instance/prdata_reg[14]/ena
pin:pinaka/mmr_register_instance/prdata_reg[15]/ena
pin:pinaka/mmr_register_instance/prdata_reg[16]/ena
pin:pinaka/mmr_register_instance/prdata_reg[17]/ena
pin:pinaka/mmr_register_instance/prdata_reg[18]/ena
pin:pinaka/mmr_register_instance/prdata_reg[19]/ena
pin:pinaka/mmr_register_instance/prdata_reg[1]/ena
pin:pinaka/mmr_register_instance/prdata_reg[20]/ena
pin:pinaka/mmr_register_instance/prdata_reg[21]/ena
pin:pinaka/mmr_register_instance/prdata_reg[22]/ena
pin:pinaka/mmr_register_instance/prdata_reg[23]/ena
pin:pinaka/mmr_register_instance/prdata_reg[24]/ena
pin:pinaka/mmr_register_instance/prdata_reg[25]/ena
pin:pinaka/mmr_register_instance/prdata_reg[26]/ena
pin:pinaka/mmr_register_instance/prdata_reg[27]/ena
pin:pinaka/mmr_register_instance/prdata_reg[28]/ena
pin:pinaka/mmr_register_instance/prdata_reg[29]/ena
pin:pinaka/mmr_register_instance/prdata_reg[2]/ena
pin:pinaka/mmr_register_instance/prdata_reg[30]/ena
pin:pinaka/mmr_register_instance/prdata_reg[31]/ena
pin:pinaka/mmr_register_instance/prdata_reg[3]/ena
pin:pinaka/mmr_register_instance/prdata_reg[4]/ena
pin:pinaka/mmr_register_instance/prdata_reg[5]/ena
pin:pinaka/mmr_register_instance/prdata_reg[6]/ena
pin:pinaka/mmr_register_instance/prdata_reg[7]/ena
pin:pinaka/mmr_register_instance/prdata_reg[8]/ena
pin:pinaka/mmr_register_instance/prdata_reg[9]/ena
-------------------------------------------------------------------------------

-------------------------------------------------------------------------------
Sequential clock pins with multiple clock waveforms

The following sequential clock pins have multiple clock waveforms from a single 
timing mode driving them.  Timing analysis will use all of the waveforms to     
determine the most pessimistic timing constraints.  The pin attribute           
'propagated_clocks' can be used to analyze which clocks are being used at each  
clock pin.                                                                      

pin:pinaka/clk_rst_bypass_top_instance/boot_controller/boot_controller_b/clk_rst_ctrl_pulse_reg[0]/clk
pin:pinaka/clk_rst_bypass_top_instance/boot_controller/boot_controller_b/clk_rst_ctrl_pulse_reg[1]/clk
pin:pinaka/clk_rst_bypass_top_instance/boot_controller/boot_controller_b/clk_rst_ctrl_pulse_reg[2]/clk
pin:pinaka/clk_rst_bypass_top_instance/boot_controller/boot_controller_b/clk_rst_ctrl_pulse_reg[3]/clk
pin:pinaka/clk_rst_bypass_top_instance/boot_controller/boot_controller_b/clk_rst_ctrl_pulse_reg[4]/clk
pin:pinaka/clk_rst_bypass_top_instance/boot_controller/boot_controller_b/clk_rst_ctrl_pulse_reg[5]/clk
pin:pinaka/clk_rst_bypass_top_instance/boot_controller/boot_controller_b/clk_rst_ctrl_pulse_reg[6]/clk
pin:pinaka/clk_rst_bypass_top_instance/boot_controller/boot_controller_b/clk_rst_ctrl_pulse_reg[7]/clk
pin:pinaka/clk_rst_bypass_top_instance/boot_controller/boot_controller_b/pulse_for_clk_rst_ctrl_reg/clk
pin:pinaka/clk_rst_bypass_top_instance/boot_controller/boot_controller_b/req_sync1_reg/clk
pin:pinaka/clk_rst_bypass_top_instance/boot_controller/boot_controller_b/req_sync2_reg/clk
pin:pinaka/clk_rst_bypass_top_instance/boot_controller/pulse_rst_unit/assert_cnt_reg[0]/clk
pin:pinaka/clk_rst_bypass_top_instance/boot_controller/pulse_rst_unit/assert_cnt_reg[1]/clk
pin:pinaka/clk_rst_bypass_top_instance/boot_controller/pulse_rst_unit/assert_cnt_reg[2]/clk
pin:pinaka/clk_rst_bypass_top_instance/boot_controller/pulse_rst_unit/assert_cnt_reg[3]/clk
pin:pinaka/clk_rst_bypass_top_instance/boot_controller/pulse_rst_unit/assert_cnt_reg[4]/clk
pin:pinaka/clk_rst_bypass_top_instance/boot_controller/pulse_rst_unit/assert_cnt_reg[5]/clk
pin:pinaka/clk_rst_bypass_top_instance/boot_controller/pulse_rst_unit/assert_cnt_reg[6]/clk
pin:pinaka/clk_rst_bypass_top_instance/boot_controller/pulse_rst_unit/assert_cnt_reg[7]/clk
pin:pinaka/clk_rst_bypass_top_instance/boot_controller/pulse_rst_unit/boot_pulse_gen_w_reg/clk
pin:pinaka/clk_rst_bypass_top_instance/boot_controller/pulse_rst_unit/state_reg[0]/clk
pin:pinaka/clk_rst_bypass_top_instance/boot_controller/pulse_rst_unit/state_reg[1]/clk
pin:pinaka/clk_rst_bypass_top_instance/debug_rc_clk_mux/i_scan_mode_test/clk_0_clksel_latch_reg/ena
pin:pinaka/clk_rst_bypass_top_instance/debug_rc_clk_mux/i_scan_mode_test/clk_0_sel_q1_reg/clk
pin:pinaka/clk_rst_bypass_top_instance/debug_rc_clk_mux/i_scan_mode_test/clk_0_sel_q2_reg/clk
pin:pinaka/clk_rst_bypass_top_instance/debug_rc_clk_mux/i_scan_mode_test/clk_0_sel_q3_reg/clk
pin:pinaka/clk_rst_bypass_top_instance/debug_rc_clk_mux/i_scan_mode_test/i_sync_clk0_en/reg_q_reg[0]/clk
pin:pinaka/clk_rst_bypass_top_instance/debug_rc_clk_mux/i_scan_mode_test/i_sync_clk0_en/reg_q_reg[1]/clk
pin:pinaka/clk_rst_bypass_top_instance/mem_rc_clk_mux/i_scan_mode_test/clk_0_clksel_latch_reg/ena
pin:pinaka/clk_rst_bypass_top_instance/mem_rc_clk_mux/i_scan_mode_test/clk_0_sel_q1_reg/clk
pin:pinaka/clk_rst_bypass_top_instance/mem_rc_clk_mux/i_scan_mode_test/clk_0_sel_q2_reg/clk
pin:pinaka/clk_rst_bypass_top_instance/mem_rc_clk_mux/i_scan_mode_test/clk_0_sel_q3_reg/clk
pin:pinaka/clk_rst_bypass_top_instance/mem_rc_clk_mux/i_scan_mode_test/i_sync_clk0_en/reg_q_reg[0]/clk
pin:pinaka/clk_rst_bypass_top_instance/mem_rc_clk_mux/i_scan_mode_test/i_sync_clk0_en/reg_q_reg[1]/clk
pin:pinaka/clk_rst_bypass_top_instance/pll_xtal_clk_mux/i_scan_mode_test/clk_0_clksel_latch_reg/ena
pin:pinaka/clk_rst_bypass_top_instance/pll_xtal_clk_mux/i_scan_mode_test/clk_0_sel_q1_reg/clk
pin:pinaka/clk_rst_bypass_top_instance/pll_xtal_clk_mux/i_scan_mode_test/clk_0_sel_q2_reg/clk
pin:pinaka/clk_rst_bypass_top_instance/pll_xtal_clk_mux/i_scan_mode_test/clk_0_sel_q3_reg/clk
pin:pinaka/clk_rst_bypass_top_instance/pll_xtal_clk_mux/i_scan_mode_test/i_sync_clk0_en/reg_q_reg[0]/clk
pin:pinaka/clk_rst_bypass_top_instance/pll_xtal_clk_mux/i_scan_mode_test/i_sync_clk0_en/reg_q_reg[1]/clk
pin:pinaka/clk_rst_ctrl_top_instance/i_debug_clksel_soc_clk_mux_sync/reg_q_reg[0]/clk
pin:pinaka/clk_rst_ctrl_top_instance/i_debug_clksel_soc_clk_mux_sync/reg_q_reg[1]/clk
pin:pinaka/clk_rst_ctrl_top_instance/i_debug_clksel_sys_clk_mux_sync/reg_q_reg[0]/clk
pin:pinaka/clk_rst_ctrl_top_instance/i_debug_clksel_sys_clk_mux_sync/reg_q_reg[1]/clk
pin:pinaka/clk_rst_ctrl_top_instance/i_mux_ctrl_apb_reg_sync/reg_q_reg[0]/clk
pin:pinaka/clk_rst_ctrl_top_instance/i_mux_ctrl_apb_reg_sync/reg_q_reg[1]/clk
pin:pinaka/clk_rst_ctrl_top_instance/i_sys_clk_rst_gen/clk_div_debug_en_q1_reg/clk
pin:pinaka/clk_rst_ctrl_top_instance/i_sys_clk_rst_gen/clk_div_debug_en_q2_reg/clk
pin:pinaka/clk_rst_ctrl_top_instance/i_sys_clk_rst_gen/clk_div_per_en_q1_reg/clk
pin:pinaka/clk_rst_ctrl_top_instance/i_sys_clk_rst_gen/clk_div_per_en_q2_reg/clk
pin:pinaka/clk_rst_ctrl_top_instance/i_sys_clk_rst_gen/debug_clksel_q1_reg/clk
pin:pinaka/clk_rst_ctrl_top_instance/i_sys_clk_rst_gen/debug_clksel_q2_reg/clk
pin:pinaka/clk_rst_ctrl_top_instance/i_sys_clk_rst_gen/debug_rst_value_q1_reg/clk
pin:pinaka/clk_rst_ctrl_top_instance/i_sys_clk_rst_gen/debug_rst_value_q2_reg/clk
pin:pinaka/clk_rst_ctrl_top_instance/i_sys_clk_rst_gen/i2c_rst_value_q1_reg/clk
pin:pinaka/clk_rst_ctrl_top_instance/i_sys_clk_rst_gen/i2c_rst_value_q2_reg/clk
pin:pinaka/clk_rst_ctrl_top_instance/i_sys_clk_rst_gen/i_clk_int_div_debug/clk_div_bypass_en_q_reg/clk
pin:pinaka/clk_rst_ctrl_top_instance/i_sys_clk_rst_gen/i_clk_int_div_debug/clk_gate_state_q_reg[0]/clk
pin:pinaka/clk_rst_ctrl_top_instance/i_sys_clk_rst_gen/i_clk_int_div_debug/clk_gate_state_q_reg[1]/clk
pin:pinaka/clk_rst_ctrl_top_instance/i_sys_clk_rst_gen/i_clk_int_div_debug/cycle_cntr_q_reg[0]/clk
pin:pinaka/clk_rst_ctrl_top_instance/i_sys_clk_rst_gen/i_clk_int_div_debug/cycle_cntr_q_reg[1]/clk
pin:pinaka/clk_rst_ctrl_top_instance/i_sys_clk_rst_gen/i_clk_int_div_debug/cycle_cntr_q_reg[2]/clk
pin:pinaka/clk_rst_ctrl_top_instance/i_sys_clk_rst_gen/i_clk_int_div_debug/div_q_reg[0]/clk
pin:pinaka/clk_rst_ctrl_top_instance/i_sys_clk_rst_gen/i_clk_int_div_debug/div_q_reg[1]/clk
pin:pinaka/clk_rst_ctrl_top_instance/i_sys_clk_rst_gen/i_clk_int_div_debug/div_q_reg[2]/clk
pin:pinaka/clk_rst_ctrl_top_instance/i_sys_clk_rst_gen/i_clk_int_div_debug/gate_en_q_reg/clk
pin:pinaka/clk_rst_ctrl_top_instance/i_sys_clk_rst_gen/i_clk_int_div_debug/i_clk_gate/clk_en_reg/ena
pin:pinaka/clk_rst_ctrl_top_instance/i_sys_clk_rst_gen/i_clk_int_div_debug/t_ff1_q_reg/clk
pin:pinaka/clk_rst_ctrl_top_instance/i_sys_clk_rst_gen/i_clk_int_div_debug/t_ff2_q_reg/clk
pin:pinaka/clk_rst_ctrl_top_instance/i_sys_clk_rst_gen/i_clk_int_div_debug/use_odd_division_q_reg/clk
pin:pinaka/clk_rst_ctrl_top_instance/i_sys_clk_rst_gen/i_clk_int_div_peripheral/clk_div_bypass_en_q_reg/clk
pin:pinaka/clk_rst_ctrl_top_instance/i_sys_clk_rst_gen/i_clk_int_div_peripheral/clk_gate_state_q_reg[0]/clk
pin:pinaka/clk_rst_ctrl_top_instance/i_sys_clk_rst_gen/i_clk_int_div_peripheral/clk_gate_state_q_reg[1]/clk
pin:pinaka/clk_rst_ctrl_top_instance/i_sys_clk_rst_gen/i_clk_int_div_peripheral/cycle_cntr_q_reg[0]/clk
pin:pinaka/clk_rst_ctrl_top_instance/i_sys_clk_rst_gen/i_clk_int_div_peripheral/cycle_cntr_q_reg[1]/clk
pin:pinaka/clk_rst_ctrl_top_instance/i_sys_clk_rst_gen/i_clk_int_div_peripheral/cycle_cntr_q_reg[2]/clk
pin:pinaka/clk_rst_ctrl_top_instance/i_sys_clk_rst_gen/i_clk_int_div_peripheral/div_q_reg[0]/clk
pin:pinaka/clk_rst_ctrl_top_instance/i_sys_clk_rst_gen/i_clk_int_div_peripheral/div_q_reg[1]/clk
pin:pinaka/clk_rst_ctrl_top_instance/i_sys_clk_rst_gen/i_clk_int_div_peripheral/div_q_reg[2]/clk
pin:pinaka/clk_rst_ctrl_top_instance/i_sys_clk_rst_gen/i_clk_int_div_peripheral/gate_en_q_reg/clk
pin:pinaka/clk_rst_ctrl_top_instance/i_sys_clk_rst_gen/i_clk_int_div_peripheral/i_clk_gate/clk_en_reg/ena
pin:pinaka/clk_rst_ctrl_top_instance/i_sys_clk_rst_gen/i_clk_int_div_peripheral/t_ff1_q_reg/clk
pin:pinaka/clk_rst_ctrl_top_instance/i_sys_clk_rst_gen/i_clk_int_div_peripheral/t_ff2_q_reg/clk
pin:pinaka/clk_rst_ctrl_top_instance/i_sys_clk_rst_gen/i_clk_int_div_peripheral/use_odd_division_q_reg/clk
pin:pinaka/clk_rst_ctrl_top_instance/i_sys_clk_rst_gen/i_mem_clksel_rst_ctrl_sys_sync/reg_q_reg[0]/clk
pin:pinaka/clk_rst_ctrl_top_instance/i_sys_clk_rst_gen/i_mem_clksel_rst_ctrl_sys_sync/reg_q_reg[1]/clk
pin:pinaka/clk_rst_ctrl_top_instance/i_sys_clk_rst_gen/i_mux_clk_peripheral/clk_0_clksel_latch_reg/ena
pin:pinaka/clk_rst_ctrl_top_instance/i_sys_clk_rst_gen/i_mux_clk_peripheral/clk_0_sel_q1_reg/clk
pin:pinaka/clk_rst_ctrl_top_instance/i_sys_clk_rst_gen/i_mux_clk_peripheral/clk_0_sel_q2_reg/clk
pin:pinaka/clk_rst_ctrl_top_instance/i_sys_clk_rst_gen/i_mux_clk_peripheral/clk_0_sel_q3_reg/clk
pin:pinaka/clk_rst_ctrl_top_instance/i_sys_clk_rst_gen/i_mux_clk_peripheral/clk_1_clksel_latch_reg/ena
pin:pinaka/clk_rst_ctrl_top_instance/i_sys_clk_rst_gen/i_mux_clk_peripheral/clk_1_sel_q1_reg/clk
pin:pinaka/clk_rst_ctrl_top_instance/i_sys_clk_rst_gen/i_mux_clk_peripheral/clk_1_sel_q2_reg/clk
pin:pinaka/clk_rst_ctrl_top_instance/i_sys_clk_rst_gen/i_mux_clk_peripheral/clk_1_sel_q3_reg/clk
pin:pinaka/clk_rst_ctrl_top_instance/i_sys_clk_rst_gen/i_mux_clk_peripheral/i_scan_mode_test/clk_0_clksel_latch_reg/ena
pin:pinaka/clk_rst_ctrl_top_instance/i_sys_clk_rst_gen/i_mux_clk_peripheral/i_scan_mode_test/clk_0_sel_q1_reg/clk
pin:pinaka/clk_rst_ctrl_top_instance/i_sys_clk_rst_gen/i_mux_clk_peripheral/i_scan_mode_test/clk_0_sel_q2_reg/clk
pin:pinaka/clk_rst_ctrl_top_instance/i_sys_clk_rst_gen/i_mux_clk_peripheral/i_scan_mode_test/clk_0_sel_q3_reg/clk
pin:pinaka/clk_rst_ctrl_top_instance/i_sys_clk_rst_gen/i_mux_clk_peripheral/i_scan_mode_test/i_sync_clk0_en/reg_q_reg[0]/clk
pin:pinaka/clk_rst_ctrl_top_instance/i_sys_clk_rst_gen/i_mux_clk_peripheral/i_scan_mode_test/i_sync_clk0_en/reg_q_reg[1]/clk
pin:pinaka/clk_rst_ctrl_top_instance/i_sys_clk_rst_gen/i_mux_clk_peripheral/i_sync_clk0_en/reg_q_reg[0]/clk
pin:pinaka/clk_rst_ctrl_top_instance/i_sys_clk_rst_gen/i_mux_clk_peripheral/i_sync_clk0_en/reg_q_reg[1]/clk
pin:pinaka/clk_rst_ctrl_top_instance/i_sys_clk_rst_gen/i_mux_clk_peripheral/i_sync_clk1_en/reg_q_reg[0]/clk
pin:pinaka/clk_rst_ctrl_top_instance/i_sys_clk_rst_gen/i_mux_clk_peripheral/i_sync_clk1_en/reg_q_reg[1]/clk
pin:pinaka/clk_rst_ctrl_top_instance/i_sys_clk_rst_gen/i_mux_clk_soc/clk_0_clksel_latch_reg/ena
pin:pinaka/clk_rst_ctrl_top_instance/i_sys_clk_rst_gen/i_mux_clk_soc/clk_0_sel_q1_reg/clk
pin:pinaka/clk_rst_ctrl_top_instance/i_sys_clk_rst_gen/i_mux_clk_soc/clk_0_sel_q2_reg/clk
pin:pinaka/clk_rst_ctrl_top_instance/i_sys_clk_rst_gen/i_mux_clk_soc/clk_0_sel_q3_reg/clk
pin:pinaka/clk_rst_ctrl_top_instance/i_sys_clk_rst_gen/i_mux_clk_soc/clk_1_clksel_latch_reg/ena
pin:pinaka/clk_rst_ctrl_top_instance/i_sys_clk_rst_gen/i_mux_clk_soc/clk_1_sel_q1_reg/clk
pin:pinaka/clk_rst_ctrl_top_instance/i_sys_clk_rst_gen/i_mux_clk_soc/clk_1_sel_q2_reg/clk
pin:pinaka/clk_rst_ctrl_top_instance/i_sys_clk_rst_gen/i_mux_clk_soc/clk_1_sel_q3_reg/clk
pin:pinaka/clk_rst_ctrl_top_instance/i_sys_clk_rst_gen/i_mux_clk_soc/i_scan_mode_test/clk_0_clksel_latch_reg/ena
pin:pinaka/clk_rst_ctrl_top_instance/i_sys_clk_rst_gen/i_mux_clk_soc/i_scan_mode_test/clk_0_sel_q1_reg/clk
pin:pinaka/clk_rst_ctrl_top_instance/i_sys_clk_rst_gen/i_mux_clk_soc/i_scan_mode_test/clk_0_sel_q2_reg/clk
pin:pinaka/clk_rst_ctrl_top_instance/i_sys_clk_rst_gen/i_mux_clk_soc/i_scan_mode_test/clk_0_sel_q3_reg/clk
pin:pinaka/clk_rst_ctrl_top_instance/i_sys_clk_rst_gen/i_mux_clk_soc/i_scan_mode_test/i_sync_clk0_en/reg_q_reg[0]/clk
pin:pinaka/clk_rst_ctrl_top_instance/i_sys_clk_rst_gen/i_mux_clk_soc/i_scan_mode_test/i_sync_clk0_en/reg_q_reg[1]/clk
pin:pinaka/clk_rst_ctrl_top_instance/i_sys_clk_rst_gen/i_mux_clk_soc/i_sync_clk0_en/reg_q_reg[0]/clk
pin:pinaka/clk_rst_ctrl_top_instance/i_sys_clk_rst_gen/i_mux_clk_soc/i_sync_clk0_en/reg_q_reg[1]/clk
pin:pinaka/clk_rst_ctrl_top_instance/i_sys_clk_rst_gen/i_mux_clk_soc/i_sync_clk1_en/reg_q_reg[0]/clk
pin:pinaka/clk_rst_ctrl_top_instance/i_sys_clk_rst_gen/i_mux_clk_soc/i_sync_clk1_en/reg_q_reg[1]/clk
pin:pinaka/clk_rst_ctrl_top_instance/i_sys_clk_rst_gen/i_rst_gen/apb_core_rst_req_q_reg/clk
pin:pinaka/clk_rst_ctrl_top_instance/i_sys_clk_rst_gen/i_rst_gen/core_auto_cnt_reg[0]/clk
pin:pinaka/clk_rst_ctrl_top_instance/i_sys_clk_rst_gen/i_rst_gen/core_auto_cnt_reg[1]/clk
pin:pinaka/clk_rst_ctrl_top_instance/i_sys_clk_rst_gen/i_rst_gen/core_auto_cnt_reg[2]/clk
pin:pinaka/clk_rst_ctrl_top_instance/i_sys_clk_rst_gen/i_rst_gen/core_auto_cnt_reg[3]/clk
pin:pinaka/clk_rst_ctrl_top_instance/i_sys_clk_rst_gen/i_rst_gen/core_auto_cnt_reg[4]/clk
pin:pinaka/clk_rst_ctrl_top_instance/i_sys_clk_rst_gen/i_rst_gen/core_auto_rst_active_reg/clk
pin:pinaka/clk_rst_ctrl_top_instance/i_sys_clk_rst_gen/i_rst_gen/core_rstn_o_reg/clk
pin:pinaka/clk_rst_ctrl_top_instance/i_sys_clk_rst_gen/i_rst_gen/core_seq_pending_q_reg/clk
pin:pinaka/clk_rst_ctrl_top_instance/i_sys_clk_rst_gen/i_rst_gen/dbg_rstn_o_reg/clk
pin:pinaka/clk_rst_ctrl_top_instance/i_sys_clk_rst_gen/i_rst_gen/dbg_seq_pending_q_reg/clk
pin:pinaka/clk_rst_ctrl_top_instance/i_sys_clk_rst_gen/i_rst_gen/i2c_rstn_o_reg/clk
pin:pinaka/clk_rst_ctrl_top_instance/i_sys_clk_rst_gen/i_rst_gen/i_debug_rstgen/rst_no_reg/clk
pin:pinaka/clk_rst_ctrl_top_instance/i_sys_clk_rst_gen/i_rst_gen/i_debug_rstgen/rst_sync_q1_reg/clk
pin:pinaka/clk_rst_ctrl_top_instance/i_sys_clk_rst_gen/i_rst_gen/i_debug_rstgen/rst_sync_q2_reg/clk
pin:pinaka/clk_rst_ctrl_top_instance/i_sys_clk_rst_gen/i_rst_gen/i_debug_rstgen/rst_sync_q3_reg/clk
pin:pinaka/clk_rst_ctrl_top_instance/i_sys_clk_rst_gen/i_rst_gen/i_i2c_rstgen/rst_no_reg/clk
pin:pinaka/clk_rst_ctrl_top_instance/i_sys_clk_rst_gen/i_rst_gen/i_i2c_rstgen/rst_sync_q1_reg/clk
pin:pinaka/clk_rst_ctrl_top_instance/i_sys_clk_rst_gen/i_rst_gen/i_i2c_rstgen/rst_sync_q2_reg/clk
pin:pinaka/clk_rst_ctrl_top_instance/i_sys_clk_rst_gen/i_rst_gen/i_i2c_rstgen/rst_sync_q3_reg/clk
pin:pinaka/clk_rst_ctrl_top_instance/i_sys_clk_rst_gen/i_rst_gen/i_mem_clkdone_soc_sync/reg_q_reg[0]/clk
pin:pinaka/clk_rst_ctrl_top_instance/i_sys_clk_rst_gen/i_rst_gen/i_mem_clkdone_soc_sync/reg_q_reg[1]/clk
pin:pinaka/clk_rst_ctrl_top_instance/i_sys_clk_rst_gen/i_rst_gen/i_mem_clkdone_soc_sync/reg_q_reg[2]/clk
pin:pinaka/clk_rst_ctrl_top_instance/i_sys_clk_rst_gen/i_rst_gen/i_per_clkAfter_por_sync/reg_q_reg[0]/clk
pin:pinaka/clk_rst_ctrl_top_instance/i_sys_clk_rst_gen/i_rst_gen/i_per_clkAfter_por_sync/reg_q_reg[1]/clk
pin:pinaka/clk_rst_ctrl_top_instance/i_sys_clk_rst_gen/i_rst_gen/i_per_clkAfter_por_sync/reg_q_reg[2]/clk
pin:pinaka/clk_rst_ctrl_top_instance/i_sys_clk_rst_gen/i_rst_gen/i_peripheral_rstgen/rst_no_reg/clk
pin:pinaka/clk_rst_ctrl_top_instance/i_sys_clk_rst_gen/i_rst_gen/i_peripheral_rstgen/rst_sync_q1_reg/clk
pin:pinaka/clk_rst_ctrl_top_instance/i_sys_clk_rst_gen/i_rst_gen/i_peripheral_rstgen/rst_sync_q2_reg/clk
pin:pinaka/clk_rst_ctrl_top_instance/i_sys_clk_rst_gen/i_rst_gen/i_peripheral_rstgen/rst_sync_q3_reg/clk
pin:pinaka/clk_rst_ctrl_top_instance/i_sys_clk_rst_gen/i_rst_gen/i_soc_rstgen/rst_no_reg/clk
pin:pinaka/clk_rst_ctrl_top_instance/i_sys_clk_rst_gen/i_rst_gen/i_soc_rstgen/rst_sync_q1_reg/clk
pin:pinaka/clk_rst_ctrl_top_instance/i_sys_clk_rst_gen/i_rst_gen/i_soc_rstgen/rst_sync_q2_reg/clk
pin:pinaka/clk_rst_ctrl_top_instance/i_sys_clk_rst_gen/i_rst_gen/i_soc_rstgen/rst_sync_q3_reg/clk
pin:pinaka/clk_rst_ctrl_top_instance/i_sys_clk_rst_gen/i_rst_gen/i_spi_rstgen/rst_no_reg/clk
pin:pinaka/clk_rst_ctrl_top_instance/i_sys_clk_rst_gen/i_rst_gen/i_spi_rstgen/rst_sync_q1_reg/clk
pin:pinaka/clk_rst_ctrl_top_instance/i_sys_clk_rst_gen/i_rst_gen/i_spi_rstgen/rst_sync_q2_reg/clk
pin:pinaka/clk_rst_ctrl_top_instance/i_sys_clk_rst_gen/i_rst_gen/i_spi_rstgen/rst_sync_q3_reg/clk
pin:pinaka/clk_rst_ctrl_top_instance/i_sys_clk_rst_gen/i_rst_gen/i_test_mode_debug_rst_sync/reg_q_reg[0]/clk
pin:pinaka/clk_rst_ctrl_top_instance/i_sys_clk_rst_gen/i_rst_gen/i_test_mode_debug_rst_sync/reg_q_reg[1]/clk
pin:pinaka/clk_rst_ctrl_top_instance/i_sys_clk_rst_gen/i_rst_gen/i_test_mode_i2c_rst_sync/reg_q_reg[0]/clk
pin:pinaka/clk_rst_ctrl_top_instance/i_sys_clk_rst_gen/i_rst_gen/i_test_mode_i2c_rst_sync/reg_q_reg[1]/clk
pin:pinaka/clk_rst_ctrl_top_instance/i_sys_clk_rst_gen/i_rst_gen/i_test_mode_per_rst_sync/reg_q_reg[0]/clk
pin:pinaka/clk_rst_ctrl_top_instance/i_sys_clk_rst_gen/i_rst_gen/i_test_mode_per_rst_sync/reg_q_reg[1]/clk
pin:pinaka/clk_rst_ctrl_top_instance/i_sys_clk_rst_gen/i_rst_gen/i_test_mode_soc_rst_sync/reg_q_reg[0]/clk
pin:pinaka/clk_rst_ctrl_top_instance/i_sys_clk_rst_gen/i_rst_gen/i_test_mode_soc_rst_sync/reg_q_reg[1]/clk
pin:pinaka/clk_rst_ctrl_top_instance/i_sys_clk_rst_gen/i_rst_gen/i_test_mode_spi_rst_sync/reg_q_reg[0]/clk
pin:pinaka/clk_rst_ctrl_top_instance/i_sys_clk_rst_gen/i_rst_gen/i_test_mode_spi_rst_sync/reg_q_reg[1]/clk
pin:pinaka/clk_rst_ctrl_top_instance/i_sys_clk_rst_gen/i_rst_gen/i_test_mode_uart_rst_sync/reg_q_reg[0]/clk
pin:pinaka/clk_rst_ctrl_top_instance/i_sys_clk_rst_gen/i_rst_gen/i_test_mode_uart_rst_sync/reg_q_reg[1]/clk
pin:pinaka/clk_rst_ctrl_top_instance/i_sys_clk_rst_gen/i_rst_gen/i_tier1_rdy_dbg_sync/reg_q_reg[0]/clk
pin:pinaka/clk_rst_ctrl_top_instance/i_sys_clk_rst_gen/i_rst_gen/i_tier1_rdy_dbg_sync/reg_q_reg[1]/clk
pin:pinaka/clk_rst_ctrl_top_instance/i_sys_clk_rst_gen/i_rst_gen/i_tier2_rdy_soc_sync/reg_q_reg[0]/clk
pin:pinaka/clk_rst_ctrl_top_instance/i_sys_clk_rst_gen/i_rst_gen/i_tier2_rdy_soc_sync/reg_q_reg[1]/clk
pin:pinaka/clk_rst_ctrl_top_instance/i_sys_clk_rst_gen/i_rst_gen/i_uart_rstgen/rst_no_reg/clk
pin:pinaka/clk_rst_ctrl_top_instance/i_sys_clk_rst_gen/i_rst_gen/i_uart_rstgen/rst_sync_q1_reg/clk
pin:pinaka/clk_rst_ctrl_top_instance/i_sys_clk_rst_gen/i_rst_gen/i_uart_rstgen/rst_sync_q2_reg/clk
pin:pinaka/clk_rst_ctrl_top_instance/i_sys_clk_rst_gen/i_rst_gen/i_uart_rstgen/rst_sync_q3_reg/clk
pin:pinaka/clk_rst_ctrl_top_instance/i_sys_clk_rst_gen/i_rst_gen/i_wdt_global_dbg_sync/reg_q_reg[0]/clk
pin:pinaka/clk_rst_ctrl_top_instance/i_sys_clk_rst_gen/i_rst_gen/i_wdt_global_dbg_sync/reg_q_reg[1]/clk
pin:pinaka/clk_rst_ctrl_top_instance/i_sys_clk_rst_gen/i_rst_gen/i_wdt_req_soc_sync/reg_q_reg[0]/clk
pin:pinaka/clk_rst_ctrl_top_instance/i_sys_clk_rst_gen/i_rst_gen/i_wdt_req_soc_sync/reg_q_reg[1]/clk
pin:pinaka/clk_rst_ctrl_top_instance/i_sys_clk_rst_gen/i_rst_gen/i_wdt_req_soc_sync/reg_q_reg[2]/clk
pin:pinaka/clk_rst_ctrl_top_instance/i_sys_clk_rst_gen/i_rst_gen/per_clk_por_detect_reg/clk
pin:pinaka/clk_rst_ctrl_top_instance/i_sys_clk_rst_gen/i_rst_gen/peripheral_rstn_o_reg/clk
pin:pinaka/clk_rst_ctrl_top_instance/i_sys_clk_rst_gen/i_rst_gen/spi_rstn_o_reg/clk
pin:pinaka/clk_rst_ctrl_top_instance/i_sys_clk_rst_gen/i_rst_gen/state_q_reg[0]/clk
pin:pinaka/clk_rst_ctrl_top_instance/i_sys_clk_rst_gen/i_rst_gen/state_q_reg[1]/clk
pin:pinaka/clk_rst_ctrl_top_instance/i_sys_clk_rst_gen/i_rst_gen/state_q_reg[2]/clk
pin:pinaka/clk_rst_ctrl_top_instance/i_sys_clk_rst_gen/i_rst_gen/uart_rstn_o_reg/clk
pin:pinaka/clk_rst_ctrl_top_instance/i_sys_clk_rst_gen/i_rst_gen/wdt_all_peripherals_rst_req_reg/clk
pin:pinaka/clk_rst_ctrl_top_instance/i_sys_clk_rst_gen/i_rst_gen/wdt_core_rst_req_q_reg/clk
pin:pinaka/clk_rst_ctrl_top_instance/i_sys_clk_rst_gen/i_rst_gen/wdt_coren_subsytem_rst_req_reg/clk
pin:pinaka/clk_rst_ctrl_top_instance/i_sys_clk_rst_gen/i_rst_gen/wdt_debug_rst_req_reg/clk
pin:pinaka/clk_rst_ctrl_top_instance/i_sys_clk_rst_gen/i_rst_gen/wdt_global_rst_req_q_reg/clk
pin:pinaka/clk_rst_ctrl_top_instance/i_sys_clk_rst_gen/i_rst_gen/wdt_global_rst_req_reg/clk
pin:pinaka/clk_rst_ctrl_top_instance/i_sys_clk_rst_gen/i_test_mode_div_debug_sync/reg_q_reg[0]/clk
pin:pinaka/clk_rst_ctrl_top_instance/i_sys_clk_rst_gen/i_test_mode_div_debug_sync/reg_q_reg[1]/clk
pin:pinaka/clk_rst_ctrl_top_instance/i_sys_clk_rst_gen/i_test_mode_div_peripheral_sync/reg_q_reg[0]/clk
pin:pinaka/clk_rst_ctrl_top_instance/i_sys_clk_rst_gen/i_test_mode_div_peripheral_sync/reg_q_reg[1]/clk
pin:pinaka/clk_rst_ctrl_top_instance/i_sys_clk_rst_gen/i_wdt_req_rc2sys_sync/reg_q_reg[0]/clk
pin:pinaka/clk_rst_ctrl_top_instance/i_sys_clk_rst_gen/i_wdt_req_rc2sys_sync/reg_q_reg[1]/clk
pin:pinaka/clk_rst_ctrl_top_instance/i_sys_clk_rst_gen/mux_sync_status_ctrl_o_reg/clk
pin:pinaka/clk_rst_ctrl_top_instance/i_sys_clk_rst_gen/per_rst_value_q1_reg/clk
pin:pinaka/clk_rst_ctrl_top_instance/i_sys_clk_rst_gen/per_rst_value_q2_reg/clk
pin:pinaka/clk_rst_ctrl_top_instance/i_sys_clk_rst_gen/rstn_debug_sync_q1_reg/clk
pin:pinaka/clk_rst_ctrl_top_instance/i_sys_clk_rst_gen/rstn_debug_sync_q2_reg/clk
pin:pinaka/clk_rst_ctrl_top_instance/i_sys_clk_rst_gen/rstn_i2c_sync_q1_reg/clk
pin:pinaka/clk_rst_ctrl_top_instance/i_sys_clk_rst_gen/rstn_i2c_sync_q2_reg/clk
pin:pinaka/clk_rst_ctrl_top_instance/i_sys_clk_rst_gen/rstn_peripheral_sync_q1_reg/clk
pin:pinaka/clk_rst_ctrl_top_instance/i_sys_clk_rst_gen/rstn_peripheral_sync_q2_reg/clk
pin:pinaka/clk_rst_ctrl_top_instance/i_sys_clk_rst_gen/rstn_soc_sync_q1_reg/clk
pin:pinaka/clk_rst_ctrl_top_instance/i_sys_clk_rst_gen/rstn_soc_sync_q2_reg/clk
pin:pinaka/clk_rst_ctrl_top_instance/i_sys_clk_rst_gen/rstn_spi_sync_q1_reg/clk
pin:pinaka/clk_rst_ctrl_top_instance/i_sys_clk_rst_gen/rstn_spi_sync_q2_reg/clk
pin:pinaka/clk_rst_ctrl_top_instance/i_sys_clk_rst_gen/rstn_uart_sync_q1_reg/clk
pin:pinaka/clk_rst_ctrl_top_instance/i_sys_clk_rst_gen/rstn_uart_sync_q2_reg/clk
pin:pinaka/clk_rst_ctrl_top_instance/i_sys_clk_rst_gen/soc_rst_value_q1_reg/clk
pin:pinaka/clk_rst_ctrl_top_instance/i_sys_clk_rst_gen/soc_rst_value_q2_reg/clk
pin:pinaka/clk_rst_ctrl_top_instance/i_sys_clk_rst_gen/spi_rst_value_q1_reg/clk
pin:pinaka/clk_rst_ctrl_top_instance/i_sys_clk_rst_gen/spi_rst_value_q2_reg/clk
pin:pinaka/clk_rst_ctrl_top_instance/i_sys_clk_rst_gen/status_reg_o_reg[0]/clk
pin:pinaka/clk_rst_ctrl_top_instance/i_sys_clk_rst_gen/status_reg_o_reg[1]/clk
pin:pinaka/clk_rst_ctrl_top_instance/i_sys_clk_rst_gen/status_reg_o_reg[2]/clk
pin:pinaka/clk_rst_ctrl_top_instance/i_sys_clk_rst_gen/status_reg_o_reg[3]/clk
pin:pinaka/clk_rst_ctrl_top_instance/i_sys_clk_rst_gen/status_reg_o_reg[4]/clk
pin:pinaka/clk_rst_ctrl_top_instance/i_sys_clk_rst_gen/status_reg_o_reg[5]/clk
pin:pinaka/clk_rst_ctrl_top_instance/i_sys_clk_rst_gen/status_reg_o_reg[6]/clk
pin:pinaka/clk_rst_ctrl_top_instance/i_sys_clk_rst_gen/status_reg_o_reg[7]/clk
pin:pinaka/clk_rst_ctrl_top_instance/i_sys_clk_rst_gen/status_reg_o_reg[8]/clk
pin:pinaka/clk_rst_ctrl_top_instance/i_sys_clk_rst_gen/uart_rst_value_q1_reg/clk
pin:pinaka/clk_rst_ctrl_top_instance/i_sys_clk_rst_gen/uart_rst_value_q2_reg/clk
pin:pinaka/clk_rst_ctrl_top_instance/i_sys_clk_rst_gen/wdt_rst_scope_q_reg[0]/clk
pin:pinaka/clk_rst_ctrl_top_instance/i_sys_clk_rst_gen/wdt_rst_scope_q_reg[1]/clk
pin:pinaka/clk_rst_ctrl_top_instance/mux_sync2clk_rst_gen_rst_ctrl_q_reg[0]/clk
pin:pinaka/clk_rst_ctrl_top_instance/mux_sync2clk_rst_gen_rst_ctrl_q_reg[1]/clk
pin:pinaka/clk_rst_ctrl_top_instance/mux_sync2clk_rst_gen_rst_ctrl_q_reg[2]/clk
pin:pinaka/clk_rst_ctrl_top_instance/mux_sync2clk_rst_gen_rst_ctrl_q_reg[3]/clk
pin:pinaka/clk_rst_ctrl_top_instance/mux_sync2clk_rst_gen_rst_ctrl_q_reg[4]/clk
pin:pinaka/clk_rst_ctrl_top_instance/mux_sync2clk_rst_gen_rst_ctrl_q_reg[5]/clk
pin:pinaka/clk_rst_ctrl_top_instance/sync2clk_rst_div_debug_ctrl_q_reg[0]/clk
pin:pinaka/clk_rst_ctrl_top_instance/sync2clk_rst_div_debug_ctrl_q_reg[1]/clk
pin:pinaka/clk_rst_ctrl_top_instance/sync2clk_rst_div_debug_ctrl_q_reg[2]/clk
pin:pinaka/clk_rst_ctrl_top_instance/sync2clk_rst_div_debug_ctrl_q_reg[3]/clk
pin:pinaka/clk_rst_ctrl_top_instance/sync2clk_rst_div_per_ctrl_q_reg[0]/clk
pin:pinaka/clk_rst_ctrl_top_instance/sync2clk_rst_div_per_ctrl_q_reg[1]/clk
pin:pinaka/clk_rst_ctrl_top_instance/sync2clk_rst_div_per_ctrl_q_reg[2]/clk
pin:pinaka/clk_rst_ctrl_top_instance/sync2clk_rst_div_per_ctrl_q_reg[3]/clk
-------------------------------------------------------------------------------

-------------------------------------------------------------------------------
Nets with multiple drivers

The following nets have multiple drivers and at least one of the drivers is     
non-tristate:                                                                   

hnet:pinaka/mmr_reg_prdata[0]
hnet:pinaka/mmr_reg_prdata[10]
hnet:pinaka/mmr_reg_prdata[11]
hnet:pinaka/mmr_reg_prdata[12]
hnet:pinaka/mmr_reg_prdata[13]
hnet:pinaka/mmr_reg_prdata[14]
hnet:pinaka/mmr_reg_prdata[15]
hnet:pinaka/mmr_reg_prdata[16]
hnet:pinaka/mmr_reg_prdata[17]
hnet:pinaka/mmr_reg_prdata[18]
hnet:pinaka/mmr_reg_prdata[19]
hnet:pinaka/mmr_reg_prdata[1]
hnet:pinaka/mmr_reg_prdata[20]
hnet:pinaka/mmr_reg_prdata[21]
hnet:pinaka/mmr_reg_prdata[22]
hnet:pinaka/mmr_reg_prdata[23]
hnet:pinaka/mmr_reg_prdata[24]
hnet:pinaka/mmr_reg_prdata[25]
hnet:pinaka/mmr_reg_prdata[26]
hnet:pinaka/mmr_reg_prdata[27]
hnet:pinaka/mmr_reg_prdata[28]
hnet:pinaka/mmr_reg_prdata[29]
hnet:pinaka/mmr_reg_prdata[2]
hnet:pinaka/mmr_reg_prdata[30]
hnet:pinaka/mmr_reg_prdata[31]
hnet:pinaka/mmr_reg_prdata[3]
hnet:pinaka/mmr_reg_prdata[4]
hnet:pinaka/mmr_reg_prdata[5]
hnet:pinaka/mmr_reg_prdata[6]
hnet:pinaka/mmr_reg_prdata[7]
hnet:pinaka/mmr_reg_prdata[8]
hnet:pinaka/mmr_reg_prdata[9]
-------------------------------------------------------------------------------


Lint summary
 Unconnected/logic driven clocks                                  0
 Sequential data pins driven by a clock signal                   35
 Sequential clock pins without clock waveform                   131
 Sequential clock pins with multiple clock waveforms            250
 Generated clocks without clock waveform                          0
 Generated clocks with incompatible options                       0
 Generated clocks with multi-master clock                         0
 Paths constrained with different clocks                          0
 Loop-breaking cells for combinational feedback                   0
 Nets with multiple drivers                                      32
 Timing exceptions with no effect                                 0
 Suspicious multi_cycle exceptions                                0
 Pins/ports with conflicting case constants                       0
 Inputs without clocked external delays                           0
 Outputs without clocked external delays                          0
 Inputs without external driver/transition                        0
 Outputs without external load                                    0
 Exceptions with invalid timing start-/endpoints                  0

                                                  Total:        448
