============================================================
  Generated by:           Genus(TM) Synthesis Solution 17.22-s017_1
  Generated on:           Mar 01 2023  09:07:57 pm
  Module:                 pinaka
  Technology library:     tcbn65lpwc 200
  Operating conditions:   WCCOM (balanced_tree)
  Wireload mode:          segmented
  Area mode:              timing library
============================================================


 Clock Description
 ----------------- 

   Clock                                     Clock     Source      No of   
   Name       Period    Rise      Fall       Domain   Pin/Port   Registers 
---------------------------------------------------------------------------
 TCK          500000.0   0.0     250000.0   domain_1   TCK             287 
 pll_clk        2500.0   0.0       1250.0   domain_1   pll_clk         244 
 xtal_clk      40000.0   0.0      20000.0   domain_1   xtal_clk        244 
 rc_clk     20000000.0   0.0   10000000.0   domain_1   rc_clk          298 

 Clock Network Latency / Setup Uncertainty
 ----------------------------------------- 

           Network   Network   Source   Source     Setup        Setup    
  Clock    Latency   Latency  Latency  Latency  Uncertainty  Uncertainty 
  Name      Rise      Fall      Rise     Fall       Rise         Fall    
-------------------------------------------------------------------------
TCK            0.0       0.0      0.0      0.0        500.0        500.0 
pll_clk        0.0       0.0      0.0      0.0        500.0        500.0 
xtal_clk       0.0       0.0      0.0      0.0        500.0        500.0 
rc_clk         0.0       0.0      0.0      0.0        500.0        500.0 

 Clock Relationship (with uncertainty & latency)
 ----------------------------------------------- 

    From        To         R->R         R->F        F->R        F->F    
------------------------------------------------------------------------
  TCK        TCK          499500.0    249500.0    249500.0     499500.0 
  TCK        pll_clk        2000.0       750.0      2000.0        750.0 
  TCK        xtal_clk      19500.0     19500.0      9500.0       9500.0 
  TCK        rc_clk       499500.0    499500.0    249500.0     249500.0 
  pll_clk    TCK            2000.0      2000.0       750.0        750.0 
  pll_clk    pll_clk        2000.0       750.0       750.0       2000.0 
  pll_clk    xtal_clk       2000.0      2000.0       750.0        750.0 
  pll_clk    rc_clk         2000.0      2000.0       750.0        750.0 
  xtal_clk   TCK           19500.0      9500.0     19500.0       9500.0 
  xtal_clk   pll_clk        2000.0       750.0      2000.0        750.0 
  xtal_clk   xtal_clk      39500.0     19500.0     19500.0      39500.0 
  xtal_clk   rc_clk        39500.0     39500.0     19500.0      19500.0 
  rc_clk     TCK          499500.0    249500.0    499500.0     249500.0 
  rc_clk     pll_clk        2000.0       750.0      2000.0        750.0 
  rc_clk     xtal_clk      39500.0     19500.0     39500.0      19500.0 
  rc_clk     rc_clk     19999500.0   9999500.0   9999500.0   19999500.0 
