============================================================
  Generated by:           Genus(TM) Synthesis Solution 17.22-s017_1
  Generated on:           Mar 01 2023  09:38:25 pm
  Module:                 pinaka
  Operating conditions:   WCCOM (balanced_tree)
  Wireload mode:          segmented
  Area mode:              timing library
============================================================

-------------------------------------------------------------------------------
Sequential data pins driven by a clock signal

The following sequential data pins are driven by a clock signal:                

pin:pinaka/clk_rst_ctrl_top_instance/i_sys_clk_rst_gen_i_clk_int_div_debug_RC_CG_HIER_INST152/RC_CGIC_INST/E
pin:pinaka/clk_rst_ctrl_top_instance/i_sys_clk_rst_gen_i_clk_int_div_debug_RC_CG_HIER_INST153/RC_CGIC_INST/E
pin:pinaka/clk_rst_ctrl_top_instance/i_sys_clk_rst_gen_i_clk_int_div_debug_clk_gate_state_q_reg[0]/D
  ... 17 other warnings in this category.
 Use the -verbose option for more details.
-------------------------------------------------------------------------------

-------------------------------------------------------------------------------
Sequential clock pins without clock waveform

The following sequential clock pins have no clock waveform driving them.  No    
timing constraints will be derived for paths leading to or from these pins.     

pin:pinaka/debug_module_instance/u_sba_address_decoder_addr_core_reg_reg[0]/EN
pin:pinaka/debug_module_instance/u_sba_address_decoder_addr_core_reg_reg[10]/EN
pin:pinaka/debug_module_instance/u_sba_address_decoder_addr_core_reg_reg[11]/EN
  ... 29 other warnings in this category.
 Use the -verbose option for more details.
-------------------------------------------------------------------------------

-------------------------------------------------------------------------------
Sequential clock pins with multiple clock waveforms

The following sequential clock pins have multiple clock waveforms from a single 
timing mode driving them.  Timing analysis will use all of the waveforms to     
determine the most pessimistic timing constraints.  The pin attribute           
'propagated_clocks' can be used to analyze which clocks are being used at each  
clock pin.                                                                      

pin:pinaka/clk_rst_bypass_top_instance/boot_controller_boot_controller_b_RC_CG_HIER_INST142/RC_CGIC_INST/CP
pin:pinaka/clk_rst_bypass_top_instance/boot_controller_boot_controller_b_clk_rst_ctrl_pulse_reg[0]/CP
pin:pinaka/clk_rst_bypass_top_instance/boot_controller_boot_controller_b_clk_rst_ctrl_pulse_reg[1]/CP
  ... 232 other warnings in this category.
 Use the -verbose option for more details.
-------------------------------------------------------------------------------

-------------------------------------------------------------------------------
Nets with multiple drivers

The following nets have multiple drivers and at least one of the drivers is     
non-tristate:                                                                   

hnet:pinaka/mmr_reg_prdata[0]
hnet:pinaka/mmr_reg_prdata[1]
hnet:pinaka/mmr_reg_prdata[22]
  ... 7 other warnings in this category.
 Use the -verbose option for more details.
-------------------------------------------------------------------------------


Lint summary
 Unconnected/logic driven clocks                                  0
 Sequential data pins driven by a clock signal                   20
 Sequential clock pins without clock waveform                    32
 Sequential clock pins with multiple clock waveforms            235
 Generated clocks without clock waveform                          0
 Generated clocks with incompatible options                       0
 Generated clocks with multi-master clock                         0
 Paths constrained with different clocks                          0
 Loop-breaking cells for combinational feedback                   0
 Nets with multiple drivers                                      10
 Timing exceptions with no effect                                 0
 Suspicious multi_cycle exceptions                                0
 Pins/ports with conflicting case constants                       0
 Inputs without clocked external delays                           0
 Outputs without clocked external delays                          0
 Inputs without external driver/transition                        0
 Outputs without external load                                    0
 Exceptions with invalid timing start-/endpoints                  0

                                                  Total:        297
