============================================================
  Generated by:           Genus(TM) Synthesis Solution 17.22-s017_1
  Generated on:           Mar 01 2023  09:38:28 pm
  Module:                 pinaka
  Operating conditions:   WCCOM (balanced_tree)
  Wireload mode:          segmented
  Area mode:              timing library
============================================================

Timing
--------

        Clock           Period   
---------------------------------
bclk                    135000.0 
core_clk                  2500.0 
ctrl_bypass_debug_clk     5000.0 
debug_clk                 5000.0 
memory_clk                2500.0 
pclk                      5000.0 
pll_clk                   2500.0 
rc_clk                20000000.0 
rx_baud_clk             135000.0 
TCK                     500000.0 
xtal_clk                 40000.0 


                 Cost                   Critical                 Violating 
                Group                  Path Slack      TNS         Paths   
---------------------------------------------------------------------------
bclk                                       3694.0           0.0          0 
cg_enable_group_bclk                       4297.6           0.0          0 
cg_enable_group_core_clk                      0.1           0.0          0 
cg_enable_group_ctrl_bypass_debug_clk      2386.5           0.0          0 
cg_enable_group_debug_clk                     1.5           0.0          0 
cg_enable_group_memory_clk                   40.5           0.0          0 
cg_enable_group_pclk                       1118.6           0.0          0 
cg_enable_group_pll_clk                      59.0           0.0          0 
cg_enable_group_rc_clk                 19992526.7           0.0          0 
cg_enable_group_rx_baud_clk              134128.5           0.0          0 
cg_enable_group_TCK                      498084.0           0.0          0 
core_clk                               -9995552.9   -10376614.2       1557 
ctrl_bypass_debug_clk                  -9990579.3    -9990579.3          1 
debug_clk                                     0.8           0.0          0 
default                                  No paths           0.0            
I2O                                          77.6           0.0          0 
I2R                                          58.1           0.0          0 
memory_clk                                    2.1           0.0          0 
pclk                                       1107.2           0.0          0 
pll_clk                                       0.2           0.0          0 
R2O                                          19.3           0.0          0 
rc_clk                                        0.0           0.0          0 
rx_baud_clk                                4404.3           0.0          0 
TCK                                        4144.5           0.0          0 
xtal_clk                                   1308.3           0.0          0 
---------------------------------------------------------------------------
Total                                               -20367193.5       1558 

Instance Count
--------------
Leaf Instance Count             69889 
Physical Instance count             0 
Sequential Instance Count       29233 
Combinational Instance Count    40656 
Hierarchical Instance Count       780 

Area
----
Cell Area                          395600.400
Physical Cell Area                 0.000
Total Cell Area (Cell+Physical)    395600.400
Net Area                           0.000
Total Area (Cell+Physical+Net)     395600.400

Max Fanout                         873 (core_clk)
Min Fanout                         0 (core_axi_awsize[0])
Average Fanout                     2.6
Terms to net ratio                 3.9260
Terms to instance ratio            4.0306
Runtime                            1840.918625 seconds
Elapsed Runtime                    1934 seconds
Genus peak memory usage            1548.25 
Innovus peak memory usage          no_value 
Hostname                           compute1-srv.nis.vivartan.com
